Archive member included to satisfy reference by file (symbol)

C:/ST/STM32CubeIDE_1.15.1/STM32CubeIDE/plugins/com.st.stm32cube.ide.mcu.externaltools.gnu-tools-for-stm32.12.3.rel1.win32_1.0.200.202406191623/tools/bin/../lib/gcc/arm-none-eabi/12.3.1/../../../../arm-none-eabi/lib/thumb/v7e-m+fp/hard\libc_nano.a(libc_a-exit.o)
                              C:/ST/STM32CubeIDE_1.15.1/STM32CubeIDE/plugins/com.st.stm32cube.ide.mcu.externaltools.gnu-tools-for-stm32.12.3.rel1.win32_1.0.200.202406191623/tools/bin/../lib/gcc/arm-none-eabi/12.3.1/../../../../arm-none-eabi/lib/thumb/v7e-m+fp/hard/crt0.o (exit)
C:/ST/STM32CubeIDE_1.15.1/STM32CubeIDE/plugins/com.st.stm32cube.ide.mcu.externaltools.gnu-tools-for-stm32.12.3.rel1.win32_1.0.200.202406191623/tools/bin/../lib/gcc/arm-none-eabi/12.3.1/../../../../arm-none-eabi/lib/thumb/v7e-m+fp/hard\libc_nano.a(libc_a-findfp.o)
                              C:/ST/STM32CubeIDE_1.15.1/STM32CubeIDE/plugins/com.st.stm32cube.ide.mcu.externaltools.gnu-tools-for-stm32.12.3.rel1.win32_1.0.200.202406191623/tools/bin/../lib/gcc/arm-none-eabi/12.3.1/../../../../arm-none-eabi/lib/thumb/v7e-m+fp/hard\libc_nano.a(libc_a-exit.o) (__stdio_exit_handler)
C:/ST/STM32CubeIDE_1.15.1/STM32CubeIDE/plugins/com.st.stm32cube.ide.mcu.externaltools.gnu-tools-for-stm32.12.3.rel1.win32_1.0.200.202406191623/tools/bin/../lib/gcc/arm-none-eabi/12.3.1/../../../../arm-none-eabi/lib/thumb/v7e-m+fp/hard\libc_nano.a(libc_a-fwalk.o)
                              C:/ST/STM32CubeIDE_1.15.1/STM32CubeIDE/plugins/com.st.stm32cube.ide.mcu.externaltools.gnu-tools-for-stm32.12.3.rel1.win32_1.0.200.202406191623/tools/bin/../lib/gcc/arm-none-eabi/12.3.1/../../../../arm-none-eabi/lib/thumb/v7e-m+fp/hard\libc_nano.a(libc_a-findfp.o) (_fwalk_sglue)
C:/ST/STM32CubeIDE_1.15.1/STM32CubeIDE/plugins/com.st.stm32cube.ide.mcu.externaltools.gnu-tools-for-stm32.12.3.rel1.win32_1.0.200.202406191623/tools/bin/../lib/gcc/arm-none-eabi/12.3.1/../../../../arm-none-eabi/lib/thumb/v7e-m+fp/hard\libc_nano.a(libc_a-stdio.o)
                              C:/ST/STM32CubeIDE_1.15.1/STM32CubeIDE/plugins/com.st.stm32cube.ide.mcu.externaltools.gnu-tools-for-stm32.12.3.rel1.win32_1.0.200.202406191623/tools/bin/../lib/gcc/arm-none-eabi/12.3.1/../../../../arm-none-eabi/lib/thumb/v7e-m+fp/hard\libc_nano.a(libc_a-findfp.o) (__sread)
C:/ST/STM32CubeIDE_1.15.1/STM32CubeIDE/plugins/com.st.stm32cube.ide.mcu.externaltools.gnu-tools-for-stm32.12.3.rel1.win32_1.0.200.202406191623/tools/bin/../lib/gcc/arm-none-eabi/12.3.1/../../../../arm-none-eabi/lib/thumb/v7e-m+fp/hard\libc_nano.a(libc_a-memset.o)
                              C:/ST/STM32CubeIDE_1.15.1/STM32CubeIDE/plugins/com.st.stm32cube.ide.mcu.externaltools.gnu-tools-for-stm32.12.3.rel1.win32_1.0.200.202406191623/tools/bin/../lib/gcc/arm-none-eabi/12.3.1/../../../../arm-none-eabi/lib/thumb/v7e-m+fp/hard/crt0.o (memset)
C:/ST/STM32CubeIDE_1.15.1/STM32CubeIDE/plugins/com.st.stm32cube.ide.mcu.externaltools.gnu-tools-for-stm32.12.3.rel1.win32_1.0.200.202406191623/tools/bin/../lib/gcc/arm-none-eabi/12.3.1/../../../../arm-none-eabi/lib/thumb/v7e-m+fp/hard\libc_nano.a(libc_a-closer.o)
                              C:/ST/STM32CubeIDE_1.15.1/STM32CubeIDE/plugins/com.st.stm32cube.ide.mcu.externaltools.gnu-tools-for-stm32.12.3.rel1.win32_1.0.200.202406191623/tools/bin/../lib/gcc/arm-none-eabi/12.3.1/../../../../arm-none-eabi/lib/thumb/v7e-m+fp/hard\libc_nano.a(libc_a-stdio.o) (_close_r)
C:/ST/STM32CubeIDE_1.15.1/STM32CubeIDE/plugins/com.st.stm32cube.ide.mcu.externaltools.gnu-tools-for-stm32.12.3.rel1.win32_1.0.200.202406191623/tools/bin/../lib/gcc/arm-none-eabi/12.3.1/../../../../arm-none-eabi/lib/thumb/v7e-m+fp/hard\libc_nano.a(libc_a-reent.o)
                              C:/ST/STM32CubeIDE_1.15.1/STM32CubeIDE/plugins/com.st.stm32cube.ide.mcu.externaltools.gnu-tools-for-stm32.12.3.rel1.win32_1.0.200.202406191623/tools/bin/../lib/gcc/arm-none-eabi/12.3.1/../../../../arm-none-eabi/lib/thumb/v7e-m+fp/hard\libc_nano.a(libc_a-closer.o) (errno)
C:/ST/STM32CubeIDE_1.15.1/STM32CubeIDE/plugins/com.st.stm32cube.ide.mcu.externaltools.gnu-tools-for-stm32.12.3.rel1.win32_1.0.200.202406191623/tools/bin/../lib/gcc/arm-none-eabi/12.3.1/../../../../arm-none-eabi/lib/thumb/v7e-m+fp/hard\libc_nano.a(libc_a-impure.o)
                              C:/ST/STM32CubeIDE_1.15.1/STM32CubeIDE/plugins/com.st.stm32cube.ide.mcu.externaltools.gnu-tools-for-stm32.12.3.rel1.win32_1.0.200.202406191623/tools/bin/../lib/gcc/arm-none-eabi/12.3.1/../../../../arm-none-eabi/lib/thumb/v7e-m+fp/hard\libc_nano.a(libc_a-reent.o) (_impure_ptr)
C:/ST/STM32CubeIDE_1.15.1/STM32CubeIDE/plugins/com.st.stm32cube.ide.mcu.externaltools.gnu-tools-for-stm32.12.3.rel1.win32_1.0.200.202406191623/tools/bin/../lib/gcc/arm-none-eabi/12.3.1/../../../../arm-none-eabi/lib/thumb/v7e-m+fp/hard\libc_nano.a(libc_a-lseekr.o)
[...]
Memory Configuration

Name             Origin             Length             Attributes
RAM              0x20000000         0x00008000         xrw
FLASH            0x08000000         0x00040000         xr
*default*        0x00000000         0xffffffff

Linker script and memory map

LOAD C:/ST/STM32CubeIDE_1.15.1/STM32CubeIDE/plugins/com.st.stm32cube.ide.mcu.externaltools.gnu-tools-for-stm32.12.3.rel1.win32_1.0.200.202406191623/tools/bin/../lib/gcc/arm-none-eabi/12.3.1/thumb/v7e-m+fp/hard/crti.o
LOAD C:/ST/STM32CubeIDE_1.15.1/STM32CubeIDE/plugins/com.st.stm32cube.ide.mcu.externaltools.gnu-tools-for-stm32.12.3.rel1.win32_1.0.200.202406191623/tools/bin/../lib/gcc/arm-none-eabi/12.3.1/thumb/v7e-m+fp/hard/crtbegin.o
LOAD C:/ST/STM32CubeIDE_1.15.1/STM32CubeIDE/plugins/com.st.stm32cube.ide.mcu.externaltools.gnu-tools-for-stm32.12.3.rel1.win32_1.0.200.202406191623/tools/bin/../lib/gcc/arm-none-eabi/12.3.1/../../../../arm-none-eabi/lib/thumb/v7e-m+fp/hard/crt0.o
LOAD ./Core/Src/MIDI.o
LOAD ./Core/Src/MidiHandlers.o
LOAD ./Core/Src/dac.o
LOAD ./Core/Src/main.o
LOAD ./Core/Src/mcp4728_mod.o
LOAD ./Core/Src/stm32f3xx_hal_msp.o
LOAD ./Core/Src/stm32f3xx_it.o
LOAD ./Core/Src/syscalls.o
LOAD ./Core/Src/sysmem.o
LOAD ./Core/Src/system_stm32f3xx.o
LOAD ./Core/Startup/startup_stm32f373cctx.o
LOAD ./Drivers/STM32F3xx_HAL_Driver/Src/stm32f3xx_hal.o
LOAD ./Drivers/STM32F3xx_HAL_Driver/Src/stm32f3xx_hal_cortex.o
LOAD ./Drivers/STM32F3xx_HAL_Driver/Src/stm32f3xx_hal_dac.o
LOAD ./Drivers/STM32F3xx_HAL_Driver/Src/stm32f3xx_hal_dac_ex.o
LOAD ./Drivers/STM32F3xx_HAL_Driver/Src/stm32f3xx_hal_dma.o
LOAD ./Drivers/STM32F3xx_HAL_Driver/Src/stm32f3xx_hal_exti.o
LOAD ./Drivers/STM32F3xx_HAL_Driver/Src/stm32f3xx_hal_flash.o
LOAD ./Drivers/STM32F3xx_HAL_Driver/Src/stm32f3xx_hal_flash_ex.o
LOAD ./Drivers/STM32F3xx_HAL_Driver/Src/stm32f3xx_hal_gpio.o
LOAD ./Drivers/STM32F3xx_HAL_Driver/Src/stm32f3xx_hal_i2c.o
LOAD ./Drivers/STM32F3xx_HAL_Driver/Src/stm32f3xx_hal_i2c_ex.o
LOAD ./Drivers/STM32F3xx_HAL_Driver/Src/stm32f3xx_hal_pwr.o
LOAD ./Drivers/STM32F3xx_HAL_Driver/Src/stm32f3xx_hal_pwr_ex.o
LOAD ./Drivers/STM32F3xx_HAL_Driver/Src/stm32f3xx_hal_rcc.o
LOAD ./Drivers/STM32F3xx_HAL_Driver/Src/stm32f3xx_hal_rcc_ex.o
LOAD ./Drivers/STM32F3xx_HAL_Driver/Src/stm32f3xx_hal_spi.o
LOAD ./Drivers/STM32F3xx_HAL_Driver/Src/stm32f3xx_hal_spi_ex.o
LOAD ./Drivers/STM32F3xx_HAL_Driver/Src/stm32f3xx_hal_tim.o
LOAD ./Drivers/STM32F3xx_HAL_Driver/Src/stm32f3xx_hal_tim_ex.o
LOAD ./Drivers/STM32F3xx_HAL_Driver/Src/stm32f3xx_hal_uart.o
LOAD ./Drivers/STM32F3xx_HAL_Driver/Src/stm32f3xx_hal_uart_ex.o
START GROUP
LOAD C:/ST/STM32CubeIDE_1.15.1/STM32CubeIDE/plugins/com.st.stm32cube.ide.mcu.externaltools.gnu-tools-for-stm32.12.3.rel1.win32_1.0.200.202406191623/tools/bin/../lib/gcc/arm-none-eabi/12.3.1/../../../../arm-none-eabi/lib/thumb/v7e-m+fp/hard\libstdc++_nano.a
LOAD C:/ST/STM32CubeIDE_1.15.1/STM32CubeIDE/plugins/com.st.stm32cube.ide.mcu.externaltools.gnu-tools-for-stm32.12.3.rel1.win32_1.0.200.202406191623/tools/bin/../lib/gcc/arm-none-eabi/12.3.1/../../../../arm-none-eabi/lib/thumb/v7e-m+fp/hard\libsupc++_nano.a
END GROUP
LOAD C:/ST/STM32CubeIDE_1.15.1/STM32CubeIDE/plugins/com.st.stm32cube.ide.mcu.externaltools.gnu-tools-for-stm32.12.3.rel1.win32_1.0.200.202406191623/tools/bin/../lib/gcc/arm-none-eabi/12.3.1/../../../../arm-none-eabi/lib/thumb/v7e-m+fp/hard\libstdc++_nano.a
LOAD C:/ST/STM32CubeIDE_1.15.1/STM32CubeIDE/plugins/com.st.stm32cube.ide.mcu.externaltools.gnu-tools-for-stm32.12.3.rel1.win32_1.0.200.202406191623/tools/bin/../lib/gcc/arm-none-eabi/12.3.1/../../../../arm-none-eabi/lib/thumb/v7e-m+fp/hard\libm.a
LOAD C:/ST/STM32CubeIDE_1.15.1/STM32CubeIDE/plugins/com.st.stm32cube.ide.mcu.externaltools.gnu-tools-for-stm32.12.3.rel1.win32_1.0.200.202406191623/tools/bin/../lib/gcc/arm-none-eabi/12.3.1/../../../../arm-none-eabi/lib/thumb/v7e-m+fp/hard\libc_nano.a
START GROUP
LOAD C:/ST/STM32CubeIDE_1.15.1/STM32CubeIDE/plugins/com.st.stm32cube.ide.mcu.externaltools.gnu-tools-for-stm32.12.3.rel1.win32_1.0.200.202406191623/tools/bin/../lib/gcc/arm-none-eabi/12.3.1/thumb/v7e-m+fp/hard\libgcc.a
LOAD C:/ST/STM32CubeIDE_1.15.1/STM32CubeIDE/plugins/com.st.stm32cube.ide.mcu.externaltools.gnu-tools-for-stm32.12.3.rel1.win32_1.0.200.202406191623/tools/bin/../lib/gcc/arm-none-eabi/12.3.1/../../../../arm-none-eabi/lib/thumb/v7e-m+fp/hard\libc_nano.a
END GROUP
START GROUP
LOAD C:/ST/STM32CubeIDE_1.15.1/STM32CubeIDE/plugins/com.st.stm32cube.ide.mcu.externaltools.gnu-tools-for-stm32.12.3.rel1.win32_1.0.200.202406191623/tools/bin/../lib/gcc/arm-none-eabi/12.3.1/thumb/v7e-m+fp/hard\libgcc.a
LOAD C:/ST/STM32CubeIDE_1.15.1/STM32CubeIDE/plugins/com.st.stm32cube.ide.mcu.externaltools.gnu-tools-for-stm32.12.3.rel1.win32_1.0.200.202406191623/tools/bin/../lib/gcc/arm-none-eabi/12.3.1/../../../../arm-none-eabi/lib/thumb/v7e-m+fp/hard\libc_nano.a
LOAD C:/ST/STM32CubeIDE_1.15.1/STM32CubeIDE/plugins/com.st.stm32cube.ide.mcu.externaltools.gnu-tools-for-stm32.12.3.rel1.win32_1.0.200.202406191623/tools/bin/../lib/gcc/arm-none-eabi/12.3.1/../../../../arm-none-eabi/lib/thumb/v7e-m+fp/hard\libnosys.a
END GROUP
START GROUP
LOAD C:/ST/STM32CubeIDE_1.15.1/STM32CubeIDE/plugins/com.st.stm32cube.ide.mcu.externaltools.gnu-tools-for-stm32.12.3.rel1.win32_1.0.200.202406191623/tools/bin/../lib/gcc/arm-none-eabi/12.3.1/thumb/v7e-m+fp/hard\libgcc.a
LOAD C:/ST/STM32CubeIDE_1.15.1/STM32CubeIDE/plugins/com.st.stm32cube.ide.mcu.externaltools.gnu-tools-for-stm32.12.3.rel1.win32_1.0.200.202406191623/tools/bin/../lib/gcc/arm-none-eabi/12.3.1/../../../../arm-none-eabi/lib/thumb/v7e-m+fp/hard\libc_nano.a
LOAD C:/ST/STM32CubeIDE_1.15.1/STM32CubeIDE/plugins/com.st.stm32cube.ide.mcu.externaltools.gnu-tools-for-stm32.12.3.rel1.win32_1.0.200.202406191623/tools/bin/../lib/gcc/arm-none-eabi/12.3.1/../../../../arm-none-eabi/lib/thumb/v7e-m+fp/hard\libnosys.a
END GROUP
LOAD C:/ST/STM32CubeIDE_1.15.1/STM32CubeIDE/plugins/com.st.stm32cube.ide.mcu.externaltools.gnu-tools-for-stm32.12.3.rel1.win32_1.0.200.202406191623/tools/bin/../lib/gcc/arm-none-eabi/12.3.1/thumb/v7e-m+fp/hard/crtend.o
LOAD C:/ST/STM32CubeIDE_1.15.1/STM32CubeIDE/plugins/com.st.stm32cube.ide.mcu.externaltools.gnu-tools-for-stm32.12.3.rel1.win32_1.0.200.202406191623/tools/bin/../lib/gcc/arm-none-eabi/12.3.1/thumb/v7e-m+fp/hard/crtn.o
                0x20008000                        _estack = (ORIGIN (RAM) + LENGTH (RAM))
                0x00000200                        _Min_Heap_Size = 0x200
                0x00000400                        _Min_Stack_Size = 0x400

.isr_vector     0x08000000      0x188
                0x08000000                        . = ALIGN (0x4)
 *(.isr_vector)
 .isr_vector    0x08000000      0x188 ./Core/Startup/startup_stm32f373cctx.o
                0x08000000                g_pfnVectors
                0x08000188                        . = ALIGN (0x4)

.text           0x08000188     0x670c
                0x08000188                        . = ALIGN (0x4)
 *(.text)
 .text          0x08000188       0x40 C:/ST/STM32CubeIDE_1.15.1/STM32CubeIDE/plugins/com.st.stm32cube.ide.mcu.externaltools.gnu-tools-for-stm32.12.3.rel1.win32_1.0.200.202406191623/tools/bin/../lib/gcc/arm-none-eabi/12.3.1/thumb/v7e-m+fp/hard/crtbegin.o
 .text          0x080001c8      0x378 C:/ST/STM32CubeIDE_1.15.1/STM32CubeIDE/plugins/com.st.stm32cube.ide.mcu.externaltools.gnu-tools-for-stm32.12.3.rel1.win32_1.0.200.202406191623/tools/bin/../lib/gcc/arm-none-eabi/12.3.1/thumb/v7e-m+fp/hard\libgcc.a(_arm_addsubdf3.o)
                0x080001c8                __aeabi_drsub
                0x080001d0                __aeabi_dsub
                0x080001d0                __subdf3
                0x080001d4                __aeabi_dadd
                0x080001d4                __adddf3
                0x0800044c                __floatunsidf
                0x0800044c                __aeabi_ui2d
                0x0800046c                __floatsidf
                0x0800046c                __aeabi_i2d
                0x08000490                __aeabi_f2d
                0x08000490                __extendsfdf2
                0x080004d4                __floatundidf
                0x080004d4                __aeabi_ul2d
                0x080004e4                __floatdidf
                0x080004e4                __aeabi_l2d
 .text          0x08000540      0x424 C:/ST/STM32CubeIDE_1.15.1/STM32CubeIDE/plugins/com.st.stm32cube.ide.mcu.externaltools.gnu-tools-for-stm32.12.3.rel1.win32_1.0.200.202406191623/tools/bin/../lib/gcc/arm-none-eabi/12.3.1/thumb/v7e-m+fp/hard\libgcc.a(_arm_muldivdf3.o)
                0x08000540                __aeabi_dmul
                0x08000540                __muldf3
                0x08000794                __divdf3
                0x08000794                __aeabi_ddiv
 .text          0x08000964       0x40 C:/ST/STM32CubeIDE_1.15.1/STM32CubeIDE/plugins/com.st.stm32cube.ide.mcu.externaltools.gnu-tools-for-stm32.12.3.rel1.win32_1.0.200.202406191623/tools/bin/../lib/gcc/arm-none-eabi/12.3.1/thumb/v7e-m+fp/hard\libgcc.a(_arm_fixunsdfsi.o)
                0x08000964                __aeabi_d2uiz
                0x08000964                __fixunsdfsi
 *(.text*)
 .text._ZN8mMessage12getSysExSizeEv
                0x080009a4       0x30 ./Core/Src/MIDI.o
                0x080009a4                mMessage::getSysExSize()
 .text._ZN9mSettingsC2Ev
                0x080009d4       0x28 ./Core/Src/MIDI.o
                0x080009d4                mSettings::mSettings()
                0x080009d4                mSettings::mSettings()
 .text._ZN8mMessageC2Ev
                0x080009fc       0x34 ./Core/Src/MIDI.o
                0x080009fc                mMessage::mMessage()
                0x080009fc                mMessage::mMessage()
 .text._ZN13MidiInterfaceC2Ev
                0x08000a30      0x170 ./Core/Src/MIDI.o
                0x08000a30                MidiInterface::MidiInterface()
                0x08000a30                MidiInterface::MidiInterface()
 .text._ZN13MidiInterfaceD2Ev
                0x08000ba0       0x16 ./Core/Src/MIDI.o
                0x08000ba0                MidiInterface::~MidiInterface()
                0x08000ba0                MidiInterface::~MidiInterface()
 .text._ZN13MidiInterface5beginEhP20__UART_HandleTypeDefS1_
                0x08000bb6       0x40 ./Core/Src/MIDI.o
                0x08000bb6                MidiInterface::begin(unsigned char, __UART_HandleTypeDef*, __UART_HandleTypeDef*)
 .text._ZN13MidiInterface4sendE8MidiTypehhh
                0x08000bf6       0xe6 ./Core/Src/MIDI.o
                0x08000bf6                MidiInterface::send(MidiType, unsigned char, unsigned char, unsigned char)
 .text._ZN13MidiInterface9sendSysExEhPhb
                0x08000cdc       0x7e ./Core/Src/MIDI.o
                0x08000cdc                MidiInterface::sendSysEx(unsigned char, unsigned char*, bool)
 .text._ZN13MidiInterface24sendTimeCodeQuarterFrameEhh
                0x08000d5a       0x3e ./Core/Src/MIDI.o
                0x08000d5a                MidiInterface::sendTimeCodeQuarterFrame(unsigned char, unsigned char)
 .text._ZN13MidiInterface24sendTimeCodeQuarterFrameEh
                0x08000d98       0x44 ./Core/Src/MIDI.o
                0x08000d98                MidiInterface::sendTimeCodeQuarterFrame(unsigned char)
 .text._ZN13MidiInterface16sendSongPositionEj
                0x08000ddc       0x62 ./Core/Src/MIDI.o
                0x08000ddc                MidiInterface::sendSongPosition(unsigned int)
 .text._ZN13MidiInterface14sendSongSelectEh
                0x08000e3e       0x4a ./Core/Src/MIDI.o
                0x08000e3e                MidiInterface::sendSongSelect(unsigned char)
 .text._ZN13MidiInterface12sendRealTimeE8MidiType
                0x08000e88       0x54 ./Core/Src/MIDI.o
                0x08000e88                MidiInterface::sendRealTime(MidiType)
 .text._ZN13MidiInterface9getStatusE8MidiTypeh
                0x08000edc       0x34 ./Core/Src/MIDI.o
                0x08000edc                MidiInterface::getStatus(MidiType, unsigned char)
 .text._ZN13MidiInterface4readEv
                0x08000f10       0x20 ./Core/Src/MIDI.o
                0x08000f10                MidiInterface::read()
 .text._ZN13MidiInterface4readEh
                0x08000f30       0x60 ./Core/Src/MIDI.o
                0x08000f30                MidiInterface::read(unsigned char)
 .text._ZN13MidiInterface5parseEv
                0x08000f90      0x488 ./Core/Src/MIDI.o
                0x08000f90                MidiInterface::parse()
 .text._ZN13MidiInterface33handleNullVelocityNoteOnAsNoteOffEv
                0x08001418       0x44 ./Core/Src/MIDI.o
                0x08001418                MidiInterface::handleNullVelocityNoteOnAsNoteOff()
 .text._ZN13MidiInterface11inputFilterEh
                0x0800145c       0x4a ./Core/Src/MIDI.o
                0x0800145c                MidiInterface::inputFilter(unsigned char)
 .text._ZN13MidiInterface10resetInputEv
                0x080014a6       0x2c ./Core/Src/MIDI.o
                0x080014a6                MidiInterface::resetInput()
 .text._ZN13MidiInterface7getTypeEv
                0x080014d2       0x1a ./Core/Src/MIDI.o
                0x080014d2                MidiInterface::getType()
 .text._ZN13MidiInterface8getData2Ev
                0x080014ec       0x1a ./Core/Src/MIDI.o
                0x080014ec                MidiInterface::getData2()
 .text._ZN13MidiInterface13getSysExArrayEv
                0x08001506       0x1a ./Core/Src/MIDI.o
                0x08001506                MidiInterface::getSysExArray()
 .text._ZN13MidiInterface19getSysExArrayLengthEv
                0x08001520       0x1e ./Core/Src/MIDI.o
                0x08001520                MidiInterface::getSysExArrayLength()
 .text._ZN13MidiInterface21getTypeFromStatusByteEh
                0x0800153e       0x4c ./Core/Src/MIDI.o
                0x0800153e                MidiInterface::getTypeFromStatusByte(unsigned char)
 .text._ZN13MidiInterface24getChannelFromStatusByteEh
                0x0800158a       0x22 ./Core/Src/MIDI.o
                0x0800158a                MidiInterface::getChannelFromStatusByte(unsigned char)
 .text._ZN13MidiInterface16isChannelMessageE8MidiType
                0x080015ac       0x46 ./Core/Src/MIDI.o
                0x080015ac                MidiInterface::isChannelMessage(MidiType)
 .text._ZN13MidiInterface16setHandleNoteOffEPFvhhhE
                0x080015f2       0x1c ./Core/Src/MIDI.o
                0x080015f2                MidiInterface::setHandleNoteOff(void (*)(unsigned char, unsigned char, unsigned char))
 .text._ZN13MidiInterface15setHandleNoteOnEPFvhhhE
                0x0800160e       0x1c ./Core/Src/MIDI.o
                0x0800160e                MidiInterface::setHandleNoteOn(void (*)(unsigned char, unsigned char, unsigned char))
 .text._ZN13MidiInterface22setHandleControlChangeEPFvhhhE
                0x0800162a       0x1c ./Core/Src/MIDI.o
                0x0800162a                MidiInterface::setHandleControlChange(void (*)(unsigned char, unsigned char, unsigned char))
 .text._ZN13MidiInterface14setHandleClockEPFvvE
                0x08001646       0x1c ./Core/Src/MIDI.o
                0x08001646                MidiInterface::setHandleClock(void (*)())
 .text._ZN13MidiInterface14setHandleStartEPFvvE
                0x08001662       0x1c ./Core/Src/MIDI.o
                0x08001662                MidiInterface::setHandleStart(void (*)())
 .text._ZN13MidiInterface13setHandleStopEPFvvE
                0x0800167e       0x1c ./Core/Src/MIDI.o
                0x0800167e                MidiInterface::setHandleStop(void (*)())
 *fill*         0x0800169a        0x2 
 .text._ZN13MidiInterface14launchCallbackEv
                0x0800169c      0x470 ./Core/Src/MIDI.o
                0x0800169c                MidiInterface::launchCallback()
 .text._ZN13MidiInterface10thruFilterEh
                0x08001b0c      0x1e4 ./Core/Src/MIDI.o
                0x08001b0c                MidiInterface::thruFilter(unsigned char)
 .text._Z12Handle_Clockv
                0x08001cf0       0x34 ./Core/Src/MidiHandlers.o
                0x08001cf0                Handle_Clock()
 .text._Z12Handle_Startv
                0x08001d24       0x18 ./Core/Src/MidiHandlers.o
                0x08001d24                Handle_Start()
 .text._Z11Handle_Stopv
                0x08001d3c        0xe ./Core/Src/MidiHandlers.o
                0x08001d3c                Handle_Stop()
 *fill*         0x08001d4a        0x2 
 .text.main     0x08001d4c       0xc4 ./Core/Src/main.o
                0x08001d4c                main
 .text._Z18SystemClock_Configv
                0x08001e10       0xda ./Core/Src/main.o
                0x08001e10                SystemClock_Config()
 *fill*         0x08001eea        0x2 
 .text._ZL12MX_DAC1_Initv
                0x08001eec       0x88 ./Core/Src/main.o
 .text._ZL12MX_DAC2_Initv
                0x08001f74       0x68 ./Core/Src/main.o
 .text._ZL12MX_I2C1_Initv
                0x08001fdc       0x9c ./Core/Src/main.o
 .text._ZL12MX_SPI2_Initv
                0x08002078       0x84 ./Core/Src/main.o
 .text._ZL19MX_USART1_UART_Initv
                0x080020fc       0x68 ./Core/Src/main.o
 .text._ZL12MX_GPIO_Initv
                0x08002164      0x120 ./Core/Src/main.o
 *fill*         0x08002284        0x4 
 .text._Z13Handle_NoteOnhhh
                0x08002288      0x148 ./Core/Src/main.o
                0x08002288                Handle_NoteOn(unsigned char, unsigned char, unsigned char)
 .text._Z14Handle_NoteOffhhh
                0x080023d0       0x58 ./Core/Src/main.o
                0x080023d0                Handle_NoteOff(unsigned char, unsigned char, unsigned char)
 .text._Z9Handle_CChhh
                0x08002428       0x74 ./Core/Src/main.o
                0x08002428                Handle_CC(unsigned char, unsigned char, unsigned char)
 .text.Error_Handler
                0x0800249c        0xc ./Core/Src/main.o
                0x0800249c                Error_Handler
 .text._Z41__static_initialization_and_destruction_0ii
                0x080024a8       0x44 ./Core/Src/main.o
 .text._GLOBAL__sub_I_hdac1
                0x080024ec       0x10 ./Core/Src/main.o
 .text._GLOBAL__sub_D_hdac1
                0x080024fc       0x10 ./Core/Src/main.o
 .text.dac_init
                0x0800250c       0x5e ./Core/Src/mcp4728_mod.o
                0x0800250c                dac_init
 .text.mcp4728_generalCall
                0x0800256a       0x28 ./Core/Src/mcp4728_mod.o
                0x0800256a                mcp4728_generalCall
 .text.DACx60FW
                0x08002592       0x8e ./Core/Src/mcp4728_mod.o
                0x08002592                DACx60FW
 .text.HAL_MspInit
                0x08002620       0x48 ./Core/Src/stm32f3xx_hal_msp.o
                0x08002620                HAL_MspInit
 .text.HAL_DAC_MspInit
                0x08002668       0xd8 ./Core/Src/stm32f3xx_hal_msp.o
                0x08002668                HAL_DAC_MspInit
 .text.HAL_I2C_MspInit
                0x08002740       0x88 ./Core/Src/stm32f3xx_hal_msp.o
                0x08002740                HAL_I2C_MspInit
 .text.HAL_SPI_MspInit
                0x080027c8       0xd8 ./Core/Src/stm32f3xx_hal_msp.o
                0x080027c8                HAL_SPI_MspInit
 .text.HAL_UART_MspInit
                0x080028a0       0x98 ./Core/Src/stm32f3xx_hal_msp.o
                0x080028a0                HAL_UART_MspInit
 .text.NMI_Handler
                0x08002938        0x8 ./Core/Src/stm32f3xx_it.o
                0x08002938                NMI_Handler
 .text.HardFault_Handler
                0x08002940        0x8 ./Core/Src/stm32f3xx_it.o
                0x08002940                HardFault_Handler
 .text.MemManage_Handler
                0x08002948        0x8 ./Core/Src/stm32f3xx_it.o
                0x08002948                MemManage_Handler
 .text.BusFault_Handler
                0x08002950        0x8 ./Core/Src/stm32f3xx_it.o
                0x08002950                BusFault_Handler
 .text.UsageFault_Handler
                0x08002958        0x8 ./Core/Src/stm32f3xx_it.o
                0x08002958                UsageFault_Handler
 .text.SVC_Handler
                0x08002960        0xe ./Core/Src/stm32f3xx_it.o
                0x08002960                SVC_Handler
 .text.DebugMon_Handler
                0x0800296e        0xe ./Core/Src/stm32f3xx_it.o
                0x0800296e                DebugMon_Handler
 .text.PendSV_Handler
                0x0800297c        0xe ./Core/Src/stm32f3xx_it.o
                0x0800297c                PendSV_Handler
 .text.SysTick_Handler
                0x0800298a        0xc ./Core/Src/stm32f3xx_it.o
                0x0800298a                SysTick_Handler
 *fill*         0x08002996        0x2 
 .text.SPI2_IRQHandler
                0x08002998       0x14 ./Core/Src/stm32f3xx_it.o
                0x08002998                SPI2_IRQHandler
 .text.USART1_IRQHandler
                0x080029ac       0x14 ./Core/Src/stm32f3xx_it.o
                0x080029ac                USART1_IRQHandler
 .text.SystemInit
                0x080029c0       0x24 ./Core/Src/system_stm32f3xx.o
                0x080029c0                SystemInit
 .text.Reset_Handler
                0x080029e4       0x50 ./Core/Startup/startup_stm32f373cctx.o
                0x080029e4                Reset_Handler
 .text.Default_Handler
                0x08002a34        0x2 ./Core/Startup/startup_stm32f373cctx.o
                0x08002a34                RTC_Alarm_IRQHandler
                0x08002a34                USB_HP_IRQHandler
                0x08002a34                PVD_IRQHandler
                0x08002a34                TAMP_STAMP_IRQHandler
                0x08002a34                EXTI3_IRQHandler
                0x08002a34                EXTI0_IRQHandler
                0x08002a34                I2C2_EV_IRQHandler
                0x08002a34                FPU_IRQHandler
                0x08002a34                CAN_TX_IRQHandler
                0x08002a34                SPI1_IRQHandler
                0x08002a34                CAN_SCE_IRQHandler
                0x08002a34                DMA2_Channel2_IRQHandler
                0x08002a34                DMA1_Channel4_IRQHandler
                0x08002a34                ADC1_IRQHandler
                0x08002a34                TIM17_IRQHandler
                0x08002a34                USART3_IRQHandler
                0x08002a34                DMA1_Channel7_IRQHandler
                0x08002a34                TIM4_IRQHandler
                0x08002a34                CAN_RX1_IRQHandler
                0x08002a34                DMA2_Channel1_IRQHandler
                0x08002a34                I2C1_EV_IRQHandler
                0x08002a34                DMA1_Channel6_IRQHandler
                0x08002a34                TIM16_IRQHandler
                0x08002a34                DMA2_Channel4_IRQHandler
                0x08002a34                TIM3_IRQHandler
                0x08002a34                RCC_IRQHandler
                0x08002a34                DMA1_Channel1_IRQHandler
                0x08002a34                Default_Handler
                0x08002a34                CEC_IRQHandler
                0x08002a34                EXTI15_10_IRQHandler
                0x08002a34                TIM14_IRQHandler
                0x08002a34                TIM13_IRQHandler
                0x08002a34                TIM12_IRQHandler
                0x08002a34                TIM7_IRQHandler
                0x08002a34                TIM5_IRQHandler
                0x08002a34                SDADC2_IRQHandler
                0x08002a34                TIM15_IRQHandler
                0x08002a34                TIM6_DAC1_IRQHandler
                0x08002a34                EXTI9_5_IRQHandler
                0x08002a34                RTC_WKUP_IRQHandler
                0x08002a34                DMA2_Channel5_IRQHandler
                0x08002a34                DMA1_Channel5_IRQHandler
                0x08002a34                USB_LP_IRQHandler
                0x08002a34                EXTI4_IRQHandler
                0x08002a34                TIM18_DAC2_IRQHandler
                0x08002a34                DMA1_Channel3_IRQHandler
                0x08002a34                COMP_IRQHandler
                0x08002a34                WWDG_IRQHandler
                0x08002a34                SDADC1_IRQHandler
                0x08002a34                TIM2_IRQHandler
                0x08002a34                EXTI1_IRQHandler
                0x08002a34                SDADC3_IRQHandler
                0x08002a34                USART2_IRQHandler
                0x08002a34                TIM19_IRQHandler
                0x08002a34                I2C2_ER_IRQHandler
                0x08002a34                DMA1_Channel2_IRQHandler
                0x08002a34                FLASH_IRQHandler
                0x08002a34                SPI3_IRQHandler
                0x08002a34                CAN_RX0_IRQHandler
                0x08002a34                I2C1_ER_IRQHandler
                0x08002a34                USBWakeUp_IRQHandler
                0x08002a34                DMA2_Channel3_IRQHandler
                0x08002a34                EXTI2_TSC_IRQHandler
 *fill*         0x08002a36        0x2 
 .text.HAL_Init
                0x08002a38       0x2c ./Drivers/STM32F3xx_HAL_Driver/Src/stm32f3xx_hal.o
                0x08002a38                HAL_Init
 .text.HAL_InitTick
                0x08002a64       0x60 ./Drivers/STM32F3xx_HAL_Driver/Src/stm32f3xx_hal.o
                0x08002a64                HAL_InitTick
 .text.HAL_IncTick
                0x08002ac4       0x28 ./Drivers/STM32F3xx_HAL_Driver/Src/stm32f3xx_hal.o
                0x08002ac4                HAL_IncTick
 .text.HAL_GetTick
                0x08002aec       0x18 ./Drivers/STM32F3xx_HAL_Driver/Src/stm32f3xx_hal.o
                0x08002aec                HAL_GetTick
 .text.__NVIC_SetPriorityGrouping
                0x08002b04       0x48 ./Drivers/STM32F3xx_HAL_Driver/Src/stm32f3xx_hal_cortex.o
 .text.__NVIC_GetPriorityGrouping
                0x08002b4c       0x1c ./Drivers/STM32F3xx_HAL_Driver/Src/stm32f3xx_hal_cortex.o
 .text.__NVIC_EnableIRQ
                0x08002b68       0x3c ./Drivers/STM32F3xx_HAL_Driver/Src/stm32f3xx_hal_cortex.o
 .text.__NVIC_SetPriority
                0x08002ba4       0x54 ./Drivers/STM32F3xx_HAL_Driver/Src/stm32f3xx_hal_cortex.o
 .text.NVIC_EncodePriority
                0x08002bf8       0x66 ./Drivers/STM32F3xx_HAL_Driver/Src/stm32f3xx_hal_cortex.o
 *fill*         0x08002c5e        0x2 
 .text.SysTick_Config
                0x08002c60       0x44 ./Drivers/STM32F3xx_HAL_Driver/Src/stm32f3xx_hal_cortex.o
 .text.HAL_NVIC_SetPriorityGrouping
                0x08002ca4       0x16 ./Drivers/STM32F3xx_HAL_Driver/Src/stm32f3xx_hal_cortex.o
                0x08002ca4                HAL_NVIC_SetPriorityGrouping
 .text.HAL_NVIC_SetPriority
                0x08002cba       0x38 ./Drivers/STM32F3xx_HAL_Driver/Src/stm32f3xx_hal_cortex.o
                0x08002cba                HAL_NVIC_SetPriority
 .text.HAL_NVIC_EnableIRQ
                0x08002cf2       0x1c ./Drivers/STM32F3xx_HAL_Driver/Src/stm32f3xx_hal_cortex.o
                0x08002cf2                HAL_NVIC_EnableIRQ
 .text.HAL_SYSTICK_Config
                0x08002d0e       0x18 ./Drivers/STM32F3xx_HAL_Driver/Src/stm32f3xx_hal_cortex.o
                0x08002d0e                HAL_SYSTICK_Config
 .text.HAL_DAC_Init
                0x08002d26       0x44 ./Drivers/STM32F3xx_HAL_Driver/Src/stm32f3xx_hal_dac.o
                0x08002d26                HAL_DAC_Init
 .text.HAL_DAC_SetValue
                0x08002d6a       0x4a ./Drivers/STM32F3xx_HAL_Driver/Src/stm32f3xx_hal_dac_ex.o
                0x08002d6a                HAL_DAC_SetValue
 .text.HAL_DAC_Start
                0x08002db4       0x96 ./Drivers/STM32F3xx_HAL_Driver/Src/stm32f3xx_hal_dac_ex.o
                0x08002db4                HAL_DAC_Start
 .text.HAL_DAC_ConfigChannel
                0x08002e4a       0x9a ./Drivers/STM32F3xx_HAL_Driver/Src/stm32f3xx_hal_dac_ex.o
                0x08002e4a                HAL_DAC_ConfigChannel
 .text.HAL_DMA_Abort
                0x08002ee4       0x7c ./Drivers/STM32F3xx_HAL_Driver/Src/stm32f3xx_hal_dma.o
                0x08002ee4                HAL_DMA_Abort
 .text.HAL_DMA_Abort_IT
                0x08002f60       0x7c ./Drivers/STM32F3xx_HAL_Driver/Src/stm32f3xx_hal_dma.o
                0x08002f60                HAL_DMA_Abort_IT
 .text.HAL_GPIO_Init
                0x08002fdc      0x2f4 ./Drivers/STM32F3xx_HAL_Driver/Src/stm32f3xx_hal_gpio.o
                0x08002fdc                HAL_GPIO_Init
 .text.HAL_GPIO_WritePin
                0x080032d0       0x30 ./Drivers/STM32F3xx_HAL_Driver/Src/stm32f3xx_hal_gpio.o
                0x080032d0                HAL_GPIO_WritePin
 .text.HAL_GPIO_TogglePin
                0x08003300       0x34 ./Drivers/STM32F3xx_HAL_Driver/Src/stm32f3xx_hal_gpio.o
                0x08003300                HAL_GPIO_TogglePin
 .text.HAL_I2C_Init
                0x08003334      0x136 ./Drivers/STM32F3xx_HAL_Driver/Src/stm32f3xx_hal_i2c.o
                0x08003334                HAL_I2C_Init
 *fill*         0x0800346a        0x2 
 .text.HAL_I2C_Master_Transmit
                0x0800346c      0x230 ./Drivers/STM32F3xx_HAL_Driver/Src/stm32f3xx_hal_i2c.o
                0x0800346c                HAL_I2C_Master_Transmit
 .text.I2C_Flush_TXDR
                0x0800369c       0x48 ./Drivers/STM32F3xx_HAL_Driver/Src/stm32f3xx_hal_i2c.o
 .text.I2C_WaitOnFlagUntilTimeout
                0x080036e4       0xb2 ./Drivers/STM32F3xx_HAL_Driver/Src/stm32f3xx_hal_i2c.o
 .text.I2C_WaitOnTXISFlagUntilTimeout
                0x08003796       0x8e ./Drivers/STM32F3xx_HAL_Driver/Src/stm32f3xx_hal_i2c.o
 .text.I2C_WaitOnSTOPFlagUntilTimeout
                0x08003824       0x86 ./Drivers/STM32F3xx_HAL_Driver/Src/stm32f3xx_hal_i2c.o
 *fill*         0x080038aa        0x2 
 .text.I2C_IsErrorOccurred
                0x080038ac      0x1c0 ./Drivers/STM32F3xx_HAL_Driver/Src/stm32f3xx_hal_i2c.o
 .text.I2C_TransferConfig
                0x08003a6c       0x64 ./Drivers/STM32F3xx_HAL_Driver/Src/stm32f3xx_hal_i2c.o
 .text.HAL_I2CEx_ConfigAnalogFilter
                0x08003ad0       0x96 ./Drivers/STM32F3xx_HAL_Driver/Src/stm32f3xx_hal_i2c_ex.o
                0x08003ad0                HAL_I2CEx_ConfigAnalogFilter
 .text.HAL_I2CEx_ConfigDigitalFilter
                0x08003b66       0x98 ./Drivers/STM32F3xx_HAL_Driver/Src/stm32f3xx_hal_i2c_ex.o
                0x08003b66                HAL_I2CEx_ConfigDigitalFilter
 *fill*         0x08003bfe        0x2 
 .text.HAL_RCC_OscConfig
                0x08003c00     0x107c ./Drivers/STM32F3xx_HAL_Driver/Src/stm32f3xx_hal_rcc.o
                0x08003c00                HAL_RCC_OscConfig
 .text.HAL_RCC_ClockConfig
                0x08004c7c      0x2f8 ./Drivers/STM32F3xx_HAL_Driver/Src/stm32f3xx_hal_rcc.o
                0x08004c7c                HAL_RCC_ClockConfig
 .text.HAL_RCC_GetSysClockFreq
                0x08004f74       0xa8 ./Drivers/STM32F3xx_HAL_Driver/Src/stm32f3xx_hal_rcc.o
                0x08004f74                HAL_RCC_GetSysClockFreq
 .text.HAL_RCC_GetHCLKFreq
                0x0800501c       0x18 ./Drivers/STM32F3xx_HAL_Driver/Src/stm32f3xx_hal_rcc.o
                0x0800501c                HAL_RCC_GetHCLKFreq
 .text.HAL_RCC_GetPCLK1Freq
                0x08005034       0x44 ./Drivers/STM32F3xx_HAL_Driver/Src/stm32f3xx_hal_rcc.o
                0x08005034                HAL_RCC_GetPCLK1Freq
 .text.HAL_RCC_GetPCLK2Freq
                0x08005078       0x44 ./Drivers/STM32F3xx_HAL_Driver/Src/stm32f3xx_hal_rcc.o
                0x08005078                HAL_RCC_GetPCLK2Freq
 .text.HAL_RCCEx_PeriphCLKConfig
                0x080050bc      0x2e8 ./Drivers/STM32F3xx_HAL_Driver/Src/stm32f3xx_hal_rcc_ex.o
                0x080050bc                HAL_RCCEx_PeriphCLKConfig
 .text.HAL_SPI_Init
                0x080053a4      0x156 ./Drivers/STM32F3xx_HAL_Driver/Src/stm32f3xx_hal_spi.o
                0x080053a4                HAL_SPI_Init
 *fill*         0x080054fa        0x2 
 .text.HAL_SPI_IRQHandler
                0x080054fc      0x1e8 ./Drivers/STM32F3xx_HAL_Driver/Src/stm32f3xx_hal_spi.o
                0x080054fc                HAL_SPI_IRQHandler
 .text.HAL_SPI_ErrorCallback
                0x080056e4       0x14 ./Drivers/STM32F3xx_HAL_Driver/Src/stm32f3xx_hal_spi.o
                0x080056e4                HAL_SPI_ErrorCallback
 .text.SPI_DMAAbortOnError
                0x080056f8       0x2a ./Drivers/STM32F3xx_HAL_Driver/Src/stm32f3xx_hal_spi.o
 .text.HAL_UART_Init
                0x08005722       0x9c ./Drivers/STM32F3xx_HAL_Driver/Src/stm32f3xx_hal_uart.o
                0x08005722                HAL_UART_Init
 .text.HAL_UART_Transmit
                0x080057be      0x112 ./Drivers/STM32F3xx_HAL_Driver/Src/stm32f3xx_hal_uart.o
                0x080057be                HAL_UART_Transmit
 .text.HAL_UART_Receive
                0x080058d0      0x16c ./Drivers/STM32F3xx_HAL_Driver/Src/stm32f3xx_hal_uart.o
                0x080058d0                HAL_UART_Receive
 .text.HAL_UART_IRQHandler
                0x08005a3c      0x5cc ./Drivers/STM32F3xx_HAL_Driver/Src/stm32f3xx_hal_uart.o
                0x08005a3c                HAL_UART_IRQHandler
 .text.HAL_UART_TxCpltCallback
                0x08006008       0x14 ./Drivers/STM32F3xx_HAL_Driver/Src/stm32f3xx_hal_uart.o
                0x08006008                HAL_UART_TxCpltCallback
 .text.HAL_UART_ErrorCallback
                0x0800601c       0x14 ./Drivers/STM32F3xx_HAL_Driver/Src/stm32f3xx_hal_uart.o
                0x0800601c                HAL_UART_ErrorCallback
 .text.HAL_UARTEx_RxEventCallback
                0x08006030       0x18 ./Drivers/STM32F3xx_HAL_Driver/Src/stm32f3xx_hal_uart.o
                0x08006030                HAL_UARTEx_RxEventCallback
 .text.UART_SetConfig
                0x08006048      0x2f4 ./Drivers/STM32F3xx_HAL_Driver/Src/stm32f3xx_hal_uart.o
                0x08006048                UART_SetConfig
 .text.UART_AdvFeatureConfig
                0x0800633c      0x144 ./Drivers/STM32F3xx_HAL_Driver/Src/stm32f3xx_hal_uart.o
                0x0800633c                UART_AdvFeatureConfig
 .text.UART_CheckIdleState
                0x08006480      0x150 ./Drivers/STM32F3xx_HAL_Driver/Src/stm32f3xx_hal_uart.o
                0x08006480                UART_CheckIdleState
 .text.UART_WaitOnFlagUntilTimeout
                0x080065d0       0xda ./Drivers/STM32F3xx_HAL_Driver/Src/stm32f3xx_hal_uart.o
                0x080065d0                UART_WaitOnFlagUntilTimeout
 .text.UART_EndRxTransfer
                0x080066aa       0xc8 ./Drivers/STM32F3xx_HAL_Driver/Src/stm32f3xx_hal_uart.o
 .text.UART_DMAAbortOnError
                0x08006772       0x2c ./Drivers/STM32F3xx_HAL_Driver/Src/stm32f3xx_hal_uart.o
 .text.UART_EndTransmit_IT
                0x0800679e       0x54 ./Drivers/STM32F3xx_HAL_Driver/Src/stm32f3xx_hal_uart.o
 .text.HAL_UARTEx_WakeupCallback
                0x080067f2       0x14 ./Drivers/STM32F3xx_HAL_Driver/Src/stm32f3xx_hal_uart_ex.o
                0x080067f2                HAL_UARTEx_WakeupCallback
 .text.memset   0x08006806       0x10 C:/ST/STM32CubeIDE_1.15.1/STM32CubeIDE/plugins/com.st.stm32cube.ide.mcu.externaltools.gnu-tools-for-stm32.12.3.rel1.win32_1.0.200.202406191623/tools/bin/../lib/gcc/arm-none-eabi/12.3.1/../../../../arm-none-eabi/lib/thumb/v7e-m+fp/hard\libc_nano.a(libc_a-memset.o)
                0x08006806                memset
 *fill*         0x08006816        0x2 
 .text.__libc_init_array
                0x08006818       0x48 C:/ST/STM32CubeIDE_1.15.1/STM32CubeIDE/plugins/com.st.stm32cube.ide.mcu.externaltools.gnu-tools-for-stm32.12.3.rel1.win32_1.0.200.202406191623/tools/bin/../lib/gcc/arm-none-eabi/12.3.1/../../../../arm-none-eabi/lib/thumb/v7e-m+fp/hard\libc_nano.a(libc_a-init.o)
                0x08006818                __libc_init_array
 .text.memcpy   0x08006860       0x1c C:/ST/STM32CubeIDE_1.15.1/STM32CubeIDE/plugins/com.st.stm32cube.ide.mcu.externaltools.gnu-tools-for-stm32.12.3.rel1.win32_1.0.200.202406191623/tools/bin/../lib/gcc/arm-none-eabi/12.3.1/../../../../arm-none-eabi/lib/thumb/v7e-m+fp/hard\libc_nano.a(libc_a-memcpy-stub.o)
                0x08006860                memcpy
 *(.glue_7)
 .glue_7        0x0800687c        0x0 linker stubs
 *(.glue_7t)
 .glue_7t       0x0800687c        0x0 linker stubs
 *(.eh_frame)
 .eh_frame      0x0800687c        0x0 C:/ST/STM32CubeIDE_1.15.1/STM32CubeIDE/plugins/com.st.stm32cube.ide.mcu.externaltools.gnu-tools-for-stm32.12.3.rel1.win32_1.0.200.202406191623/tools/bin/../lib/gcc/arm-none-eabi/12.3.1/thumb/v7e-m+fp/hard/crtbegin.o
 *(.init)
 .init          0x0800687c        0x4 C:/ST/STM32CubeIDE_1.15.1/STM32CubeIDE/plugins/com.st.stm32cube.ide.mcu.externaltools.gnu-tools-for-stm32.12.3.rel1.win32_1.0.200.202406191623/tools/bin/../lib/gcc/arm-none-eabi/12.3.1/thumb/v7e-m+fp/hard/crti.o
                0x0800687c                _init
 .init          0x08006880        0x8 C:/ST/STM32CubeIDE_1.15.1/STM32CubeIDE/plugins/com.st.stm32cube.ide.mcu.externaltools.gnu-tools-for-stm32.12.3.rel1.win32_1.0.200.202406191623/tools/bin/../lib/gcc/arm-none-eabi/12.3.1/thumb/v7e-m+fp/hard/crtn.o
 *(.fini)
 .fini          0x08006888        0x4 C:/ST/STM32CubeIDE_1.15.1/STM32CubeIDE/plugins/com.st.stm32cube.ide.mcu.externaltools.gnu-tools-for-stm32.12.3.rel1.win32_1.0.200.202406191623/tools/bin/../lib/gcc/arm-none-eabi/12.3.1/thumb/v7e-m+fp/hard/crti.o
                0x08006888                _fini
 .fini          0x0800688c        0x8 C:/ST/STM32CubeIDE_1.15.1/STM32CubeIDE/plugins/com.st.stm32cube.ide.mcu.externaltools.gnu-tools-for-stm32.12.3.rel1.win32_1.0.200.202406191623/tools/bin/../lib/gcc/arm-none-eabi/12.3.1/thumb/v7e-m+fp/hard/crtn.o
                0x08006894                        . = ALIGN (0x4)
                0x08006894                        _etext = .

.vfp11_veneer   0x08006894        0x0
 .vfp11_veneer  0x08006894        0x0 linker stubs

.v4_bx          0x08006894        0x0
 .v4_bx         0x08006894        0x0 linker stubs

.iplt           0x08006894        0x0
 .iplt          0x08006894        0x0 C:/ST/STM32CubeIDE_1.15.1/STM32CubeIDE/plugins/com.st.stm32cube.ide.mcu.externaltools.gnu-tools-for-stm32.12.3.rel1.win32_1.0.200.202406191623/tools/bin/../lib/gcc/arm-none-eabi/12.3.1/thumb/v7e-m+fp/hard/crtbegin.o

.rodata         0x08006894       0x38
                0x08006894                        . = ALIGN (0x4)
 *(.rodata)
 *(.rodata*)
 .rodata.AHBPrescTable
                0x08006894       0x10 ./Core/Src/system_stm32f3xx.o
                0x08006894                AHBPrescTable
 .rodata.APBPrescTable
                0x080068a4        0x8 ./Core/Src/system_stm32f3xx.o
                0x080068a4                APBPrescTable
 .rodata.aPLLMULFactorTable
                0x080068ac       0x10 ./Drivers/STM32F3xx_HAL_Driver/Src/stm32f3xx_hal_rcc.o
 .rodata.aPredivFactorTable
                0x080068bc       0x10 ./Drivers/STM32F3xx_HAL_Driver/Src/stm32f3xx_hal_rcc.o
                0x080068cc                        . = ALIGN (0x4)

.ARM.extab      0x080068cc        0x0
                0x080068cc                        . = ALIGN (0x4)
 *(.ARM.extab* .gnu.linkonce.armextab.*)
                0x080068cc                        . = ALIGN (0x4)

.ARM            0x080068cc        0x0
                0x080068cc                        . = ALIGN (0x4)
                0x080068cc                        __exidx_start = .
 *(.ARM.exidx*)
                0x080068cc                        __exidx_end = .
                0x080068cc                        . = ALIGN (0x4)

.preinit_array  0x080068cc        0x0
                0x080068cc                        . = ALIGN (0x4)
                0x080068cc                        PROVIDE (__preinit_array_start = .)
 *(.preinit_array*)
                0x080068cc                        PROVIDE (__preinit_array_end = .)
                0x080068cc                        . = ALIGN (0x4)

.init_array     0x080068cc        0x8
                0x080068cc                        . = ALIGN (0x4)
                0x080068cc                        PROVIDE (__init_array_start = .)
 *(SORT_BY_NAME(.init_array.*))
 *(.init_array*)
 .init_array    0x080068cc        0x4 C:/ST/STM32CubeIDE_1.15.1/STM32CubeIDE/plugins/com.st.stm32cube.ide.mcu.externaltools.gnu-tools-for-stm32.12.3.rel1.win32_1.0.200.202406191623/tools/bin/../lib/gcc/arm-none-eabi/12.3.1/thumb/v7e-m+fp/hard/crtbegin.o
 .init_array    0x080068d0        0x4 ./Core/Src/main.o
                0x080068d4                        PROVIDE (__init_array_end = .)
                0x080068d4                        . = ALIGN (0x4)

.fini_array     0x080068d4        0x8
                0x080068d4                        . = ALIGN (0x4)
                [!provide]                        PROVIDE (__fini_array_start = .)
 *(SORT_BY_NAME(.fini_array.*))
 *(.fini_array*)
 .fini_array    0x080068d4        0x4 C:/ST/STM32CubeIDE_1.15.1/STM32CubeIDE/plugins/com.st.stm32cube.ide.mcu.externaltools.gnu-tools-for-stm32.12.3.rel1.win32_1.0.200.202406191623/tools/bin/../lib/gcc/arm-none-eabi/12.3.1/thumb/v7e-m+fp/hard/crtbegin.o
 .fini_array    0x080068d8        0x4 ./Core/Src/main.o
                [!provide]                        PROVIDE (__fini_array_end = .)
                0x080068dc                        . = ALIGN (0x4)
                0x080068dc                        _sidata = LOADADDR (.data)

.rel.dyn        0x080068dc        0x0
 .rel.iplt      0x080068dc        0x0 C:/ST/STM32CubeIDE_1.15.1/STM32CubeIDE/plugins/com.st.stm32cube.ide.mcu.externaltools.gnu-tools-for-stm32.12.3.rel1.win32_1.0.200.202406191623/tools/bin/../lib/gcc/arm-none-eabi/12.3.1/thumb/v7e-m+fp/hard/crtbegin.o

.data           0x20000000        0xc load address 0x080068dc
                0x20000000                        . = ALIGN (0x4)
                0x20000000                        _sdata = .
 *(.data)
 *(.data*)
 .data.SystemCoreClock
                0x20000000        0x4 ./Core/Src/system_stm32f3xx.o
                0x20000000                SystemCoreClock
 .data.uwTickPrio
                0x20000004        0x4 ./Drivers/STM32F3xx_HAL_Driver/Src/stm32f3xx_hal.o
                0x20000004                uwTickPrio
 .data.uwTickFreq
                0x20000008        0x1 ./Drivers/STM32F3xx_HAL_Driver/Src/stm32f3xx_hal.o
                0x20000008                uwTickFreq
 *(.RamFunc)
 *(.RamFunc*)
                0x2000000c                        . = ALIGN (0x4)
 *fill*         0x20000009        0x3 
                0x2000000c                        _edata = .

.igot.plt       0x2000000c        0x0 load address 0x080068e8
 .igot.plt      0x2000000c        0x0 C:/ST/STM32CubeIDE_1.15.1/STM32CubeIDE/plugins/com.st.stm32cube.ide.mcu.externaltools.gnu-tools-for-stm32.12.3.rel1.win32_1.0.200.202406191623/tools/bin/../lib/gcc/arm-none-eabi/12.3.1/thumb/v7e-m+fp/hard/crtbegin.o
                0x2000000c                        . = ALIGN (0x4)

.bss            0x2000000c      0x308 load address 0x080068e8
                0x2000000c                        _sbss = .
                0x2000000c                        __bss_start__ = _sbss
 *(.bss)
 .bss           0x2000000c       0x1c C:/ST/STM32CubeIDE_1.15.1/STM32CubeIDE/plugins/com.st.stm32cube.ide.mcu.externaltools.gnu-tools-for-stm32.12.3.rel1.win32_1.0.200.202406191623/tools/bin/../lib/gcc/arm-none-eabi/12.3.1/thumb/v7e-m+fp/hard/crtbegin.o
 *(.bss*)
 .bss.i         0x20000028        0x4 ./Core/Src/MidiHandlers.o
                0x20000028                i
 .bss.hdac1     0x2000002c       0x14 ./Core/Src/main.o
                0x2000002c                hdac1
 .bss.hdac2     0x20000040       0x14 ./Core/Src/main.o
                0x20000040                hdac2
 .bss.hi2c1     0x20000054       0x54 ./Core/Src/main.o
                0x20000054                hi2c1
 .bss.hspi2     0x200000a8       0x64 ./Core/Src/main.o
                0x200000a8                hspi2
 .bss.huart1    0x2000010c       0x88 ./Core/Src/main.o
                0x2000010c                huart1
 .bss.first_note_active
                0x20000194        0x1 ./Core/Src/main.o
                0x20000194                first_note_active
 .bss.second_note_active
                0x20000195        0x1 ./Core/Src/main.o
                0x20000195                second_note_active
 *fill*         0x20000196        0x2 
 .bss.pitch1_CV
                0x20000198        0x4 ./Core/Src/main.o
                0x20000198                pitch1_CV
 .bss.pitch2_CV
                0x2000019c        0x4 ./Core/Src/main.o
                0x2000019c                pitch2_CV
 .bss.Port      0x200001a0      0x170 ./Core/Src/main.o
                0x200001a0                Port
 .bss.uwTick    0x20000310        0x4 ./Drivers/STM32F3xx_HAL_Driver/Src/stm32f3xx_hal.o
                0x20000310                uwTick
 *(COMMON)
                0x20000314                        . = ALIGN (0x4)
                0x20000314                        _ebss = .
                0x20000314                        __bss_end__ = _ebss

._user_heap_stack
                0x20000314      0x604 load address 0x080068e8
                0x20000318                        . = ALIGN (0x8)
 *fill*         0x20000314        0x4 
                [!provide]                        PROVIDE (end = .)
                0x20000318                        PROVIDE (_end = .)
                0x20000518                        . = (. + _Min_Heap_Size)
 *fill*         0x20000318      0x200 
                0x20000918                        . = (. + _Min_Stack_Size)
 *fill*         0x20000518      0x400 
                0x20000918                        . = ALIGN (0x8)

/DISCARD/
 libc.a(*)
 libm.a(*)
 libgcc.a(*)

.ARM.attributes
                0x00000000       0x30
 *(.ARM.attributes)
 .ARM.attributes
                0x00000000       0x22 C:/ST/STM32CubeIDE_1.15.1/STM32CubeIDE/plugins/com.st.stm32cube.ide.mcu.externaltools.gnu-tools-for-stm32.12.3.rel1.win32_1.0.200.202406191623/tools/bin/../lib/gcc/arm-none-eabi/12.3.1/thumb/v7e-m+fp/hard/crti.o
 .ARM.attributes
                0x00000022       0x34 C:/ST/STM32CubeIDE_1.15.1/STM32CubeIDE/plugins/com.st.stm32cube.ide.mcu.externaltools.gnu-tools-for-stm32.12.3.rel1.win32_1.0.200.202406191623/tools/bin/../lib/gcc/arm-none-eabi/12.3.1/thumb/v7e-m+fp/hard/crtbegin.o
 .ARM.attributes
                0x00000056       0x34 ./Core/Src/MIDI.o
 .ARM.attributes
                0x0000008a       0x34 ./Core/Src/MidiHandlers.o
 .ARM.attributes
                0x000000be       0x34 ./Core/Src/main.o
 .ARM.attributes
                0x000000f2       0x34 ./Core/Src/mcp4728_mod.o
 .ARM.attributes
                0x00000126       0x34 ./Core/Src/stm32f3xx_hal_msp.o
 .ARM.attributes
                0x0000015a       0x34 ./Core/Src/stm32f3xx_it.o
 .ARM.attributes
                0x0000018e       0x34 ./Core/Src/system_stm32f3xx.o
 .ARM.attributes
                0x000001c2       0x21 ./Core/Startup/startup_stm32f373cctx.o
 .ARM.attributes
                0x000001e3       0x34 ./Drivers/STM32F3xx_HAL_Driver/Src/stm32f3xx_hal.o
 .ARM.attributes
                0x00000217       0x34 ./Drivers/STM32F3xx_HAL_Driver/Src/stm32f3xx_hal_cortex.o
 .ARM.attributes
                0x0000024b       0x34 ./Drivers/STM32F3xx_HAL_Driver/Src/stm32f3xx_hal_dac.o
 .ARM.attributes
                0x0000027f       0x34 ./Drivers/STM32F3xx_HAL_Driver/Src/stm32f3xx_hal_dac_ex.o
 .ARM.attributes
                0x000002b3       0x34 ./Drivers/STM32F3xx_HAL_Driver/Src/stm32f3xx_hal_dma.o
 .ARM.attributes
                0x000002e7       0x34 ./Drivers/STM32F3xx_HAL_Driver/Src/stm32f3xx_hal_gpio.o
 .ARM.attributes
                0x0000031b       0x34 ./Drivers/STM32F3xx_HAL_Driver/Src/stm32f3xx_hal_i2c.o
 .ARM.attributes
                0x0000034f       0x34 ./Drivers/STM32F3xx_HAL_Driver/Src/stm32f3xx_hal_i2c_ex.o
 .ARM.attributes
                0x00000383       0x34 ./Drivers/STM32F3xx_HAL_Driver/Src/stm32f3xx_hal_rcc.o
 .ARM.attributes
                0x000003b7       0x34 ./Drivers/STM32F3xx_HAL_Driver/Src/stm32f3xx_hal_rcc_ex.o
 .ARM.attributes
                0x000003eb       0x34 ./Drivers/STM32F3xx_HAL_Driver/Src/stm32f3xx_hal_spi.o
 .ARM.attributes
                0x0000041f       0x34 ./Drivers/STM32F3xx_HAL_Driver/Src/stm32f3xx_hal_uart.o
 .ARM.attributes
                0x00000453       0x34 ./Drivers/STM32F3xx_HAL_Driver/Src/stm32f3xx_hal_uart_ex.o
 .ARM.attributes
                0x00000487       0x34 C:/ST/STM32CubeIDE_1.15.1/STM32CubeIDE/plugins/com.st.stm32cube.ide.mcu.externaltools.gnu-tools-for-stm32.12.3.rel1.win32_1.0.200.202406191623/tools/bin/../lib/gcc/arm-none-eabi/12.3.1/../../../../arm-none-eabi/lib/thumb/v7e-m+fp/hard\libc_nano.a(libc_a-memset.o)
 .ARM.attributes
                0x000004bb       0x34 C:/ST/STM32CubeIDE_1.15.1/STM32CubeIDE/plugins/com.st.stm32cube.ide.mcu.externaltools.gnu-tools-for-stm32.12.3.rel1.win32_1.0.200.202406191623/tools/bin/../lib/gcc/arm-none-eabi/12.3.1/../../../../arm-none-eabi/lib/thumb/v7e-m+fp/hard\libc_nano.a(libc_a-init.o)
 .ARM.attributes
                0x000004ef       0x34 C:/ST/STM32CubeIDE_1.15.1/STM32CubeIDE/plugins/com.st.stm32cube.ide.mcu.externaltools.gnu-tools-for-stm32.12.3.rel1.win32_1.0.200.202406191623/tools/bin/../lib/gcc/arm-none-eabi/12.3.1/../../../../arm-none-eabi/lib/thumb/v7e-m+fp/hard\libc_nano.a(libc_a-memcpy-stub.o)
 .ARM.attributes
                0x00000523       0x22 C:/ST/STM32CubeIDE_1.15.1/STM32CubeIDE/plugins/com.st.stm32cube.ide.mcu.externaltools.gnu-tools-for-stm32.12.3.rel1.win32_1.0.200.202406191623/tools/bin/../lib/gcc/arm-none-eabi/12.3.1/thumb/v7e-m+fp/hard\libgcc.a(_arm_addsubdf3.o)
 .ARM.attributes
                0x00000545       0x22 C:/ST/STM32CubeIDE_1.15.1/STM32CubeIDE/plugins/com.st.stm32cube.ide.mcu.externaltools.gnu-tools-for-stm32.12.3.rel1.win32_1.0.200.202406191623/tools/bin/../lib/gcc/arm-none-eabi/12.3.1/thumb/v7e-m+fp/hard\libgcc.a(_arm_muldivdf3.o)
 .ARM.attributes
                0x00000567       0x22 C:/ST/STM32CubeIDE_1.15.1/STM32CubeIDE/plugins/com.st.stm32cube.ide.mcu.externaltools.gnu-tools-for-stm32.12.3.rel1.win32_1.0.200.202406191623/tools/bin/../lib/gcc/arm-none-eabi/12.3.1/thumb/v7e-m+fp/hard\libgcc.a(_arm_fixunsdfsi.o)
 .ARM.attributes
                0x00000589       0x22 C:/ST/STM32CubeIDE_1.15.1/STM32CubeIDE/plugins/com.st.stm32cube.ide.mcu.externaltools.gnu-tools-for-stm32.12.3.rel1.win32_1.0.200.202406191623/tools/bin/../lib/gcc/arm-none-eabi/12.3.1/thumb/v7e-m+fp/hard/crtn.o
OUTPUT(STM32 MIDI2CV.elf elf32-littlearm)
LOAD linker stubs
LOAD C:/ST/STM32CubeIDE_1.15.1/STM32CubeIDE/plugins/com.st.stm32cube.ide.mcu.externaltools.gnu-tools-for-stm32.12.3.rel1.win32_1.0.200.202406191623/tools/bin/../lib/gcc/arm-none-eabi/12.3.1/../../../../arm-none-eabi/lib/thumb/v7e-m+fp/hard\libc.a
LOAD C:/ST/STM32CubeIDE_1.15.1/STM32CubeIDE/plugins/com.st.stm32cube.ide.mcu.externaltools.gnu-tools-for-stm32.12.3.rel1.win32_1.0.200.202406191623/tools/bin/../lib/gcc/arm-none-eabi/12.3.1/../../../../arm-none-eabi/lib/thumb/v7e-m+fp/hard\libm.a
LOAD C:/ST/STM32CubeIDE_1.15.1/STM32CubeIDE/plugins/com.st.stm32cube.ide.mcu.externaltools.gnu-tools-for-stm32.12.3.rel1.win32_1.0.200.202406191623/tools/bin/../lib/gcc/arm-none-eabi/12.3.1/thumb/v7e-m+fp/hard\libgcc.a

.debug_info     0x00000000    0x15281
 .debug_info    0x00000000     0x294a ./Core/Src/MIDI.o
 .debug_info    0x0000294a      0x216 ./Core/Src/MidiHandlers.o
 .debug_info    0x00002b60     0x2860 ./Core/Src/main.o
 .debug_info    0x000053c0      0xa9b ./Core/Src/mcp4728_mod.o
 .debug_info    0x00005e5b     0x1404 ./Core/Src/stm32f3xx_hal_msp.o
 .debug_info    0x0000725f      0x9b0 ./Core/Src/stm32f3xx_it.o
 .debug_info    0x00007c0f      0x407 ./Core/Src/system_stm32f3xx.o
 .debug_info    0x00008016       0x30 ./Core/Startup/startup_stm32f373cctx.o
 .debug_info    0x00008046      0x7c8 ./Drivers/STM32F3xx_HAL_Driver/Src/stm32f3xx_hal.o
 .debug_info    0x0000880e      0xcd8 ./Drivers/STM32F3xx_HAL_Driver/Src/stm32f3xx_hal_cortex.o
 .debug_info    0x000094e6      0x827 ./Drivers/STM32F3xx_HAL_Driver/Src/stm32f3xx_hal_dac.o
 .debug_info    0x00009d0d      0x9c1 ./Drivers/STM32F3xx_HAL_Driver/Src/stm32f3xx_hal_dac_ex.o
 .debug_info    0x0000a6ce      0x6e1 ./Drivers/STM32F3xx_HAL_Driver/Src/stm32f3xx_hal_dma.o
 .debug_info    0x0000adaf      0x59e ./Drivers/STM32F3xx_HAL_Driver/Src/stm32f3xx_hal_gpio.o
 .debug_info    0x0000b34d     0x20c3 ./Drivers/STM32F3xx_HAL_Driver/Src/stm32f3xx_hal_i2c.o
 .debug_info    0x0000d410      0x818 ./Drivers/STM32F3xx_HAL_Driver/Src/stm32f3xx_hal_i2c_ex.o
 .debug_info    0x0000dc28     0x148a ./Drivers/STM32F3xx_HAL_Driver/Src/stm32f3xx_hal_rcc.o
 .debug_info    0x0000f0b2      0x569 ./Drivers/STM32F3xx_HAL_Driver/Src/stm32f3xx_hal_rcc_ex.o
 .debug_info    0x0000f61b     0x1622 ./Drivers/STM32F3xx_HAL_Driver/Src/stm32f3xx_hal_spi.o
 .debug_info    0x00010c3d     0x39a8 ./Drivers/STM32F3xx_HAL_Driver/Src/stm32f3xx_hal_uart.o
 .debug_info    0x000145e5      0xc9c ./Drivers/STM32F3xx_HAL_Driver/Src/stm32f3xx_hal_uart_ex.o

.debug_abbrev   0x00000000     0x2eb9
 .debug_abbrev  0x00000000      0x401 ./Core/Src/MIDI.o
 .debug_abbrev  0x00000401      0x143 ./Core/Src/MidiHandlers.o
 .debug_abbrev  0x00000544      0x49f ./Core/Src/main.o
 .debug_abbrev  0x000009e3      0x1c7 ./Core/Src/mcp4728_mod.o
 .debug_abbrev  0x00000baa      0x1fc ./Core/Src/stm32f3xx_hal_msp.o
 .debug_abbrev  0x00000da6      0x186 ./Core/Src/stm32f3xx_it.o
 .debug_abbrev  0x00000f2c      0x11a ./Core/Src/system_stm32f3xx.o
 .debug_abbrev  0x00001046       0x24 ./Core/Startup/startup_stm32f373cctx.o
 .debug_abbrev  0x0000106a      0x215 ./Drivers/STM32F3xx_HAL_Driver/Src/stm32f3xx_hal.o
 .debug_abbrev  0x0000127f      0x31e ./Drivers/STM32F3xx_HAL_Driver/Src/stm32f3xx_hal_cortex.o
 .debug_abbrev  0x0000159d      0x1ac ./Drivers/STM32F3xx_HAL_Driver/Src/stm32f3xx_hal_dac.o
 .debug_abbrev  0x00001749      0x25d ./Drivers/STM32F3xx_HAL_Driver/Src/stm32f3xx_hal_dac_ex.o
 .debug_abbrev  0x000019a6      0x20d ./Drivers/STM32F3xx_HAL_Driver/Src/stm32f3xx_hal_dma.o
 .debug_abbrev  0x00001bb3      0x1ca ./Drivers/STM32F3xx_HAL_Driver/Src/stm32f3xx_hal_gpio.o
 .debug_abbrev  0x00001d7d      0x260 ./Drivers/STM32F3xx_HAL_Driver/Src/stm32f3xx_hal_i2c.o
 .debug_abbrev  0x00001fdd      0x1c2 ./Drivers/STM32F3xx_HAL_Driver/Src/stm32f3xx_hal_i2c_ex.o
 .debug_abbrev  0x0000219f      0x300 ./Drivers/STM32F3xx_HAL_Driver/Src/stm32f3xx_hal_rcc.o
 .debug_abbrev  0x0000249f      0x221 ./Drivers/STM32F3xx_HAL_Driver/Src/stm32f3xx_hal_rcc_ex.o
 .debug_abbrev  0x000026c0      0x269 ./Drivers/STM32F3xx_HAL_Driver/Src/stm32f3xx_hal_spi.o
 .debug_abbrev  0x00002929      0x2d1 ./Drivers/STM32F3xx_HAL_Driver/Src/stm32f3xx_hal_uart.o
 .debug_abbrev  0x00002bfa      0x2bf ./Drivers/STM32F3xx_HAL_Driver/Src/stm32f3xx_hal_uart_ex.o

.debug_aranges  0x00000000     0x1130
 .debug_aranges
                0x00000000      0x278 ./Core/Src/MIDI.o
 .debug_aranges
                0x00000278       0x30 ./Core/Src/MidiHandlers.o
 .debug_aranges
                0x000002a8       0x98 ./Core/Src/main.o
 .debug_aranges
                0x00000340       0x70 ./Core/Src/mcp4728_mod.o
 .debug_aranges
                0x000003b0       0x60 ./Core/Src/stm32f3xx_hal_msp.o
 .debug_aranges
                0x00000410       0x70 ./Core/Src/stm32f3xx_it.o
 .debug_aranges
                0x00000480       0x28 ./Core/Src/system_stm32f3xx.o
 .debug_aranges
                0x000004a8       0x28 ./Core/Startup/startup_stm32f373cctx.o
 .debug_aranges
                0x000004d0       0xe0 ./Drivers/STM32F3xx_HAL_Driver/Src/stm32f3xx_hal.o
 .debug_aranges
                0x000005b0      0x128 ./Drivers/STM32F3xx_HAL_Driver/Src/stm32f3xx_hal_cortex.o
 .debug_aranges
                0x000006d8       0xa8 ./Drivers/STM32F3xx_HAL_Driver/Src/stm32f3xx_hal_dac.o
 .debug_aranges
                0x00000780       0xb8 ./Drivers/STM32F3xx_HAL_Driver/Src/stm32f3xx_hal_dac_ex.o
 .debug_aranges
                0x00000838       0x88 ./Drivers/STM32F3xx_HAL_Driver/Src/stm32f3xx_hal_dma.o
 .debug_aranges
                0x000008c0       0x58 ./Drivers/STM32F3xx_HAL_Driver/Src/stm32f3xx_hal_gpio.o
 .debug_aranges
                0x00000918      0x2a0 ./Drivers/STM32F3xx_HAL_Driver/Src/stm32f3xx_hal_i2c.o
 .debug_aranges
                0x00000bb8       0x48 ./Drivers/STM32F3xx_HAL_Driver/Src/stm32f3xx_hal_i2c_ex.o
 .debug_aranges
                0x00000c00       0x88 ./Drivers/STM32F3xx_HAL_Driver/Src/stm32f3xx_hal_rcc.o
 .debug_aranges
                0x00000c88       0x38 ./Drivers/STM32F3xx_HAL_Driver/Src/stm32f3xx_hal_rcc_ex.o
 .debug_aranges
                0x00000cc0      0x1d8 ./Drivers/STM32F3xx_HAL_Driver/Src/stm32f3xx_hal_spi.o
 .debug_aranges
                0x00000e98      0x228 ./Drivers/STM32F3xx_HAL_Driver/Src/stm32f3xx_hal_uart.o
 .debug_aranges
                0x000010c0       0x70 ./Drivers/STM32F3xx_HAL_Driver/Src/stm32f3xx_hal_uart_ex.o

.debug_rnglists
                0x00000000      0xd46
 .debug_rnglists
                0x00000000      0x1dc ./Core/Src/MIDI.o
 .debug_rnglists
                0x000001dc       0x1f ./Core/Src/MidiHandlers.o
 .debug_rnglists
                0x000001fb       0x74 ./Core/Src/main.o
 .debug_rnglists
                0x0000026f       0x55 ./Core/Src/mcp4728_mod.o
 .debug_rnglists
                0x000002c4       0x47 ./Core/Src/stm32f3xx_hal_msp.o
 .debug_rnglists
                0x0000030b       0x4f ./Core/Src/stm32f3xx_it.o
 .debug_rnglists
                0x0000035a       0x1a ./Core/Src/system_stm32f3xx.o
 .debug_rnglists
                0x00000374       0x19 ./Core/Startup/startup_stm32f373cctx.o
 .debug_rnglists
                0x0000038d       0xa3 ./Drivers/STM32F3xx_HAL_Driver/Src/stm32f3xx_hal.o
 .debug_rnglists
                0x00000430       0xda ./Drivers/STM32F3xx_HAL_Driver/Src/stm32f3xx_hal_cortex.o
 .debug_rnglists
                0x0000050a       0x7a ./Drivers/STM32F3xx_HAL_Driver/Src/stm32f3xx_hal_dac.o
 .debug_rnglists
                0x00000584       0x89 ./Drivers/STM32F3xx_HAL_Driver/Src/stm32f3xx_hal_dac_ex.o
 .debug_rnglists
                0x0000060d       0x69 ./Drivers/STM32F3xx_HAL_Driver/Src/stm32f3xx_hal_dma.o
 .debug_rnglists
                0x00000676       0x3f ./Drivers/STM32F3xx_HAL_Driver/Src/stm32f3xx_hal_gpio.o
 .debug_rnglists
                0x000006b5      0x228 ./Drivers/STM32F3xx_HAL_Driver/Src/stm32f3xx_hal_i2c.o
 .debug_rnglists
                0x000008dd       0x35 ./Drivers/STM32F3xx_HAL_Driver/Src/stm32f3xx_hal_i2c_ex.o
 .debug_rnglists
                0x00000912       0x66 ./Drivers/STM32F3xx_HAL_Driver/Src/stm32f3xx_hal_rcc.o
 .debug_rnglists
                0x00000978       0x28 ./Drivers/STM32F3xx_HAL_Driver/Src/stm32f3xx_hal_rcc_ex.o
 .debug_rnglists
                0x000009a0      0x178 ./Drivers/STM32F3xx_HAL_Driver/Src/stm32f3xx_hal_spi.o
 .debug_rnglists
                0x00000b18      0x1da ./Drivers/STM32F3xx_HAL_Driver/Src/stm32f3xx_hal_uart.o
 .debug_rnglists
                0x00000cf2       0x54 ./Drivers/STM32F3xx_HAL_Driver/Src/stm32f3xx_hal_uart_ex.o

.debug_macro    0x00000000    0x1e100
 .debug_macro   0x00000000      0x200 ./Core/Src/MIDI.o
 .debug_macro   0x00000200      0xb8c ./Core/Src/MIDI.o
 .debug_macro   0x00000d8c      0x15d ./Core/Src/MIDI.o
 .debug_macro   0x00000ee9       0x2e ./Core/Src/MIDI.o
 .debug_macro   0x00000f17       0x28 ./Core/Src/MIDI.o
 .debug_macro   0x00000f3f       0x1c ./Core/Src/MIDI.o
 .debug_macro   0x00000f5b       0x22 ./Core/Src/MIDI.o
 .debug_macro   0x00000f7d       0x8e ./Core/Src/MIDI.o
 .debug_macro   0x0000100b       0x51 ./Core/Src/MIDI.o
 .debug_macro   0x0000105c      0x103 ./Core/Src/MIDI.o
 .debug_macro   0x0000115f       0x6a ./Core/Src/MIDI.o
 .debug_macro   0x000011c9      0x1df ./Core/Src/MIDI.o
 .debug_macro   0x000013a8       0x1c ./Core/Src/MIDI.o
 .debug_macro   0x000013c4       0x22 ./Core/Src/MIDI.o
 .debug_macro   0x000013e6       0xd9 ./Core/Src/MIDI.o
 .debug_macro   0x000014bf     0x102d ./Core/Src/MIDI.o
 .debug_macro   0x000024ec      0x11f ./Core/Src/MIDI.o
 .debug_macro   0x0000260b    0x1071e ./Core/Src/MIDI.o
 .debug_macro   0x00012d29       0x6d ./Core/Src/MIDI.o
 .debug_macro   0x00012d96     0x3582 ./Core/Src/MIDI.o
 .debug_macro   0x00016318      0x190 ./Core/Src/MIDI.o
 .debug_macro   0x000164a8       0x55 ./Core/Src/MIDI.o
 .debug_macro   0x000164fd      0x95a ./Core/Src/MIDI.o
 .debug_macro   0x00016e57      0x5dc ./Core/Src/MIDI.o
 .debug_macro   0x00017433      0x1b5 ./Core/Src/MIDI.o
 .debug_macro   0x000175e8      0x161 ./Core/Src/MIDI.o
 .debug_macro   0x00017749      0x1ab ./Core/Src/MIDI.o
 .debug_macro   0x000178f4      0x1bc ./Core/Src/MIDI.o
 .debug_macro   0x00017ab0       0x30 ./Core/Src/MIDI.o
 .debug_macro   0x00017ae0       0x3c ./Core/Src/MIDI.o
 .debug_macro   0x00017b1c      0x235 ./Core/Src/MIDI.o
 .debug_macro   0x00017d51      0x176 ./Core/Src/MIDI.o
 .debug_macro   0x00017ec7       0x6c ./Core/Src/MIDI.o
 .debug_macro   0x00017f33       0xc5 ./Core/Src/MIDI.o
 .debug_macro   0x00017ff8      0x231 ./Core/Src/MIDI.o
 .debug_macro   0x00018229      0x22c ./Core/Src/MIDI.o
 .debug_macro   0x00018455       0x5b ./Core/Src/MIDI.o
 .debug_macro   0x000184b0       0xa5 ./Core/Src/MIDI.o
 .debug_macro   0x00018555       0x81 ./Core/Src/MIDI.o
 .debug_macro   0x000185d6       0xec ./Core/Src/MIDI.o
 .debug_macro   0x000186c2      0x2fe ./Core/Src/MIDI.o
 .debug_macro   0x000189c0      0x5ba ./Core/Src/MIDI.o
 .debug_macro   0x00018f7a       0x3e ./Core/Src/MIDI.o
 .debug_macro   0x00018fb8      0x244 ./Core/Src/MIDI.o
 .debug_macro   0x000191fc       0x28 ./Core/Src/MIDI.o
 .debug_macro   0x00019224      0x20d ./Core/Src/MidiHandlers.o
 .debug_macro   0x00019431       0x3a ./Core/Src/MidiHandlers.o
 .debug_macro   0x0001946b       0x2e ./Core/Src/MidiHandlers.o
 .debug_macro   0x00019499      0x302 ./Core/Src/main.o
 .debug_macro   0x0001979b       0x34 ./Core/Src/main.o
 .debug_macro   0x000197cf       0x61 ./Core/Src/main.o
 .debug_macro   0x00019830       0x2a ./Core/Src/main.o
 .debug_macro   0x0001985a       0x43 ./Core/Src/main.o
 .debug_macro   0x0001989d       0x34 ./Core/Src/main.o
 .debug_macro   0x000198d1       0x16 ./Core/Src/main.o
 .debug_macro   0x000198e7       0x35 ./Core/Src/main.o
 .debug_macro   0x0001991c      0x38c ./Core/Src/main.o
 .debug_macro   0x00019ca8       0x10 ./Core/Src/main.o
 .debug_macro   0x00019cb8       0x16 ./Core/Src/main.o
 .debug_macro   0x00019cce       0x43 ./Core/Src/main.o
 .debug_macro   0x00019d11       0x34 ./Core/Src/main.o
 .debug_macro   0x00019d45       0x10 ./Core/Src/main.o
 .debug_macro   0x00019d55       0x58 ./Core/Src/main.o
 .debug_macro   0x00019dad       0x8e ./Core/Src/main.o
 .debug_macro   0x00019e3b       0x16 ./Core/Src/main.o
 .debug_macro   0x00019e51      0x177 ./Core/Src/main.o
 .debug_macro   0x00019fc8       0x16 ./Core/Src/main.o
 .debug_macro   0x00019fde       0x16 ./Core/Src/main.o
 .debug_macro   0x00019ff4      0x138 ./Core/Src/main.o
 .debug_macro   0x0001a12c       0xa6 ./Core/Src/main.o
 .debug_macro   0x0001a1d2      0x1fb ./Core/Src/mcp4728_mod.o
 .debug_macro   0x0001a3cd      0xab4 ./Core/Src/mcp4728_mod.o
 .debug_macro   0x0001ae81     0x102d ./Core/Src/mcp4728_mod.o
 .debug_macro   0x0001beae      0x189 ./Core/Src/mcp4728_mod.o
 .debug_macro   0x0001c037       0xa0 ./Core/Src/mcp4728_mod.o
 .debug_macro   0x0001c0d7      0x1fb ./Core/Src/stm32f3xx_hal_msp.o
 .debug_macro   0x0001c2d2      0x205 ./Core/Src/stm32f3xx_it.o
 .debug_macro   0x0001c4d7      0x1ec ./Core/Src/system_stm32f3xx.o
 .debug_macro   0x0001c6c3      0x210 ./Drivers/STM32F3xx_HAL_Driver/Src/stm32f3xx_hal.o
 .debug_macro   0x0001c8d3      0x1ec ./Drivers/STM32F3xx_HAL_Driver/Src/stm32f3xx_hal_cortex.o
 .debug_macro   0x0001cabf      0x1ed ./Drivers/STM32F3xx_HAL_Driver/Src/stm32f3xx_hal_dac.o
 .debug_macro   0x0001ccac      0x1ec ./Drivers/STM32F3xx_HAL_Driver/Src/stm32f3xx_hal_dac_ex.o
 .debug_macro   0x0001ce98      0x1ec ./Drivers/STM32F3xx_HAL_Driver/Src/stm32f3xx_hal_dma.o
 .debug_macro   0x0001d084      0x1f3 ./Drivers/STM32F3xx_HAL_Driver/Src/stm32f3xx_hal_gpio.o
 .debug_macro   0x0001d277      0x2b8 ./Drivers/STM32F3xx_HAL_Driver/Src/stm32f3xx_hal_i2c.o
 .debug_macro   0x0001d52f      0x1ec ./Drivers/STM32F3xx_HAL_Driver/Src/stm32f3xx_hal_i2c_ex.o
 .debug_macro   0x0001d71b      0x210 ./Drivers/STM32F3xx_HAL_Driver/Src/stm32f3xx_hal_rcc.o
 .debug_macro   0x0001d92b      0x1ec ./Drivers/STM32F3xx_HAL_Driver/Src/stm32f3xx_hal_rcc_ex.o
 .debug_macro   0x0001db17      0x1f4 ./Drivers/STM32F3xx_HAL_Driver/Src/stm32f3xx_hal_spi.o
 .debug_macro   0x0001dd0b      0x209 ./Drivers/STM32F3xx_HAL_Driver/Src/stm32f3xx_hal_uart.o
 .debug_macro   0x0001df14      0x1ec ./Drivers/STM32F3xx_HAL_Driver/Src/stm32f3xx_hal_uart_ex.o

.debug_line     0x00000000    0x1598c
 .debug_line    0x00000000     0x1610 ./Core/Src/MIDI.o
 .debug_line    0x00001610      0x7f6 ./Core/Src/MidiHandlers.o
 .debug_line    0x00001e06      0xcb0 ./Core/Src/main.o
 .debug_line    0x00002ab6      0xb74 ./Core/Src/mcp4728_mod.o
 .debug_line    0x0000362a      0x91e ./Core/Src/stm32f3xx_hal_msp.o
 .debug_line    0x00003f48      0x89d ./Core/Src/stm32f3xx_it.o
 .debug_line    0x000047e5      0x824 ./Core/Src/system_stm32f3xx.o
 .debug_line    0x00005009       0x7a ./Core/Startup/startup_stm32f373cctx.o
 .debug_line    0x00005083      0xa5c ./Drivers/STM32F3xx_HAL_Driver/Src/stm32f3xx_hal.o
 .debug_line    0x00005adf      0xd49 ./Drivers/STM32F3xx_HAL_Driver/Src/stm32f3xx_hal_cortex.o
 .debug_line    0x00006828      0x9a2 ./Drivers/STM32F3xx_HAL_Driver/Src/stm32f3xx_hal_dac.o
 .debug_line    0x000071ca      0xc20 ./Drivers/STM32F3xx_HAL_Driver/Src/stm32f3xx_hal_dac_ex.o
 .debug_line    0x00007dea      0xd6a ./Drivers/STM32F3xx_HAL_Driver/Src/stm32f3xx_hal_dma.o
 .debug_line    0x00008b54      0xbd3 ./Drivers/STM32F3xx_HAL_Driver/Src/stm32f3xx_hal_gpio.o
 .debug_line    0x00009727     0x3ad3 ./Drivers/STM32F3xx_HAL_Driver/Src/stm32f3xx_hal_i2c.o
 .debug_line    0x0000d1fa      0x9c8 ./Drivers/STM32F3xx_HAL_Driver/Src/stm32f3xx_hal_i2c_ex.o
 .debug_line    0x0000dbc2     0x13f0 ./Drivers/STM32F3xx_HAL_Driver/Src/stm32f3xx_hal_rcc.o
 .debug_line    0x0000efb2      0xc42 ./Drivers/STM32F3xx_HAL_Driver/Src/stm32f3xx_hal_rcc_ex.o
 .debug_line    0x0000fbf4     0x2095 ./Drivers/STM32F3xx_HAL_Driver/Src/stm32f3xx_hal_spi.o
 .debug_line    0x00011c89     0x3147 ./Drivers/STM32F3xx_HAL_Driver/Src/stm32f3xx_hal_uart.o
 .debug_line    0x00014dd0      0xbbc ./Drivers/STM32F3xx_HAL_Driver/Src/stm32f3xx_hal_uart_ex.o

.debug_str      0x00000000    0xa43c9
 .debug_str     0x00000000    0x9c588 ./Core/Src/MIDI.o
                              0x9ce8a (size before relaxing)
 .debug_str     0x0009c588      0x18c ./Core/Src/MidiHandlers.o
                              0x9b069 (size before relaxing)
 .debug_str     0x0009c714     0x44ac ./Core/Src/main.o
                              0xa1406 (size before relaxing)
 .debug_str     0x000a0bc0      0x2fc ./Core/Src/mcp4728_mod.o
                              0x9b1cd (size before relaxing)
 .debug_str     0x000a0ebc      0x429 ./Core/Src/stm32f3xx_hal_msp.o
                              0x9b98f (size before relaxing)
 .debug_str     0x000a12e5      0x112 ./Core/Src/stm32f3xx_it.o
                              0x9b11c (size before relaxing)
 .debug_str     0x000a13f7       0xe9 ./Core/Src/system_stm32f3xx.o
                              0x9aac0 (size before relaxing)
 .debug_str     0x000a14e0       0x44 ./Core/Startup/startup_stm32f373cctx.o
                                 0x6c (size before relaxing)
 .debug_str     0x000a1524      0x397 ./Drivers/STM32F3xx_HAL_Driver/Src/stm32f3xx_hal.o
                              0x9b2a1 (size before relaxing)
 .debug_str     0x000a18bb      0x36d ./Drivers/STM32F3xx_HAL_Driver/Src/stm32f3xx_hal_cortex.o
                              0x9b325 (size before relaxing)
 .debug_str     0x000a1c28      0x148 ./Drivers/STM32F3xx_HAL_Driver/Src/stm32f3xx_hal_dac.o
                              0x9aec4 (size before relaxing)
 .debug_str     0x000a1d70      0x1c1 ./Drivers/STM32F3xx_HAL_Driver/Src/stm32f3xx_hal_dac_ex.o
                              0x9afcd (size before relaxing)
 .debug_str     0x000a1f31      0x229 ./Drivers/STM32F3xx_HAL_Driver/Src/stm32f3xx_hal_dma.o
                              0x9ae08 (size before relaxing)
 .debug_str     0x000a215a      0x102 ./Drivers/STM32F3xx_HAL_Driver/Src/stm32f3xx_hal_gpio.o
                              0x9ac05 (size before relaxing)
 .debug_str     0x000a225c      0xe2b ./Drivers/STM32F3xx_HAL_Driver/Src/stm32f3xx_hal_i2c.o
                              0x9bdc0 (size before relaxing)
 .debug_str     0x000a3087       0xb8 ./Drivers/STM32F3xx_HAL_Driver/Src/stm32f3xx_hal_i2c_ex.o
                              0x9afc0 (size before relaxing)
 .debug_str     0x000a313f      0x2c6 ./Drivers/STM32F3xx_HAL_Driver/Src/stm32f3xx_hal_rcc.o
                              0x9af60 (size before relaxing)
 .debug_str     0x000a3405       0xbf ./Drivers/STM32F3xx_HAL_Driver/Src/stm32f3xx_hal_rcc_ex.o
                              0x9acc2 (size before relaxing)
 .debug_str     0x000a34c4      0x54a ./Drivers/STM32F3xx_HAL_Driver/Src/stm32f3xx_hal_spi.o
                              0x9b3e6 (size before relaxing)
 .debug_str     0x000a3a0e      0x803 ./Drivers/STM32F3xx_HAL_Driver/Src/stm32f3xx_hal_uart.o
                              0x9b7e3 (size before relaxing)
 .debug_str     0x000a4211      0x1b8 ./Drivers/STM32F3xx_HAL_Driver/Src/stm32f3xx_hal_uart_ex.o
                              0x9b0e8 (size before relaxing)

.comment        0x00000000       0x43
 .comment       0x00000000       0x43 ./Core/Src/MIDI.o
                                 0x44 (size before relaxing)
 .comment       0x00000043       0x44 ./Core/Src/MidiHandlers.o
 .comment       0x00000043       0x44 ./Core/Src/main.o
 .comment       0x00000043       0x44 ./Core/Src/mcp4728_mod.o
 .comment       0x00000043       0x44 ./Core/Src/stm32f3xx_hal_msp.o
 .comment       0x00000043       0x44 ./Core/Src/stm32f3xx_it.o
 .comment       0x00000043       0x44 ./Core/Src/system_stm32f3xx.o
 .comment       0x00000043       0x44 ./Drivers/STM32F3xx_HAL_Driver/Src/stm32f3xx_hal.o
 .comment       0x00000043       0x44 ./Drivers/STM32F3xx_HAL_Driver/Src/stm32f3xx_hal_cortex.o
 .comment       0x00000043       0x44 ./Drivers/STM32F3xx_HAL_Driver/Src/stm32f3xx_hal_dac.o
 .comment       0x00000043       0x44 ./Drivers/STM32F3xx_HAL_Driver/Src/stm32f3xx_hal_dac_ex.o
 .comment       0x00000043       0x44 ./Drivers/STM32F3xx_HAL_Driver/Src/stm32f3xx_hal_dma.o
 .comment       0x00000043       0x44 ./Drivers/STM32F3xx_HAL_Driver/Src/stm32f3xx_hal_gpio.o
 .comment       0x00000043       0x44 ./Drivers/STM32F3xx_HAL_Driver/Src/stm32f3xx_hal_i2c.o
 .comment       0x00000043       0x44 ./Drivers/STM32F3xx_HAL_Driver/Src/stm32f3xx_hal_i2c_ex.o
 .comment       0x00000043       0x44 ./Drivers/STM32F3xx_HAL_Driver/Src/stm32f3xx_hal_rcc.o
 .comment       0x00000043       0x44 ./Drivers/STM32F3xx_HAL_Driver/Src/stm32f3xx_hal_rcc_ex.o
 .comment       0x00000043       0x44 ./Drivers/STM32F3xx_HAL_Driver/Src/stm32f3xx_hal_spi.o
 .comment       0x00000043       0x44 ./Drivers/STM32F3xx_HAL_Driver/Src/stm32f3xx_hal_uart.o
 .comment       0x00000043       0x44 ./Drivers/STM32F3xx_HAL_Driver/Src/stm32f3xx_hal_uart_ex.o

.debug_frame    0x00000000     0x4994
 .debug_frame   0x00000000      0xb64 ./Core/Src/MIDI.o
 .debug_frame   0x00000b64       0x6c ./Core/Src/MidiHandlers.o
 .debug_frame   0x00000bd0      0x21c ./Core/Src/main.o
 .debug_frame   0x00000dec      0x1c0 ./Core/Src/mcp4728_mod.o
 .debug_frame   0x00000fac      0x158 ./Core/Src/stm32f3xx_hal_msp.o
 .debug_frame   0x00001104      0x13c ./Core/Src/stm32f3xx_it.o
 .debug_frame   0x00001240       0x58 ./Core/Src/system_stm32f3xx.o
 .debug_frame   0x00001298      0x334 ./Drivers/STM32F3xx_HAL_Driver/Src/stm32f3xx_hal.o
 .debug_frame   0x000015cc      0x4e8 ./Drivers/STM32F3xx_HAL_Driver/Src/stm32f3xx_hal_cortex.o
 .debug_frame   0x00001ab4      0x2d4 ./Drivers/STM32F3xx_HAL_Driver/Src/stm32f3xx_hal_dac.o
 .debug_frame   0x00001d88      0x310 ./Drivers/STM32F3xx_HAL_Driver/Src/stm32f3xx_hal_dac_ex.o
 .debug_frame   0x00002098      0x224 ./Drivers/STM32F3xx_HAL_Driver/Src/stm32f3xx_hal_dma.o
 .debug_frame   0x000022bc      0x14c ./Drivers/STM32F3xx_HAL_Driver/Src/stm32f3xx_hal_gpio.o
 .debug_frame   0x00002408      0xc38 ./Drivers/STM32F3xx_HAL_Driver/Src/stm32f3xx_hal_i2c.o
 .debug_frame   0x00003040      0x100 ./Drivers/STM32F3xx_HAL_Driver/Src/stm32f3xx_hal_i2c_ex.o
 .debug_frame   0x00003140      0x214 ./Drivers/STM32F3xx_HAL_Driver/Src/stm32f3xx_hal_rcc.o
 .debug_frame   0x00003354       0xb0 ./Drivers/STM32F3xx_HAL_Driver/Src/stm32f3xx_hal_rcc_ex.o
 .debug_frame   0x00003404      0x860 ./Drivers/STM32F3xx_HAL_Driver/Src/stm32f3xx_hal_spi.o
 .debug_frame   0x00003c64      0x9e8 ./Drivers/STM32F3xx_HAL_Driver/Src/stm32f3xx_hal_uart.o
 .debug_frame   0x0000464c      0x1b4 ./Drivers/STM32F3xx_HAL_Driver/Src/stm32f3xx_hal_uart_ex.o
 .debug_frame   0x00004800       0x20 C:/ST/STM32CubeIDE_1.15.1/STM32CubeIDE/plugins/com.st.stm32cube.ide.mcu.externaltools.gnu-tools-for-stm32.12.3.rel1.win32_1.0.200.202406191623/tools/bin/../lib/gcc/arm-none-eabi/12.3.1/../../../../arm-none-eabi/lib/thumb/v7e-m+fp/hard\libc_nano.a(libc_a-memset.o)
 .debug_frame   0x00004820       0x2c C:/ST/STM32CubeIDE_1.15.1/STM32CubeIDE/plugins/com.st.stm32cube.ide.mcu.externaltools.gnu-tools-for-stm32.12.3.rel1.win32_1.0.200.202406191623/tools/bin/../lib/gcc/arm-none-eabi/12.3.1/../../../../arm-none-eabi/lib/thumb/v7e-m+fp/hard\libc_nano.a(libc_a-init.o)
 .debug_frame   0x0000484c       0x28 C:/ST/STM32CubeIDE_1.15.1/STM32CubeIDE/plugins/com.st.stm32cube.ide.mcu.externaltools.gnu-tools-for-stm32.12.3.rel1.win32_1.0.200.202406191623/tools/bin/../lib/gcc/arm-none-eabi/12.3.1/../../../../arm-none-eabi/lib/thumb/v7e-m+fp/hard\libc_nano.a(libc_a-memcpy-stub.o)
 .debug_frame   0x00004874       0xac C:/ST/STM32CubeIDE_1.15.1/STM32CubeIDE/plugins/com.st.stm32cube.ide.mcu.externaltools.gnu-tools-for-stm32.12.3.rel1.win32_1.0.200.202406191623/tools/bin/../lib/gcc/arm-none-eabi/12.3.1/thumb/v7e-m+fp/hard\libgcc.a(_arm_addsubdf3.o)
 .debug_frame   0x00004920       0x50 C:/ST/STM32CubeIDE_1.15.1/STM32CubeIDE/plugins/com.st.stm32cube.ide.mcu.externaltools.gnu-tools-for-stm32.12.3.rel1.win32_1.0.200.202406191623/tools/bin/../lib/gcc/arm-none-eabi/12.3.1/thumb/v7e-m+fp/hard\libgcc.a(_arm_muldivdf3.o)
 .debug_frame   0x00004970       0x24 C:/ST/STM32CubeIDE_1.15.1/STM32CubeIDE/plugins/com.st.stm32cube.ide.mcu.externaltools.gnu-tools-for-stm32.12.3.rel1.win32_1.0.200.202406191623/tools/bin/../lib/gcc/arm-none-eabi/12.3.1/thumb/v7e-m+fp/hard\libgcc.a(_arm_fixunsdfsi.o)

.debug_line_str
                0x00000000       0x50
 .debug_line_str
                0x00000000       0x50 ./Core/Startup/startup_stm32f373cctx.o
