Archive member included to satisfy reference by file (symbol)

C:/ST/STM32CubeIDE_1.15.1/STM32CubeIDE/plugins/com.st.stm32cube.ide.mcu.externaltools.gnu-tools-for-stm32.12.3.rel1.win32_1.0.200.202406191623/tools/bin/../lib/gcc/arm-none-eabi/12.3.1/../../../../arm-none-eabi/lib/thumb/v7e-m+fp/hard\libm.a(libm_a-sf_cos.o)
                              ./Core/Src/ssd1306.o (cosf)
C:/ST/STM32CubeIDE_1.15.1/STM32CubeIDE/plugins/com.st.stm32cube.ide.mcu.externaltools.gnu-tools-for-stm32.12.3.rel1.win32_1.0.200.202406191623/tools/bin/../lib/gcc/arm-none-eabi/12.3.1/../../../../arm-none-eabi/lib/thumb/v7e-m+fp/hard\libm.a(libm_a-sf_sin.o)
                              ./Core/Src/ssd1306.o (sinf)
C:/ST/STM32CubeIDE_1.15.1/STM32CubeIDE/plugins/com.st.stm32cube.ide.mcu.externaltools.gnu-tools-for-stm32.12.3.rel1.win32_1.0.200.202406191623/tools/bin/../lib/gcc/arm-none-eabi/12.3.1/../../../../arm-none-eabi/lib/thumb/v7e-m+fp/hard\libm.a(libm_a-kf_cos.o)
                              C:/ST/STM32CubeIDE_1.15.1/STM32CubeIDE/plugins/com.st.stm32cube.ide.mcu.externaltools.gnu-tools-for-stm32.12.3.rel1.win32_1.0.200.202406191623/tools/bin/../lib/gcc/arm-none-eabi/12.3.1/../../../../arm-none-eabi/lib/thumb/v7e-m+fp/hard\libm.a(libm_a-sf_cos.o) (__kernel_cosf)
C:/ST/STM32CubeIDE_1.15.1/STM32CubeIDE/plugins/com.st.stm32cube.ide.mcu.externaltools.gnu-tools-for-stm32.12.3.rel1.win32_1.0.200.202406191623/tools/bin/../lib/gcc/arm-none-eabi/12.3.1/../../../../arm-none-eabi/lib/thumb/v7e-m+fp/hard\libm.a(libm_a-kf_sin.o)
                              C:/ST/STM32CubeIDE_1.15.1/STM32CubeIDE/plugins/com.st.stm32cube.ide.mcu.externaltools.gnu-tools-for-stm32.12.3.rel1.win32_1.0.200.202406191623/tools/bin/../lib/gcc/arm-none-eabi/12.3.1/../../../../arm-none-eabi/lib/thumb/v7e-m+fp/hard\libm.a(libm_a-sf_cos.o) (__kernel_sinf)
C:/ST/STM32CubeIDE_1.15.1/STM32CubeIDE/plugins/com.st.stm32cube.ide.mcu.externaltools.gnu-tools-for-stm32.12.3.rel1.win32_1.0.200.202406191623/tools/bin/../lib/gcc/arm-none-eabi/12.3.1/../../../../arm-none-eabi/lib/thumb/v7e-m+fp/hard\libm.a(libm_a-ef_rem_pio2.o)
                              C:/ST/STM32CubeIDE_1.15.1/STM32CubeIDE/plugins/com.st.stm32cube.ide.mcu.externaltools.gnu-tools-for-stm32.12.3.rel1.win32_1.0.200.202406191623/tools/bin/../lib/gcc/arm-none-eabi/12.3.1/../../../../arm-none-eabi/lib/thumb/v7e-m+fp/hard\libm.a(libm_a-sf_cos.o) (__ieee754_rem_pio2f)
C:/ST/STM32CubeIDE_1.15.1/STM32CubeIDE/plugins/com.st.stm32cube.ide.mcu.externaltools.gnu-tools-for-stm32.12.3.rel1.win32_1.0.200.202406191623/tools/bin/../lib/gcc/arm-none-eabi/12.3.1/../../../../arm-none-eabi/lib/thumb/v7e-m+fp/hard\libm.a(libm_a-sf_fabs.o)
                              C:/ST/STM32CubeIDE_1.15.1/STM32CubeIDE/plugins/com.st.stm32cube.ide.mcu.externaltools.gnu-tools-for-stm32.12.3.rel1.win32_1.0.200.202406191623/tools/bin/../lib/gcc/arm-none-eabi/12.3.1/../../../../arm-none-eabi/lib/thumb/v7e-m+fp/hard\libm.a(libm_a-ef_rem_pio2.o) (fabsf)
C:/ST/STM32CubeIDE_1.15.1/STM32CubeIDE/plugins/com.st.stm32cube.ide.mcu.externaltools.gnu-tools-for-stm32.12.3.rel1.win32_1.0.200.202406191623/tools/bin/../lib/gcc/arm-none-eabi/12.3.1/../../../../arm-none-eabi/lib/thumb/v7e-m+fp/hard\libm.a(libm_a-kf_rem_pio2.o)
                              C:/ST/STM32CubeIDE_1.15.1/STM32CubeIDE/plugins/com.st.stm32cube.ide.mcu.externaltools.gnu-tools-for-stm32.12.3.rel1.win32_1.0.200.202406191623/tools/bin/../lib/gcc/arm-none-eabi/12.3.1/../../../../arm-none-eabi/lib/thumb/v7e-m+fp/hard\libm.a(libm_a-ef_rem_pio2.o) (__kernel_rem_pio2f)
C:/ST/STM32CubeIDE_1.15.1/STM32CubeIDE/plugins/com.st.stm32cube.ide.mcu.externaltools.gnu-tools-for-stm32.12.3.rel1.win32_1.0.200.202406191623/tools/bin/../lib/gcc/arm-none-eabi/12.3.1/../../../../arm-none-eabi/lib/thumb/v7e-m+fp/hard\libm.a(libm_a-sf_scalbn.o)
                              C:/ST/STM32CubeIDE_1.15.1/STM32CubeIDE/plugins/com.st.stm32cube.ide.mcu.externaltools.gnu-tools-for-stm32.12.3.rel1.win32_1.0.200.202406191623/tools/bin/../lib/gcc/arm-none-eabi/12.3.1/../../../../arm-none-eabi/lib/thumb/v7e-m+fp/hard\libm.a(libm_a-kf_rem_pio2.o) (scalbnf)
C:/ST/STM32CubeIDE_1.15.1/STM32CubeIDE/plugins/com.st.stm32cube.ide.mcu.externaltools.gnu-tools-for-stm32.12.3.rel1.win32_1.0.200.202406191623/tools/bin/../lib/gcc/arm-none-eabi/12.3.1/../../../../arm-none-eabi/lib/thumb/v7e-m+fp/hard\libm.a(libm_a-sf_floor.o)
                              C:/ST/STM32CubeIDE_1.15.1/STM32CubeIDE/plugins/com.st.stm32cube.ide.mcu.externaltools.gnu-tools-for-stm32.12.3.rel1.win32_1.0.200.202406191623/tools/bin/../lib/gcc/arm-none-eabi/12.3.1/../../../../arm-none-eabi/lib/thumb/v7e-m+fp/hard\libm.a(libm_a-kf_rem_pio2.o) (floorf)
C:/ST/STM32CubeIDE_1.15.1/STM32CubeIDE/plugins/com.st.stm32cube.ide.mcu.externaltools.gnu-tools-for-stm32.12.3.rel1.win32_1.0.200.202406191623/tools/bin/../lib/gcc/arm-none-eabi/12.3.1/../../../../arm-none-eabi/lib/thumb/v7e-m+fp/hard\libc_nano.a(libc_a-exit.o)
[...]
Memory Configuration

Name             Origin             Length             Attributes
RAM              0x20000000         0x00008000         xrw
FLASH            0x08000000         0x00040000         xr
*default*        0x00000000         0xffffffff

Linker script and memory map

LOAD C:/ST/STM32CubeIDE_1.15.1/STM32CubeIDE/plugins/com.st.stm32cube.ide.mcu.externaltools.gnu-tools-for-stm32.12.3.rel1.win32_1.0.200.202406191623/tools/bin/../lib/gcc/arm-none-eabi/12.3.1/thumb/v7e-m+fp/hard/crti.o
LOAD C:/ST/STM32CubeIDE_1.15.1/STM32CubeIDE/plugins/com.st.stm32cube.ide.mcu.externaltools.gnu-tools-for-stm32.12.3.rel1.win32_1.0.200.202406191623/tools/bin/../lib/gcc/arm-none-eabi/12.3.1/thumb/v7e-m+fp/hard/crtbegin.o
LOAD C:/ST/STM32CubeIDE_1.15.1/STM32CubeIDE/plugins/com.st.stm32cube.ide.mcu.externaltools.gnu-tools-for-stm32.12.3.rel1.win32_1.0.200.202406191623/tools/bin/../lib/gcc/arm-none-eabi/12.3.1/../../../../arm-none-eabi/lib/thumb/v7e-m+fp/hard/crt0.o
LOAD ./Core/Src/MIDI.o
LOAD ./Core/Src/MidiHandlers.o
LOAD ./Core/Src/Syhtn_stuff.o
LOAD ./Core/Src/adsr.o
LOAD ./Core/Src/dac.o
LOAD ./Core/Src/lfo.o
LOAD ./Core/Src/lookup_t.o
LOAD ./Core/Src/main.o
LOAD ./Core/Src/mcp4728_mod.o
LOAD ./Core/Src/midi2freq.o
LOAD ./Core/Src/ssd1306.o
LOAD ./Core/Src/ssd1306_fonts.o
LOAD ./Core/Src/ssd1306_tests.o
LOAD ./Core/Src/stm32f3xx_hal_msp.o
LOAD ./Core/Src/stm32f3xx_it.o
LOAD ./Core/Src/syscalls.o
LOAD ./Core/Src/sysmem.o
LOAD ./Core/Src/system_stm32f3xx.o
LOAD ./Core/Startup/startup_stm32f373cctx.o
LOAD ./Drivers/STM32F3xx_HAL_Driver/Src/stm32f3xx_hal.o
LOAD ./Drivers/STM32F3xx_HAL_Driver/Src/stm32f3xx_hal_cortex.o
LOAD ./Drivers/STM32F3xx_HAL_Driver/Src/stm32f3xx_hal_dac.o
LOAD ./Drivers/STM32F3xx_HAL_Driver/Src/stm32f3xx_hal_dac_ex.o
LOAD ./Drivers/STM32F3xx_HAL_Driver/Src/stm32f3xx_hal_dma.o
LOAD ./Drivers/STM32F3xx_HAL_Driver/Src/stm32f3xx_hal_exti.o
LOAD ./Drivers/STM32F3xx_HAL_Driver/Src/stm32f3xx_hal_flash.o
LOAD ./Drivers/STM32F3xx_HAL_Driver/Src/stm32f3xx_hal_flash_ex.o
LOAD ./Drivers/STM32F3xx_HAL_Driver/Src/stm32f3xx_hal_gpio.o
LOAD ./Drivers/STM32F3xx_HAL_Driver/Src/stm32f3xx_hal_i2c.o
LOAD ./Drivers/STM32F3xx_HAL_Driver/Src/stm32f3xx_hal_i2c_ex.o
LOAD ./Drivers/STM32F3xx_HAL_Driver/Src/stm32f3xx_hal_pwr.o
LOAD ./Drivers/STM32F3xx_HAL_Driver/Src/stm32f3xx_hal_pwr_ex.o
LOAD ./Drivers/STM32F3xx_HAL_Driver/Src/stm32f3xx_hal_rcc.o
LOAD ./Drivers/STM32F3xx_HAL_Driver/Src/stm32f3xx_hal_rcc_ex.o
LOAD ./Drivers/STM32F3xx_HAL_Driver/Src/stm32f3xx_hal_spi.o
LOAD ./Drivers/STM32F3xx_HAL_Driver/Src/stm32f3xx_hal_spi_ex.o
LOAD ./Drivers/STM32F3xx_HAL_Driver/Src/stm32f3xx_hal_tim.o
LOAD ./Drivers/STM32F3xx_HAL_Driver/Src/stm32f3xx_hal_tim_ex.o
LOAD ./Drivers/STM32F3xx_HAL_Driver/Src/stm32f3xx_hal_uart.o
LOAD ./Drivers/STM32F3xx_HAL_Driver/Src/stm32f3xx_hal_uart_ex.o
START GROUP
LOAD C:/ST/STM32CubeIDE_1.15.1/STM32CubeIDE/plugins/com.st.stm32cube.ide.mcu.externaltools.gnu-tools-for-stm32.12.3.rel1.win32_1.0.200.202406191623/tools/bin/../lib/gcc/arm-none-eabi/12.3.1/../../../../arm-none-eabi/lib/thumb/v7e-m+fp/hard\libstdc++_nano.a
LOAD C:/ST/STM32CubeIDE_1.15.1/STM32CubeIDE/plugins/com.st.stm32cube.ide.mcu.externaltools.gnu-tools-for-stm32.12.3.rel1.win32_1.0.200.202406191623/tools/bin/../lib/gcc/arm-none-eabi/12.3.1/../../../../arm-none-eabi/lib/thumb/v7e-m+fp/hard\libsupc++_nano.a
END GROUP
LOAD C:/ST/STM32CubeIDE_1.15.1/STM32CubeIDE/plugins/com.st.stm32cube.ide.mcu.externaltools.gnu-tools-for-stm32.12.3.rel1.win32_1.0.200.202406191623/tools/bin/../lib/gcc/arm-none-eabi/12.3.1/../../../../arm-none-eabi/lib/thumb/v7e-m+fp/hard\libstdc++_nano.a
LOAD C:/ST/STM32CubeIDE_1.15.1/STM32CubeIDE/plugins/com.st.stm32cube.ide.mcu.externaltools.gnu-tools-for-stm32.12.3.rel1.win32_1.0.200.202406191623/tools/bin/../lib/gcc/arm-none-eabi/12.3.1/../../../../arm-none-eabi/lib/thumb/v7e-m+fp/hard\libm.a
LOAD C:/ST/STM32CubeIDE_1.15.1/STM32CubeIDE/plugins/com.st.stm32cube.ide.mcu.externaltools.gnu-tools-for-stm32.12.3.rel1.win32_1.0.200.202406191623/tools/bin/../lib/gcc/arm-none-eabi/12.3.1/../../../../arm-none-eabi/lib/thumb/v7e-m+fp/hard\libc_nano.a
START GROUP
LOAD C:/ST/STM32CubeIDE_1.15.1/STM32CubeIDE/plugins/com.st.stm32cube.ide.mcu.externaltools.gnu-tools-for-stm32.12.3.rel1.win32_1.0.200.202406191623/tools/bin/../lib/gcc/arm-none-eabi/12.3.1/thumb/v7e-m+fp/hard\libgcc.a
LOAD C:/ST/STM32CubeIDE_1.15.1/STM32CubeIDE/plugins/com.st.stm32cube.ide.mcu.externaltools.gnu-tools-for-stm32.12.3.rel1.win32_1.0.200.202406191623/tools/bin/../lib/gcc/arm-none-eabi/12.3.1/../../../../arm-none-eabi/lib/thumb/v7e-m+fp/hard\libc_nano.a
END GROUP
START GROUP
LOAD C:/ST/STM32CubeIDE_1.15.1/STM32CubeIDE/plugins/com.st.stm32cube.ide.mcu.externaltools.gnu-tools-for-stm32.12.3.rel1.win32_1.0.200.202406191623/tools/bin/../lib/gcc/arm-none-eabi/12.3.1/thumb/v7e-m+fp/hard\libgcc.a
LOAD C:/ST/STM32CubeIDE_1.15.1/STM32CubeIDE/plugins/com.st.stm32cube.ide.mcu.externaltools.gnu-tools-for-stm32.12.3.rel1.win32_1.0.200.202406191623/tools/bin/../lib/gcc/arm-none-eabi/12.3.1/../../../../arm-none-eabi/lib/thumb/v7e-m+fp/hard\libc_nano.a
LOAD C:/ST/STM32CubeIDE_1.15.1/STM32CubeIDE/plugins/com.st.stm32cube.ide.mcu.externaltools.gnu-tools-for-stm32.12.3.rel1.win32_1.0.200.202406191623/tools/bin/../lib/gcc/arm-none-eabi/12.3.1/../../../../arm-none-eabi/lib/thumb/v7e-m+fp/hard\libnosys.a
END GROUP
START GROUP
LOAD C:/ST/STM32CubeIDE_1.15.1/STM32CubeIDE/plugins/com.st.stm32cube.ide.mcu.externaltools.gnu-tools-for-stm32.12.3.rel1.win32_1.0.200.202406191623/tools/bin/../lib/gcc/arm-none-eabi/12.3.1/thumb/v7e-m+fp/hard\libgcc.a
LOAD C:/ST/STM32CubeIDE_1.15.1/STM32CubeIDE/plugins/com.st.stm32cube.ide.mcu.externaltools.gnu-tools-for-stm32.12.3.rel1.win32_1.0.200.202406191623/tools/bin/../lib/gcc/arm-none-eabi/12.3.1/../../../../arm-none-eabi/lib/thumb/v7e-m+fp/hard\libc_nano.a
LOAD C:/ST/STM32CubeIDE_1.15.1/STM32CubeIDE/plugins/com.st.stm32cube.ide.mcu.externaltools.gnu-tools-for-stm32.12.3.rel1.win32_1.0.200.202406191623/tools/bin/../lib/gcc/arm-none-eabi/12.3.1/../../../../arm-none-eabi/lib/thumb/v7e-m+fp/hard\libnosys.a
END GROUP
LOAD C:/ST/STM32CubeIDE_1.15.1/STM32CubeIDE/plugins/com.st.stm32cube.ide.mcu.externaltools.gnu-tools-for-stm32.12.3.rel1.win32_1.0.200.202406191623/tools/bin/../lib/gcc/arm-none-eabi/12.3.1/thumb/v7e-m+fp/hard/crtend.o
LOAD C:/ST/STM32CubeIDE_1.15.1/STM32CubeIDE/plugins/com.st.stm32cube.ide.mcu.externaltools.gnu-tools-for-stm32.12.3.rel1.win32_1.0.200.202406191623/tools/bin/../lib/gcc/arm-none-eabi/12.3.1/thumb/v7e-m+fp/hard/crtn.o
                0x20008000                        _estack = (ORIGIN (RAM) + LENGTH (RAM))
                0x00000200                        _Min_Heap_Size = 0x200
                0x00000400                        _Min_Stack_Size = 0x400

.isr_vector     0x08000000      0x188
                0x08000000                        . = ALIGN (0x4)
 *(.isr_vector)
 .isr_vector    0x08000000      0x188 ./Core/Startup/startup_stm32f373cctx.o
                0x08000000                g_pfnVectors
                0x08000188                        . = ALIGN (0x4)

.text           0x08000188     0x8374
                0x08000188                        . = ALIGN (0x4)
 *(.text)
 .text          0x08000188       0x40 C:/ST/STM32CubeIDE_1.15.1/STM32CubeIDE/plugins/com.st.stm32cube.ide.mcu.externaltools.gnu-tools-for-stm32.12.3.rel1.win32_1.0.200.202406191623/tools/bin/../lib/gcc/arm-none-eabi/12.3.1/thumb/v7e-m+fp/hard/crtbegin.o
 .text          0x080001c8      0x378 C:/ST/STM32CubeIDE_1.15.1/STM32CubeIDE/plugins/com.st.stm32cube.ide.mcu.externaltools.gnu-tools-for-stm32.12.3.rel1.win32_1.0.200.202406191623/tools/bin/../lib/gcc/arm-none-eabi/12.3.1/thumb/v7e-m+fp/hard\libgcc.a(_arm_addsubdf3.o)
                0x080001c8                __aeabi_drsub
                0x080001d0                __aeabi_dsub
                0x080001d0                __subdf3
                0x080001d4                __aeabi_dadd
                0x080001d4                __adddf3
                0x0800044c                __floatunsidf
                0x0800044c                __aeabi_ui2d
                0x0800046c                __floatsidf
                0x0800046c                __aeabi_i2d
                0x08000490                __aeabi_f2d
                0x08000490                __extendsfdf2
                0x080004d4                __floatundidf
                0x080004d4                __aeabi_ul2d
                0x080004e4                __floatdidf
                0x080004e4                __aeabi_l2d
 .text          0x08000540      0x424 C:/ST/STM32CubeIDE_1.15.1/STM32CubeIDE/plugins/com.st.stm32cube.ide.mcu.externaltools.gnu-tools-for-stm32.12.3.rel1.win32_1.0.200.202406191623/tools/bin/../lib/gcc/arm-none-eabi/12.3.1/thumb/v7e-m+fp/hard\libgcc.a(_arm_muldivdf3.o)
                0x08000540                __aeabi_dmul
                0x08000540                __muldf3
                0x08000794                __divdf3
                0x08000794                __aeabi_ddiv
 .text          0x08000964       0x40 C:/ST/STM32CubeIDE_1.15.1/STM32CubeIDE/plugins/com.st.stm32cube.ide.mcu.externaltools.gnu-tools-for-stm32.12.3.rel1.win32_1.0.200.202406191623/tools/bin/../lib/gcc/arm-none-eabi/12.3.1/thumb/v7e-m+fp/hard\libgcc.a(_arm_fixunsdfsi.o)
                0x08000964                __aeabi_d2uiz
                0x08000964                __fixunsdfsi
 *(.text*)
 .text._ZN8mMessage12getSysExSizeEv
                0x080009a4       0x30 ./Core/Src/MIDI.o
                0x080009a4                mMessage::getSysExSize()
 .text._ZN9mSettingsC2Ev
                0x080009d4       0x28 ./Core/Src/MIDI.o
                0x080009d4                mSettings::mSettings()
                0x080009d4                mSettings::mSettings()
 .text._ZN8mMessageC2Ev
                0x080009fc       0x34 ./Core/Src/MIDI.o
                0x080009fc                mMessage::mMessage()
                0x080009fc                mMessage::mMessage()
 .text._ZN13MidiInterfaceC2Ev
                0x08000a30      0x170 ./Core/Src/MIDI.o
                0x08000a30                MidiInterface::MidiInterface()
                0x08000a30                MidiInterface::MidiInterface()
 .text._ZN13MidiInterfaceD2Ev
                0x08000ba0       0x16 ./Core/Src/MIDI.o
                0x08000ba0                MidiInterface::~MidiInterface()
                0x08000ba0                MidiInterface::~MidiInterface()
 .text._ZN13MidiInterface5beginEhP20__UART_HandleTypeDefS1_
                0x08000bb6       0x40 ./Core/Src/MIDI.o
                0x08000bb6                MidiInterface::begin(unsigned char, __UART_HandleTypeDef*, __UART_HandleTypeDef*)
 .text._ZN13MidiInterface4sendE8MidiTypehhh
                0x08000bf6       0xe6 ./Core/Src/MIDI.o
                0x08000bf6                MidiInterface::send(MidiType, unsigned char, unsigned char, unsigned char)
 .text._ZN13MidiInterface9sendSysExEhPhb
                0x08000cdc       0x7e ./Core/Src/MIDI.o
                0x08000cdc                MidiInterface::sendSysEx(unsigned char, unsigned char*, bool)
 .text._ZN13MidiInterface24sendTimeCodeQuarterFrameEhh
                0x08000d5a       0x3e ./Core/Src/MIDI.o
                0x08000d5a                MidiInterface::sendTimeCodeQuarterFrame(unsigned char, unsigned char)
 .text._ZN13MidiInterface24sendTimeCodeQuarterFrameEh
                0x08000d98       0x44 ./Core/Src/MIDI.o
                0x08000d98                MidiInterface::sendTimeCodeQuarterFrame(unsigned char)
 .text._ZN13MidiInterface16sendSongPositionEj
                0x08000ddc       0x62 ./Core/Src/MIDI.o
                0x08000ddc                MidiInterface::sendSongPosition(unsigned int)
 .text._ZN13MidiInterface14sendSongSelectEh
                0x08000e3e       0x4a ./Core/Src/MIDI.o
                0x08000e3e                MidiInterface::sendSongSelect(unsigned char)
 .text._ZN13MidiInterface12sendRealTimeE8MidiType
                0x08000e88       0x54 ./Core/Src/MIDI.o
                0x08000e88                MidiInterface::sendRealTime(MidiType)
 .text._ZN13MidiInterface9getStatusE8MidiTypeh
                0x08000edc       0x34 ./Core/Src/MIDI.o
                0x08000edc                MidiInterface::getStatus(MidiType, unsigned char)
 .text._ZN13MidiInterface4readEv
                0x08000f10       0x20 ./Core/Src/MIDI.o
                0x08000f10                MidiInterface::read()
 .text._ZN13MidiInterface4readEh
                0x08000f30       0x60 ./Core/Src/MIDI.o
                0x08000f30                MidiInterface::read(unsigned char)
 .text._ZN13MidiInterface5parseEv
                0x08000f90      0x488 ./Core/Src/MIDI.o
                0x08000f90                MidiInterface::parse()
 .text._ZN13MidiInterface33handleNullVelocityNoteOnAsNoteOffEv
                0x08001418       0x44 ./Core/Src/MIDI.o
                0x08001418                MidiInterface::handleNullVelocityNoteOnAsNoteOff()
 .text._ZN13MidiInterface11inputFilterEh
                0x0800145c       0x4a ./Core/Src/MIDI.o
                0x0800145c                MidiInterface::inputFilter(unsigned char)
 .text._ZN13MidiInterface10resetInputEv
                0x080014a6       0x2c ./Core/Src/MIDI.o
                0x080014a6                MidiInterface::resetInput()
 .text._ZN13MidiInterface7getTypeEv
                0x080014d2       0x1a ./Core/Src/MIDI.o
                0x080014d2                MidiInterface::getType()
 .text._ZN13MidiInterface8getData2Ev
                0x080014ec       0x1a ./Core/Src/MIDI.o
                0x080014ec                MidiInterface::getData2()
 .text._ZN13MidiInterface13getSysExArrayEv
                0x08001506       0x1a ./Core/Src/MIDI.o
                0x08001506                MidiInterface::getSysExArray()
 .text._ZN13MidiInterface19getSysExArrayLengthEv
                0x08001520       0x1e ./Core/Src/MIDI.o
                0x08001520                MidiInterface::getSysExArrayLength()
 .text._ZN13MidiInterface21getTypeFromStatusByteEh
                0x0800153e       0x4c ./Core/Src/MIDI.o
                0x0800153e                MidiInterface::getTypeFromStatusByte(unsigned char)
 .text._ZN13MidiInterface24getChannelFromStatusByteEh
                0x0800158a       0x22 ./Core/Src/MIDI.o
                0x0800158a                MidiInterface::getChannelFromStatusByte(unsigned char)
 .text._ZN13MidiInterface16isChannelMessageE8MidiType
                0x080015ac       0x46 ./Core/Src/MIDI.o
                0x080015ac                MidiInterface::isChannelMessage(MidiType)
 .text._ZN13MidiInterface16setHandleNoteOffEPFvhhhE
                0x080015f2       0x1c ./Core/Src/MIDI.o
                0x080015f2                MidiInterface::setHandleNoteOff(void (*)(unsigned char, unsigned char, unsigned char))
 .text._ZN13MidiInterface15setHandleNoteOnEPFvhhhE
                0x0800160e       0x1c ./Core/Src/MIDI.o
                0x0800160e                MidiInterface::setHandleNoteOn(void (*)(unsigned char, unsigned char, unsigned char))
 .text._ZN13MidiInterface14setHandleClockEPFvvE
                0x0800162a       0x1c ./Core/Src/MIDI.o
                0x0800162a                MidiInterface::setHandleClock(void (*)())
 .text._ZN13MidiInterface14setHandleStartEPFvvE
                0x08001646       0x1c ./Core/Src/MIDI.o
                0x08001646                MidiInterface::setHandleStart(void (*)())
 .text._ZN13MidiInterface13setHandleStopEPFvvE
                0x08001662       0x1c ./Core/Src/MIDI.o
                0x08001662                MidiInterface::setHandleStop(void (*)())
 *fill*         0x0800167e        0x2 
 .text._ZN13MidiInterface14launchCallbackEv
                0x08001680      0x470 ./Core/Src/MIDI.o
                0x08001680                MidiInterface::launchCallback()
 .text._ZN13MidiInterface10thruFilterEh
                0x08001af0      0x1e4 ./Core/Src/MIDI.o
                0x08001af0                MidiInterface::thruFilter(unsigned char)
 .text._Z12Handle_Clockv
                0x08001cd4       0x34 ./Core/Src/MidiHandlers.o
                0x08001cd4                Handle_Clock()
 .text._Z12Handle_Startv
                0x08001d08       0x18 ./Core/Src/MidiHandlers.o
                0x08001d08                Handle_Start()
 .text._Z11Handle_Stopv
                0x08001d20        0xe ./Core/Src/MidiHandlers.o
                0x08001d20                Handle_Stop()
 *fill*         0x08001d2e        0x2 
 .text.ADSR_Init
                0x08001d30       0xa4 ./Core/Src/adsr.o
                0x08001d30                ADSR_Init
 .text.ADSR_UpdateEnvelope
                0x08001dd4      0x104 ./Core/Src/adsr.o
                0x08001dd4                ADSR_UpdateEnvelope
 .text.ADSR_SetGateSignal
                0x08001ed8       0x36 ./Core/Src/adsr.o
                0x08001ed8                ADSR_SetGateSignal
 .text.ADSR_GetEnvelopeValue
                0x08001f0e       0x26 ./Core/Src/adsr.o
                0x08001f0e                ADSR_GetEnvelopeValue
 *fill*         0x08001f34        0x4 
 .text._Z13Handle_NoteOnhhh
                0x08001f38      0x290 ./Core/Src/main.o
                0x08001f38                Handle_NoteOn(unsigned char, unsigned char, unsigned char)
 .text._Z14Handle_NoteOffhhh
                0x080021c8      0x104 ./Core/Src/main.o
                0x080021c8                Handle_NoteOff(unsigned char, unsigned char, unsigned char)
 .text._Z21envelope_to_dac_valuef
                0x080022cc       0x30 ./Core/Src/main.o
                0x080022cc                envelope_to_dac_value(float)
 .text.HAL_TIM_PeriodElapsedCallback
                0x080022fc       0xb8 ./Core/Src/main.o
                0x080022fc                HAL_TIM_PeriodElapsedCallback
 .text.main     0x080023b4      0x114 ./Core/Src/main.o
                0x080023b4                main
 .text._Z18SystemClock_Configv
                0x080024c8       0xde ./Core/Src/main.o
                0x080024c8                SystemClock_Config()
 *fill*         0x080025a6        0x2 
 .text._ZL12MX_DAC1_Initv
                0x080025a8       0x88 ./Core/Src/main.o
 .text._ZL12MX_DAC2_Initv
                0x08002630       0x68 ./Core/Src/main.o
 .text._ZL12MX_I2C1_Initv
                0x08002698       0x9c ./Core/Src/main.o
 .text._ZL12MX_I2C2_Initv
                0x08002734       0x9c ./Core/Src/main.o
 .text._ZL12MX_SPI2_Initv
                0x080027d0       0x84 ./Core/Src/main.o
 .text._ZL12MX_TIM2_Initv
                0x08002854       0xcc ./Core/Src/main.o
 .text._ZL12MX_TIM7_Initv
                0x08002920       0x80 ./Core/Src/main.o
 .text._ZL13MX_TIM13_Initv
                0x080029a0       0x50 ./Core/Src/main.o
 .text._ZL13MX_TIM14_Initv
                0x080029f0       0x50 ./Core/Src/main.o
 .text._ZL19MX_USART1_UART_Initv
                0x08002a40       0x68 ./Core/Src/main.o
 .text._ZL12MX_GPIO_Initv
                0x08002aa8      0x138 ./Core/Src/main.o
 .text.Error_Handler
                0x08002be0        0xc ./Core/Src/main.o
                0x08002be0                Error_Handler
 .text._Z41__static_initialization_and_destruction_0ii
                0x08002bec       0x44 ./Core/Src/main.o
 .text._GLOBAL__sub_I_hdac1
                0x08002c30       0x10 ./Core/Src/main.o
 .text._GLOBAL__sub_D_hdac1
                0x08002c40       0x10 ./Core/Src/main.o
 .text.dac_init
                0x08002c50       0x5e ./Core/Src/mcp4728_mod.o
                0x08002c50                dac_init
 .text.mcp4728_generalCall
                0x08002cae       0x28 ./Core/Src/mcp4728_mod.o
                0x08002cae                mcp4728_generalCall
 .text.DACx60SW
                0x08002cd6       0xac ./Core/Src/mcp4728_mod.o
                0x08002cd6                DACx60SW
 .text.DACx61SW
                0x08002d82       0xac ./Core/Src/mcp4728_mod.o
                0x08002d82                DACx61SW
 .text.ssd1306_Reset
                0x08002e2e        0xe ./Core/Src/ssd1306.o
                0x08002e2e                ssd1306_Reset
 .text.ssd1306_WriteCommand
                0x08002e3c       0x30 ./Core/Src/ssd1306.o
                0x08002e3c                ssd1306_WriteCommand
 .text.ssd1306_WriteData
                0x08002e6c       0x34 ./Core/Src/ssd1306.o
                0x08002e6c                ssd1306_WriteData
 .text.ssd1306_Init
                0x08002ea0       0xd4 ./Core/Src/ssd1306.o
                0x08002ea0                ssd1306_Init
 .text.ssd1306_Fill
                0x08002f74       0x30 ./Core/Src/ssd1306.o
                0x08002f74                ssd1306_Fill
 .text.ssd1306_UpdateScreen
                0x08002fa4       0x50 ./Core/Src/ssd1306.o
                0x08002fa4                ssd1306_UpdateScreen
 .text.ssd1306_DrawPixel
                0x08002ff4       0xa8 ./Core/Src/ssd1306.o
                0x08002ff4                ssd1306_DrawPixel
 .text.ssd1306_WriteChar
                0x0800309c      0x120 ./Core/Src/ssd1306.o
                0x0800309c                ssd1306_WriteChar
 .text.ssd1306_WriteString
                0x080031bc       0x4c ./Core/Src/ssd1306.o
                0x080031bc                ssd1306_WriteString
 .text.ssd1306_SetCursor
                0x08003208       0x30 ./Core/Src/ssd1306.o
                0x08003208                ssd1306_SetCursor
 .text.ssd1306_SetContrast
                0x08003238       0x26 ./Core/Src/ssd1306.o
                0x08003238                ssd1306_SetContrast
 *fill*         0x0800325e        0x2 
 .text.ssd1306_SetDisplayOn
                0x08003260       0x3c ./Core/Src/ssd1306.o
                0x08003260                ssd1306_SetDisplayOn
 .text.HAL_MspInit
                0x0800329c       0x48 ./Core/Src/stm32f3xx_hal_msp.o
                0x0800329c                HAL_MspInit
 .text.HAL_DAC_MspInit
                0x080032e4       0xd8 ./Core/Src/stm32f3xx_hal_msp.o
                0x080032e4                HAL_DAC_MspInit
 .text.HAL_I2C_MspInit
                0x080033bc       0xec ./Core/Src/stm32f3xx_hal_msp.o
                0x080033bc                HAL_I2C_MspInit
 .text.HAL_SPI_MspInit
                0x080034a8       0xd8 ./Core/Src/stm32f3xx_hal_msp.o
                0x080034a8                HAL_SPI_MspInit
 .text.HAL_TIM_PWM_MspInit
                0x08003580       0x3c ./Core/Src/stm32f3xx_hal_msp.o
                0x08003580                HAL_TIM_PWM_MspInit
 .text.HAL_TIM_Base_MspInit
                0x080035bc       0xbc ./Core/Src/stm32f3xx_hal_msp.o
                0x080035bc                HAL_TIM_Base_MspInit
 .text.HAL_TIM_MspPostInit
                0x08003678       0x68 ./Core/Src/stm32f3xx_hal_msp.o
                0x08003678                HAL_TIM_MspPostInit
 .text.HAL_UART_MspInit
                0x080036e0       0x98 ./Core/Src/stm32f3xx_hal_msp.o
                0x080036e0                HAL_UART_MspInit
 .text.NMI_Handler
                0x08003778        0x8 ./Core/Src/stm32f3xx_it.o
                0x08003778                NMI_Handler
 .text.HardFault_Handler
                0x08003780        0x8 ./Core/Src/stm32f3xx_it.o
                0x08003780                HardFault_Handler
 .text.MemManage_Handler
                0x08003788        0x8 ./Core/Src/stm32f3xx_it.o
                0x08003788                MemManage_Handler
 .text.BusFault_Handler
                0x08003790        0x8 ./Core/Src/stm32f3xx_it.o
                0x08003790                BusFault_Handler
 .text.UsageFault_Handler
                0x08003798        0x8 ./Core/Src/stm32f3xx_it.o
                0x08003798                UsageFault_Handler
 .text.SVC_Handler
                0x080037a0        0xe ./Core/Src/stm32f3xx_it.o
                0x080037a0                SVC_Handler
 .text.DebugMon_Handler
                0x080037ae        0xe ./Core/Src/stm32f3xx_it.o
                0x080037ae                DebugMon_Handler
 .text.PendSV_Handler
                0x080037bc        0xe ./Core/Src/stm32f3xx_it.o
                0x080037bc                PendSV_Handler
 .text.SysTick_Handler
                0x080037ca        0xc ./Core/Src/stm32f3xx_it.o
                0x080037ca                SysTick_Handler
 *fill*         0x080037d6        0x2 
 .text.SPI2_IRQHandler
                0x080037d8       0x14 ./Core/Src/stm32f3xx_it.o
                0x080037d8                SPI2_IRQHandler
 .text.USART1_IRQHandler
                0x080037ec       0x14 ./Core/Src/stm32f3xx_it.o
                0x080037ec                USART1_IRQHandler
 .text.TIM13_IRQHandler
                0x08003800       0x14 ./Core/Src/stm32f3xx_it.o
                0x08003800                TIM13_IRQHandler
 .text.TIM14_IRQHandler
                0x08003814       0x14 ./Core/Src/stm32f3xx_it.o
                0x08003814                TIM14_IRQHandler
 .text.TIM7_IRQHandler
                0x08003828       0x14 ./Core/Src/stm32f3xx_it.o
                0x08003828                TIM7_IRQHandler
 .text.SystemInit
                0x0800383c       0x24 ./Core/Src/system_stm32f3xx.o
                0x0800383c                SystemInit
 .text.Reset_Handler
                0x08003860       0x50 ./Core/Startup/startup_stm32f373cctx.o
                0x08003860                Reset_Handler
 .text.Default_Handler
                0x080038b0        0x2 ./Core/Startup/startup_stm32f373cctx.o
                0x080038b0                RTC_Alarm_IRQHandler
                0x080038b0                USB_HP_IRQHandler
                0x080038b0                PVD_IRQHandler
                0x080038b0                TAMP_STAMP_IRQHandler
                0x080038b0                EXTI3_IRQHandler
                0x080038b0                EXTI0_IRQHandler
                0x080038b0                I2C2_EV_IRQHandler
                0x080038b0                FPU_IRQHandler
                0x080038b0                CAN_TX_IRQHandler
                0x080038b0                SPI1_IRQHandler
                0x080038b0                CAN_SCE_IRQHandler
                0x080038b0                DMA2_Channel2_IRQHandler
                0x080038b0                DMA1_Channel4_IRQHandler
                0x080038b0                ADC1_IRQHandler
                0x080038b0                TIM17_IRQHandler
                0x080038b0                USART3_IRQHandler
                0x080038b0                DMA1_Channel7_IRQHandler
                0x080038b0                TIM4_IRQHandler
                0x080038b0                CAN_RX1_IRQHandler
                0x080038b0                DMA2_Channel1_IRQHandler
                0x080038b0                I2C1_EV_IRQHandler
                0x080038b0                DMA1_Channel6_IRQHandler
                0x080038b0                TIM16_IRQHandler
                0x080038b0                DMA2_Channel4_IRQHandler
                0x080038b0                TIM3_IRQHandler
                0x080038b0                RCC_IRQHandler
                0x080038b0                DMA1_Channel1_IRQHandler
                0x080038b0                Default_Handler
                0x080038b0                CEC_IRQHandler
                0x080038b0                EXTI15_10_IRQHandler
                0x080038b0                TIM12_IRQHandler
                0x080038b0                TIM5_IRQHandler
                0x080038b0                SDADC2_IRQHandler
                0x080038b0                TIM15_IRQHandler
                0x080038b0                TIM6_DAC1_IRQHandler
                0x080038b0                EXTI9_5_IRQHandler
                0x080038b0                RTC_WKUP_IRQHandler
                0x080038b0                DMA2_Channel5_IRQHandler
                0x080038b0                DMA1_Channel5_IRQHandler
                0x080038b0                USB_LP_IRQHandler
                0x080038b0                EXTI4_IRQHandler
                0x080038b0                TIM18_DAC2_IRQHandler
                0x080038b0                DMA1_Channel3_IRQHandler
                0x080038b0                COMP_IRQHandler
                0x080038b0                WWDG_IRQHandler
                0x080038b0                SDADC1_IRQHandler
                0x080038b0                TIM2_IRQHandler
                0x080038b0                EXTI1_IRQHandler
                0x080038b0                SDADC3_IRQHandler
                0x080038b0                USART2_IRQHandler
                0x080038b0                TIM19_IRQHandler
                0x080038b0                I2C2_ER_IRQHandler
                0x080038b0                DMA1_Channel2_IRQHandler
                0x080038b0                FLASH_IRQHandler
                0x080038b0                SPI3_IRQHandler
                0x080038b0                CAN_RX0_IRQHandler
                0x080038b0                I2C1_ER_IRQHandler
                0x080038b0                USBWakeUp_IRQHandler
                0x080038b0                DMA2_Channel3_IRQHandler
                0x080038b0                EXTI2_TSC_IRQHandler
 *fill*         0x080038b2        0x2 
 .text.HAL_Init
                0x080038b4       0x2c ./Drivers/STM32F3xx_HAL_Driver/Src/stm32f3xx_hal.o
                0x080038b4                HAL_Init
 .text.HAL_InitTick
                0x080038e0       0x60 ./Drivers/STM32F3xx_HAL_Driver/Src/stm32f3xx_hal.o
                0x080038e0                HAL_InitTick
 .text.HAL_IncTick
                0x08003940       0x28 ./Drivers/STM32F3xx_HAL_Driver/Src/stm32f3xx_hal.o
                0x08003940                HAL_IncTick
 .text.HAL_GetTick
                0x08003968       0x18 ./Drivers/STM32F3xx_HAL_Driver/Src/stm32f3xx_hal.o
                0x08003968                HAL_GetTick
 .text.HAL_Delay
                0x08003980       0x48 ./Drivers/STM32F3xx_HAL_Driver/Src/stm32f3xx_hal.o
                0x08003980                HAL_Delay
 .text.__NVIC_SetPriorityGrouping
                0x080039c8       0x48 ./Drivers/STM32F3xx_HAL_Driver/Src/stm32f3xx_hal_cortex.o
 .text.__NVIC_GetPriorityGrouping
                0x08003a10       0x1c ./Drivers/STM32F3xx_HAL_Driver/Src/stm32f3xx_hal_cortex.o
 .text.__NVIC_EnableIRQ
                0x08003a2c       0x3c ./Drivers/STM32F3xx_HAL_Driver/Src/stm32f3xx_hal_cortex.o
 .text.__NVIC_SetPriority
                0x08003a68       0x54 ./Drivers/STM32F3xx_HAL_Driver/Src/stm32f3xx_hal_cortex.o
 .text.NVIC_EncodePriority
                0x08003abc       0x66 ./Drivers/STM32F3xx_HAL_Driver/Src/stm32f3xx_hal_cortex.o
 *fill*         0x08003b22        0x2 
 .text.SysTick_Config
                0x08003b24       0x44 ./Drivers/STM32F3xx_HAL_Driver/Src/stm32f3xx_hal_cortex.o
 .text.HAL_NVIC_SetPriorityGrouping
                0x08003b68       0x16 ./Drivers/STM32F3xx_HAL_Driver/Src/stm32f3xx_hal_cortex.o
                0x08003b68                HAL_NVIC_SetPriorityGrouping
 .text.HAL_NVIC_SetPriority
                0x08003b7e       0x38 ./Drivers/STM32F3xx_HAL_Driver/Src/stm32f3xx_hal_cortex.o
                0x08003b7e                HAL_NVIC_SetPriority
 .text.HAL_NVIC_EnableIRQ
                0x08003bb6       0x1c ./Drivers/STM32F3xx_HAL_Driver/Src/stm32f3xx_hal_cortex.o
                0x08003bb6                HAL_NVIC_EnableIRQ
 .text.HAL_SYSTICK_Config
                0x08003bd2       0x18 ./Drivers/STM32F3xx_HAL_Driver/Src/stm32f3xx_hal_cortex.o
                0x08003bd2                HAL_SYSTICK_Config
 .text.HAL_DAC_Init
                0x08003bea       0x44 ./Drivers/STM32F3xx_HAL_Driver/Src/stm32f3xx_hal_dac.o
                0x08003bea                HAL_DAC_Init
 .text.HAL_DAC_SetValue
                0x08003c2e       0x4a ./Drivers/STM32F3xx_HAL_Driver/Src/stm32f3xx_hal_dac_ex.o
                0x08003c2e                HAL_DAC_SetValue
 .text.HAL_DAC_Start
                0x08003c78       0x96 ./Drivers/STM32F3xx_HAL_Driver/Src/stm32f3xx_hal_dac_ex.o
                0x08003c78                HAL_DAC_Start
 .text.HAL_DAC_ConfigChannel
                0x08003d0e       0x9a ./Drivers/STM32F3xx_HAL_Driver/Src/stm32f3xx_hal_dac_ex.o
                0x08003d0e                HAL_DAC_ConfigChannel
 .text.HAL_DMA_Abort
                0x08003da8       0x7c ./Drivers/STM32F3xx_HAL_Driver/Src/stm32f3xx_hal_dma.o
                0x08003da8                HAL_DMA_Abort
 .text.HAL_DMA_Abort_IT
                0x08003e24       0x7c ./Drivers/STM32F3xx_HAL_Driver/Src/stm32f3xx_hal_dma.o
                0x08003e24                HAL_DMA_Abort_IT
 .text.HAL_GPIO_Init
                0x08003ea0      0x2f4 ./Drivers/STM32F3xx_HAL_Driver/Src/stm32f3xx_hal_gpio.o
                0x08003ea0                HAL_GPIO_Init
 .text.HAL_GPIO_WritePin
                0x08004194       0x30 ./Drivers/STM32F3xx_HAL_Driver/Src/stm32f3xx_hal_gpio.o
                0x08004194                HAL_GPIO_WritePin
 .text.HAL_GPIO_TogglePin
                0x080041c4       0x34 ./Drivers/STM32F3xx_HAL_Driver/Src/stm32f3xx_hal_gpio.o
                0x080041c4                HAL_GPIO_TogglePin
 .text.HAL_I2C_Init
                0x080041f8      0x136 ./Drivers/STM32F3xx_HAL_Driver/Src/stm32f3xx_hal_i2c.o
                0x080041f8                HAL_I2C_Init
 *fill*         0x0800432e        0x2 
 .text.HAL_I2C_Master_Transmit
                0x08004330      0x230 ./Drivers/STM32F3xx_HAL_Driver/Src/stm32f3xx_hal_i2c.o
                0x08004330                HAL_I2C_Master_Transmit
 .text.HAL_I2C_Mem_Write
                0x08004560      0x228 ./Drivers/STM32F3xx_HAL_Driver/Src/stm32f3xx_hal_i2c.o
                0x08004560                HAL_I2C_Mem_Write
 .text.I2C_RequestMemoryWrite
                0x08004788       0xa8 ./Drivers/STM32F3xx_HAL_Driver/Src/stm32f3xx_hal_i2c.o
 .text.I2C_Flush_TXDR
                0x08004830       0x48 ./Drivers/STM32F3xx_HAL_Driver/Src/stm32f3xx_hal_i2c.o
 .text.I2C_WaitOnFlagUntilTimeout
                0x08004878       0xb2 ./Drivers/STM32F3xx_HAL_Driver/Src/stm32f3xx_hal_i2c.o
 .text.I2C_WaitOnTXISFlagUntilTimeout
                0x0800492a       0x8e ./Drivers/STM32F3xx_HAL_Driver/Src/stm32f3xx_hal_i2c.o
 .text.I2C_WaitOnSTOPFlagUntilTimeout
                0x080049b8       0x86 ./Drivers/STM32F3xx_HAL_Driver/Src/stm32f3xx_hal_i2c.o
 *fill*         0x08004a3e        0x2 
 .text.I2C_IsErrorOccurred
                0x08004a40      0x1c0 ./Drivers/STM32F3xx_HAL_Driver/Src/stm32f3xx_hal_i2c.o
 .text.I2C_TransferConfig
                0x08004c00       0x64 ./Drivers/STM32F3xx_HAL_Driver/Src/stm32f3xx_hal_i2c.o
 .text.HAL_I2CEx_ConfigAnalogFilter
                0x08004c64       0x96 ./Drivers/STM32F3xx_HAL_Driver/Src/stm32f3xx_hal_i2c_ex.o
                0x08004c64                HAL_I2CEx_ConfigAnalogFilter
 .text.HAL_I2CEx_ConfigDigitalFilter
                0x08004cfa       0x98 ./Drivers/STM32F3xx_HAL_Driver/Src/stm32f3xx_hal_i2c_ex.o
                0x08004cfa                HAL_I2CEx_ConfigDigitalFilter
 *fill*         0x08004d92        0x2 
 .text.HAL_RCC_OscConfig
                0x08004d94     0x107c ./Drivers/STM32F3xx_HAL_Driver/Src/stm32f3xx_hal_rcc.o
                0x08004d94                HAL_RCC_OscConfig
 .text.HAL_RCC_ClockConfig
                0x08005e10      0x2f8 ./Drivers/STM32F3xx_HAL_Driver/Src/stm32f3xx_hal_rcc.o
                0x08005e10                HAL_RCC_ClockConfig
 .text.HAL_RCC_GetSysClockFreq
                0x08006108       0xa8 ./Drivers/STM32F3xx_HAL_Driver/Src/stm32f3xx_hal_rcc.o
                0x08006108                HAL_RCC_GetSysClockFreq
 .text.HAL_RCC_GetHCLKFreq
                0x080061b0       0x18 ./Drivers/STM32F3xx_HAL_Driver/Src/stm32f3xx_hal_rcc.o
                0x080061b0                HAL_RCC_GetHCLKFreq
 .text.HAL_RCC_GetPCLK1Freq
                0x080061c8       0x44 ./Drivers/STM32F3xx_HAL_Driver/Src/stm32f3xx_hal_rcc.o
                0x080061c8                HAL_RCC_GetPCLK1Freq
 .text.HAL_RCC_GetPCLK2Freq
                0x0800620c       0x44 ./Drivers/STM32F3xx_HAL_Driver/Src/stm32f3xx_hal_rcc.o
                0x0800620c                HAL_RCC_GetPCLK2Freq
 .text.HAL_RCCEx_PeriphCLKConfig
                0x08006250      0x2e8 ./Drivers/STM32F3xx_HAL_Driver/Src/stm32f3xx_hal_rcc_ex.o
                0x08006250                HAL_RCCEx_PeriphCLKConfig
 .text.HAL_SPI_Init
                0x08006538      0x156 ./Drivers/STM32F3xx_HAL_Driver/Src/stm32f3xx_hal_spi.o
                0x08006538                HAL_SPI_Init
 *fill*         0x0800668e        0x2 
 .text.HAL_SPI_IRQHandler
                0x08006690      0x1e8 ./Drivers/STM32F3xx_HAL_Driver/Src/stm32f3xx_hal_spi.o
                0x08006690                HAL_SPI_IRQHandler
 .text.HAL_SPI_ErrorCallback
                0x08006878       0x14 ./Drivers/STM32F3xx_HAL_Driver/Src/stm32f3xx_hal_spi.o
                0x08006878                HAL_SPI_ErrorCallback
 .text.SPI_DMAAbortOnError
                0x0800688c       0x2a ./Drivers/STM32F3xx_HAL_Driver/Src/stm32f3xx_hal_spi.o
 .text.HAL_TIM_Base_Init
                0x080068b6       0x9e ./Drivers/STM32F3xx_HAL_Driver/Src/stm32f3xx_hal_tim.o
                0x080068b6                HAL_TIM_Base_Init
 .text.HAL_TIM_Base_Start_IT
                0x08006954       0xd0 ./Drivers/STM32F3xx_HAL_Driver/Src/stm32f3xx_hal_tim.o
                0x08006954                HAL_TIM_Base_Start_IT
 .text.HAL_TIM_PWM_Init
                0x08006a24       0x9e ./Drivers/STM32F3xx_HAL_Driver/Src/stm32f3xx_hal_tim.o
                0x08006a24                HAL_TIM_PWM_Init
 .text.HAL_TIM_IRQHandler
                0x08006ac2      0x1e0 ./Drivers/STM32F3xx_HAL_Driver/Src/stm32f3xx_hal_tim.o
                0x08006ac2                HAL_TIM_IRQHandler
 *fill*         0x08006ca2        0x2 
 .text.HAL_TIM_PWM_ConfigChannel
                0x08006ca4      0x184 ./Drivers/STM32F3xx_HAL_Driver/Src/stm32f3xx_hal_tim.o
                0x08006ca4                HAL_TIM_PWM_ConfigChannel
 .text.HAL_TIM_OC_DelayElapsedCallback
                0x08006e28       0x14 ./Drivers/STM32F3xx_HAL_Driver/Src/stm32f3xx_hal_tim.o
                0x08006e28                HAL_TIM_OC_DelayElapsedCallback
 .text.HAL_TIM_IC_CaptureCallback
                0x08006e3c       0x14 ./Drivers/STM32F3xx_HAL_Driver/Src/stm32f3xx_hal_tim.o
                0x08006e3c                HAL_TIM_IC_CaptureCallback
 .text.HAL_TIM_PWM_PulseFinishedCallback
                0x08006e50       0x14 ./Drivers/STM32F3xx_HAL_Driver/Src/stm32f3xx_hal_tim.o
                0x08006e50                HAL_TIM_PWM_PulseFinishedCallback
 .text.HAL_TIM_TriggerCallback
                0x08006e64       0x14 ./Drivers/STM32F3xx_HAL_Driver/Src/stm32f3xx_hal_tim.o
                0x08006e64                HAL_TIM_TriggerCallback
 .text.TIM_Base_SetConfig
                0x08006e78      0x14c ./Drivers/STM32F3xx_HAL_Driver/Src/stm32f3xx_hal_tim.o
                0x08006e78                TIM_Base_SetConfig
 .text.TIM_OC1_SetConfig
                0x08006fc4       0xf4 ./Drivers/STM32F3xx_HAL_Driver/Src/stm32f3xx_hal_tim.o
 .text.TIM_OC2_SetConfig
                0x080070b8       0xc4 ./Drivers/STM32F3xx_HAL_Driver/Src/stm32f3xx_hal_tim.o
                0x080070b8                TIM_OC2_SetConfig
 .text.TIM_OC3_SetConfig
                0x0800717c       0x7c ./Drivers/STM32F3xx_HAL_Driver/Src/stm32f3xx_hal_tim.o
 .text.TIM_OC4_SetConfig
                0x080071f8       0x7e ./Drivers/STM32F3xx_HAL_Driver/Src/stm32f3xx_hal_tim.o
 *fill*         0x08007276        0x2 
 .text.HAL_TIMEx_MasterConfigSynchronization
                0x08007278       0xe8 ./Drivers/STM32F3xx_HAL_Driver/Src/stm32f3xx_hal_tim_ex.o
                0x08007278                HAL_TIMEx_MasterConfigSynchronization
 .text.HAL_TIMEx_CommutCallback
                0x08007360       0x14 ./Drivers/STM32F3xx_HAL_Driver/Src/stm32f3xx_hal_tim_ex.o
                0x08007360                HAL_TIMEx_CommutCallback
 .text.HAL_TIMEx_BreakCallback
                0x08007374       0x14 ./Drivers/STM32F3xx_HAL_Driver/Src/stm32f3xx_hal_tim_ex.o
                0x08007374                HAL_TIMEx_BreakCallback
 .text.HAL_UART_Init
                0x08007388       0x9c ./Drivers/STM32F3xx_HAL_Driver/Src/stm32f3xx_hal_uart.o
                0x08007388                HAL_UART_Init
 .text.HAL_UART_Transmit
                0x08007424      0x112 ./Drivers/STM32F3xx_HAL_Driver/Src/stm32f3xx_hal_uart.o
                0x08007424                HAL_UART_Transmit
 .text.HAL_UART_Receive
                0x08007536      0x16c ./Drivers/STM32F3xx_HAL_Driver/Src/stm32f3xx_hal_uart.o
                0x08007536                HAL_UART_Receive
 *fill*         0x080076a2        0x2 
 .text.HAL_UART_IRQHandler
                0x080076a4      0x5cc ./Drivers/STM32F3xx_HAL_Driver/Src/stm32f3xx_hal_uart.o
                0x080076a4                HAL_UART_IRQHandler
 .text.HAL_UART_TxCpltCallback
                0x08007c70       0x14 ./Drivers/STM32F3xx_HAL_Driver/Src/stm32f3xx_hal_uart.o
                0x08007c70                HAL_UART_TxCpltCallback
 .text.HAL_UART_ErrorCallback
                0x08007c84       0x14 ./Drivers/STM32F3xx_HAL_Driver/Src/stm32f3xx_hal_uart.o
                0x08007c84                HAL_UART_ErrorCallback
 .text.HAL_UARTEx_RxEventCallback
                0x08007c98       0x18 ./Drivers/STM32F3xx_HAL_Driver/Src/stm32f3xx_hal_uart.o
                0x08007c98                HAL_UARTEx_RxEventCallback
 .text.UART_SetConfig
                0x08007cb0      0x2f4 ./Drivers/STM32F3xx_HAL_Driver/Src/stm32f3xx_hal_uart.o
                0x08007cb0                UART_SetConfig
 .text.UART_AdvFeatureConfig
                0x08007fa4      0x144 ./Drivers/STM32F3xx_HAL_Driver/Src/stm32f3xx_hal_uart.o
                0x08007fa4                UART_AdvFeatureConfig
 .text.UART_CheckIdleState
                0x080080e8      0x150 ./Drivers/STM32F3xx_HAL_Driver/Src/stm32f3xx_hal_uart.o
                0x080080e8                UART_CheckIdleState
 .text.UART_WaitOnFlagUntilTimeout
                0x08008238       0xda ./Drivers/STM32F3xx_HAL_Driver/Src/stm32f3xx_hal_uart.o
                0x08008238                UART_WaitOnFlagUntilTimeout
 .text.UART_EndRxTransfer
                0x08008312       0xc8 ./Drivers/STM32F3xx_HAL_Driver/Src/stm32f3xx_hal_uart.o
 .text.UART_DMAAbortOnError
                0x080083da       0x2c ./Drivers/STM32F3xx_HAL_Driver/Src/stm32f3xx_hal_uart.o
 .text.UART_EndTransmit_IT
                0x08008406       0x54 ./Drivers/STM32F3xx_HAL_Driver/Src/stm32f3xx_hal_uart.o
 .text.HAL_UARTEx_WakeupCallback
                0x0800845a       0x14 ./Drivers/STM32F3xx_HAL_Driver/Src/stm32f3xx_hal_uart_ex.o
                0x0800845a                HAL_UARTEx_WakeupCallback
 .text.memset   0x0800846e       0x10 C:/ST/STM32CubeIDE_1.15.1/STM32CubeIDE/plugins/com.st.stm32cube.ide.mcu.externaltools.gnu-tools-for-stm32.12.3.rel1.win32_1.0.200.202406191623/tools/bin/../lib/gcc/arm-none-eabi/12.3.1/../../../../arm-none-eabi/lib/thumb/v7e-m+fp/hard\libc_nano.a(libc_a-memset.o)
                0x0800846e                memset
 *fill*         0x0800847e        0x2 
 .text.__libc_init_array
                0x08008480       0x48 C:/ST/STM32CubeIDE_1.15.1/STM32CubeIDE/plugins/com.st.stm32cube.ide.mcu.externaltools.gnu-tools-for-stm32.12.3.rel1.win32_1.0.200.202406191623/tools/bin/../lib/gcc/arm-none-eabi/12.3.1/../../../../arm-none-eabi/lib/thumb/v7e-m+fp/hard\libc_nano.a(libc_a-init.o)
                0x08008480                __libc_init_array
 .text.memcpy   0x080084c8       0x1c C:/ST/STM32CubeIDE_1.15.1/STM32CubeIDE/plugins/com.st.stm32cube.ide.mcu.externaltools.gnu-tools-for-stm32.12.3.rel1.win32_1.0.200.202406191623/tools/bin/../lib/gcc/arm-none-eabi/12.3.1/../../../../arm-none-eabi/lib/thumb/v7e-m+fp/hard\libc_nano.a(libc_a-memcpy-stub.o)
                0x080084c8                memcpy
 *(.glue_7)
 .glue_7        0x080084e4        0x0 linker stubs
 *(.glue_7t)
 .glue_7t       0x080084e4        0x0 linker stubs
 *(.eh_frame)
 .eh_frame      0x080084e4        0x0 C:/ST/STM32CubeIDE_1.15.1/STM32CubeIDE/plugins/com.st.stm32cube.ide.mcu.externaltools.gnu-tools-for-stm32.12.3.rel1.win32_1.0.200.202406191623/tools/bin/../lib/gcc/arm-none-eabi/12.3.1/thumb/v7e-m+fp/hard/crtbegin.o
 *(.init)
 .init          0x080084e4        0x4 C:/ST/STM32CubeIDE_1.15.1/STM32CubeIDE/plugins/com.st.stm32cube.ide.mcu.externaltools.gnu-tools-for-stm32.12.3.rel1.win32_1.0.200.202406191623/tools/bin/../lib/gcc/arm-none-eabi/12.3.1/thumb/v7e-m+fp/hard/crti.o
                0x080084e4                _init
 .init          0x080084e8        0x8 C:/ST/STM32CubeIDE_1.15.1/STM32CubeIDE/plugins/com.st.stm32cube.ide.mcu.externaltools.gnu-tools-for-stm32.12.3.rel1.win32_1.0.200.202406191623/tools/bin/../lib/gcc/arm-none-eabi/12.3.1/thumb/v7e-m+fp/hard/crtn.o
 *(.fini)
 .fini          0x080084f0        0x4 C:/ST/STM32CubeIDE_1.15.1/STM32CubeIDE/plugins/com.st.stm32cube.ide.mcu.externaltools.gnu-tools-for-stm32.12.3.rel1.win32_1.0.200.202406191623/tools/bin/../lib/gcc/arm-none-eabi/12.3.1/thumb/v7e-m+fp/hard/crti.o
                0x080084f0                _fini
 .fini          0x080084f4        0x8 C:/ST/STM32CubeIDE_1.15.1/STM32CubeIDE/plugins/com.st.stm32cube.ide.mcu.externaltools.gnu-tools-for-stm32.12.3.rel1.win32_1.0.200.202406191623/tools/bin/../lib/gcc/arm-none-eabi/12.3.1/thumb/v7e-m+fp/hard/crtn.o
                0x080084fc                        . = ALIGN (0x4)
                0x080084fc                        _etext = .

.vfp11_veneer   0x080084fc        0x0
 .vfp11_veneer  0x080084fc        0x0 linker stubs

.v4_bx          0x080084fc        0x0
 .v4_bx         0x080084fc        0x0 linker stubs

.iplt           0x080084fc        0x0
 .iplt          0x080084fc        0x0 C:/ST/STM32CubeIDE_1.15.1/STM32CubeIDE/plugins/com.st.stm32cube.ide.mcu.externaltools.gnu-tools-for-stm32.12.3.rel1.win32_1.0.200.202406191623/tools/bin/../lib/gcc/arm-none-eabi/12.3.1/thumb/v7e-m+fp/hard/crtbegin.o

.rodata         0x080084fc      0x9c0
                0x080084fc                        . = ALIGN (0x4)
 *(.rodata)
 .rodata        0x080084fc        0xd ./Core/Src/main.o
 *(.rodata*)
 *fill*         0x08008509        0x3 
 .rodata.attack_rate_lookup
                0x0800850c      0x200 ./Core/Src/lookup_t.o
                0x0800850c                attack_rate_lookup
 .rodata.Font7x10
                0x0800870c      0x76c ./Core/Src/ssd1306_fonts.o
 .rodata.Font_7x10
                0x08008e78        0xc ./Core/Src/ssd1306_fonts.o
                0x08008e78                Font_7x10
 .rodata.AHBPrescTable
                0x08008e84       0x10 ./Core/Src/system_stm32f3xx.o
                0x08008e84                AHBPrescTable
 .rodata.APBPrescTable
                0x08008e94        0x8 ./Core/Src/system_stm32f3xx.o
                0x08008e94                APBPrescTable
 .rodata.aPLLMULFactorTable
                0x08008e9c       0x10 ./Drivers/STM32F3xx_HAL_Driver/Src/stm32f3xx_hal_rcc.o
 .rodata.aPredivFactorTable
                0x08008eac       0x10 ./Drivers/STM32F3xx_HAL_Driver/Src/stm32f3xx_hal_rcc.o
                0x08008ebc                        . = ALIGN (0x4)

.ARM.extab      0x08008ebc        0x0
                0x08008ebc                        . = ALIGN (0x4)
 *(.ARM.extab* .gnu.linkonce.armextab.*)
                0x08008ebc                        . = ALIGN (0x4)

.ARM            0x08008ebc        0x0
                0x08008ebc                        . = ALIGN (0x4)
                0x08008ebc                        __exidx_start = .
 *(.ARM.exidx*)
                0x08008ebc                        __exidx_end = .
                0x08008ebc                        . = ALIGN (0x4)

.preinit_array  0x08008ebc        0x0
                0x08008ebc                        . = ALIGN (0x4)
                0x08008ebc                        PROVIDE (__preinit_array_start = .)
 *(.preinit_array*)
                0x08008ebc                        PROVIDE (__preinit_array_end = .)
                0x08008ebc                        . = ALIGN (0x4)

.init_array     0x08008ebc        0x8
                0x08008ebc                        . = ALIGN (0x4)
                0x08008ebc                        PROVIDE (__init_array_start = .)
 *(SORT_BY_NAME(.init_array.*))
 *(.init_array*)
 .init_array    0x08008ebc        0x4 C:/ST/STM32CubeIDE_1.15.1/STM32CubeIDE/plugins/com.st.stm32cube.ide.mcu.externaltools.gnu-tools-for-stm32.12.3.rel1.win32_1.0.200.202406191623/tools/bin/../lib/gcc/arm-none-eabi/12.3.1/thumb/v7e-m+fp/hard/crtbegin.o
 .init_array    0x08008ec0        0x4 ./Core/Src/main.o
                0x08008ec4                        PROVIDE (__init_array_end = .)
                0x08008ec4                        . = ALIGN (0x4)

.fini_array     0x08008ec4        0x8
                0x08008ec4                        . = ALIGN (0x4)
                [!provide]                        PROVIDE (__fini_array_start = .)
 *(SORT_BY_NAME(.fini_array.*))
 *(.fini_array*)
 .fini_array    0x08008ec4        0x4 C:/ST/STM32CubeIDE_1.15.1/STM32CubeIDE/plugins/com.st.stm32cube.ide.mcu.externaltools.gnu-tools-for-stm32.12.3.rel1.win32_1.0.200.202406191623/tools/bin/../lib/gcc/arm-none-eabi/12.3.1/thumb/v7e-m+fp/hard/crtbegin.o
 .fini_array    0x08008ec8        0x4 ./Core/Src/main.o
                [!provide]                        PROVIDE (__fini_array_end = .)
                0x08008ecc                        . = ALIGN (0x4)
                0x08008ecc                        _sidata = LOADADDR (.data)

.rel.dyn        0x08008ecc        0x0
 .rel.iplt      0x08008ecc        0x0 C:/ST/STM32CubeIDE_1.15.1/STM32CubeIDE/plugins/com.st.stm32cube.ide.mcu.externaltools.gnu-tools-for-stm32.12.3.rel1.win32_1.0.200.202406191623/tools/bin/../lib/gcc/arm-none-eabi/12.3.1/thumb/v7e-m+fp/hard/crtbegin.o

.data           0x20000000        0xc load address 0x08008ecc
                0x20000000                        . = ALIGN (0x4)
                0x20000000                        _sdata = .
 *(.data)
 *(.data*)
 .data.SystemCoreClock
                0x20000000        0x4 ./Core/Src/system_stm32f3xx.o
                0x20000000                SystemCoreClock
 .data.uwTickPrio
                0x20000004        0x4 ./Drivers/STM32F3xx_HAL_Driver/Src/stm32f3xx_hal.o
                0x20000004                uwTickPrio
 .data.uwTickFreq
                0x20000008        0x1 ./Drivers/STM32F3xx_HAL_Driver/Src/stm32f3xx_hal.o
                0x20000008                uwTickFreq
 *(.RamFunc)
 *(.RamFunc*)
                0x2000000c                        . = ALIGN (0x4)
 *fill*         0x20000009        0x3 
                0x2000000c                        _edata = .

.igot.plt       0x2000000c        0x0 load address 0x08008ed8
 .igot.plt      0x2000000c        0x0 C:/ST/STM32CubeIDE_1.15.1/STM32CubeIDE/plugins/com.st.stm32cube.ide.mcu.externaltools.gnu-tools-for-stm32.12.3.rel1.win32_1.0.200.202406191623/tools/bin/../lib/gcc/arm-none-eabi/12.3.1/thumb/v7e-m+fp/hard/crtbegin.o
                0x2000000c                        . = ALIGN (0x4)

.bss            0x2000000c      0x910 load address 0x08008ed8
                0x2000000c                        _sbss = .
                0x2000000c                        __bss_start__ = _sbss
 *(.bss)
 .bss           0x2000000c       0x1c C:/ST/STM32CubeIDE_1.15.1/STM32CubeIDE/plugins/com.st.stm32cube.ide.mcu.externaltools.gnu-tools-for-stm32.12.3.rel1.win32_1.0.200.202406191623/tools/bin/../lib/gcc/arm-none-eabi/12.3.1/thumb/v7e-m+fp/hard/crtbegin.o
 *(.bss*)
 .bss.i         0x20000028        0x4 ./Core/Src/MidiHandlers.o
                0x20000028                i
 .bss.hdac1     0x2000002c       0x14 ./Core/Src/main.o
                0x2000002c                hdac1
 .bss.hdac2     0x20000040       0x14 ./Core/Src/main.o
                0x20000040                hdac2
 .bss.hi2c1     0x20000054       0x54 ./Core/Src/main.o
                0x20000054                hi2c1
 .bss.hi2c2     0x200000a8       0x54 ./Core/Src/main.o
                0x200000a8                hi2c2
 .bss.hspi2     0x200000fc       0x64 ./Core/Src/main.o
                0x200000fc                hspi2
 .bss.htim2     0x20000160       0x4c ./Core/Src/main.o
                0x20000160                htim2
 .bss.htim7     0x200001ac       0x4c ./Core/Src/main.o
                0x200001ac                htim7
 .bss.htim13    0x200001f8       0x4c ./Core/Src/main.o
                0x200001f8                htim13
 .bss.htim14    0x20000244       0x4c ./Core/Src/main.o
                0x20000244                htim14
 .bss.huart1    0x20000290       0x88 ./Core/Src/main.o
                0x20000290                huart1
 .bss.first_note_active
                0x20000318        0x1 ./Core/Src/main.o
                0x20000318                first_note_active
 .bss.second_note_active
                0x20000319        0x1 ./Core/Src/main.o
                0x20000319                second_note_active
 .bss.third_note_active
                0x2000031a        0x1 ./Core/Src/main.o
                0x2000031a                third_note_active
 .bss.fourth_note_active
                0x2000031b        0x1 ./Core/Src/main.o
                0x2000031b                fourth_note_active
 .bss.pitch1_CV
                0x2000031c        0x4 ./Core/Src/main.o
                0x2000031c                pitch1_CV
 .bss.pitch2_CV
                0x20000320        0x4 ./Core/Src/main.o
                0x20000320                pitch2_CV
 .bss.pitch3_CV
                0x20000324        0x4 ./Core/Src/main.o
                0x20000324                pitch3_CV
 .bss.pitch4_CV
                0x20000328        0x4 ./Core/Src/main.o
                0x20000328                pitch4_CV
 .bss.first_note
                0x2000032c        0x1 ./Core/Src/main.o
                0x2000032c                first_note
 .bss.second_note
                0x2000032d        0x1 ./Core/Src/main.o
                0x2000032d                second_note
 .bss.third_note
                0x2000032e        0x1 ./Core/Src/main.o
                0x2000032e                third_note
 .bss.fourth_note
                0x2000032f        0x1 ./Core/Src/main.o
                0x2000032f                fourth_note
 .bss.envelopes
                0x20000330       0x70 ./Core/Src/main.o
                0x20000330                envelopes
 .bss.Port      0x200003a0      0x170 ./Core/Src/main.o
                0x200003a0                Port
 .bss.SSD1306_Buffer
                0x20000510      0x400 ./Core/Src/ssd1306.o
 .bss.SSD1306   0x20000910        0x6 ./Core/Src/ssd1306.o
 *fill*         0x20000916        0x2 
 .bss.uwTick    0x20000918        0x4 ./Drivers/STM32F3xx_HAL_Driver/Src/stm32f3xx_hal.o
                0x20000918                uwTick
 *(COMMON)
                0x2000091c                        . = ALIGN (0x4)
                0x2000091c                        _ebss = .
                0x2000091c                        __bss_end__ = _ebss

._user_heap_stack
                0x2000091c      0x604 load address 0x08008ed8
                0x20000920                        . = ALIGN (0x8)
 *fill*         0x2000091c        0x4 
                [!provide]                        PROVIDE (end = .)
                0x20000920                        PROVIDE (_end = .)
                0x20000b20                        . = (. + _Min_Heap_Size)
 *fill*         0x20000920      0x200 
                0x20000f20                        . = (. + _Min_Stack_Size)
 *fill*         0x20000b20      0x400 
                0x20000f20                        . = ALIGN (0x8)

/DISCARD/
 libc.a(*)
 libm.a(*)
 libgcc.a(*)

.ARM.attributes
                0x00000000       0x30
 *(.ARM.attributes)
 .ARM.attributes
                0x00000000       0x22 C:/ST/STM32CubeIDE_1.15.1/STM32CubeIDE/plugins/com.st.stm32cube.ide.mcu.externaltools.gnu-tools-for-stm32.12.3.rel1.win32_1.0.200.202406191623/tools/bin/../lib/gcc/arm-none-eabi/12.3.1/thumb/v7e-m+fp/hard/crti.o
 .ARM.attributes
                0x00000022       0x34 C:/ST/STM32CubeIDE_1.15.1/STM32CubeIDE/plugins/com.st.stm32cube.ide.mcu.externaltools.gnu-tools-for-stm32.12.3.rel1.win32_1.0.200.202406191623/tools/bin/../lib/gcc/arm-none-eabi/12.3.1/thumb/v7e-m+fp/hard/crtbegin.o
 .ARM.attributes
                0x00000056       0x34 ./Core/Src/MIDI.o
 .ARM.attributes
                0x0000008a       0x34 ./Core/Src/MidiHandlers.o
 .ARM.attributes
                0x000000be       0x34 ./Core/Src/adsr.o
 .ARM.attributes
                0x000000f2       0x34 ./Core/Src/lookup_t.o
 .ARM.attributes
                0x00000126       0x34 ./Core/Src/main.o
 .ARM.attributes
                0x0000015a       0x34 ./Core/Src/mcp4728_mod.o
 .ARM.attributes
                0x0000018e       0x34 ./Core/Src/ssd1306.o
 .ARM.attributes
                0x000001c2       0x34 ./Core/Src/ssd1306_fonts.o
 .ARM.attributes
                0x000001f6       0x34 ./Core/Src/stm32f3xx_hal_msp.o
 .ARM.attributes
                0x0000022a       0x34 ./Core/Src/stm32f3xx_it.o
 .ARM.attributes
                0x0000025e       0x34 ./Core/Src/system_stm32f3xx.o
 .ARM.attributes
                0x00000292       0x21 ./Core/Startup/startup_stm32f373cctx.o
 .ARM.attributes
                0x000002b3       0x34 ./Drivers/STM32F3xx_HAL_Driver/Src/stm32f3xx_hal.o
 .ARM.attributes
                0x000002e7       0x34 ./Drivers/STM32F3xx_HAL_Driver/Src/stm32f3xx_hal_cortex.o
 .ARM.attributes
                0x0000031b       0x34 ./Drivers/STM32F3xx_HAL_Driver/Src/stm32f3xx_hal_dac.o
 .ARM.attributes
                0x0000034f       0x34 ./Drivers/STM32F3xx_HAL_Driver/Src/stm32f3xx_hal_dac_ex.o
 .ARM.attributes
                0x00000383       0x34 ./Drivers/STM32F3xx_HAL_Driver/Src/stm32f3xx_hal_dma.o
 .ARM.attributes
                0x000003b7       0x34 ./Drivers/STM32F3xx_HAL_Driver/Src/stm32f3xx_hal_gpio.o
 .ARM.attributes
                0x000003eb       0x34 ./Drivers/STM32F3xx_HAL_Driver/Src/stm32f3xx_hal_i2c.o
 .ARM.attributes
                0x0000041f       0x34 ./Drivers/STM32F3xx_HAL_Driver/Src/stm32f3xx_hal_i2c_ex.o
 .ARM.attributes
                0x00000453       0x34 ./Drivers/STM32F3xx_HAL_Driver/Src/stm32f3xx_hal_rcc.o
 .ARM.attributes
                0x00000487       0x34 ./Drivers/STM32F3xx_HAL_Driver/Src/stm32f3xx_hal_rcc_ex.o
 .ARM.attributes
                0x000004bb       0x34 ./Drivers/STM32F3xx_HAL_Driver/Src/stm32f3xx_hal_spi.o
 .ARM.attributes
                0x000004ef       0x34 ./Drivers/STM32F3xx_HAL_Driver/Src/stm32f3xx_hal_tim.o
 .ARM.attributes
                0x00000523       0x34 ./Drivers/STM32F3xx_HAL_Driver/Src/stm32f3xx_hal_tim_ex.o
 .ARM.attributes
                0x00000557       0x34 ./Drivers/STM32F3xx_HAL_Driver/Src/stm32f3xx_hal_uart.o
 .ARM.attributes
                0x0000058b       0x34 ./Drivers/STM32F3xx_HAL_Driver/Src/stm32f3xx_hal_uart_ex.o
 .ARM.attributes
                0x000005bf       0x34 C:/ST/STM32CubeIDE_1.15.1/STM32CubeIDE/plugins/com.st.stm32cube.ide.mcu.externaltools.gnu-tools-for-stm32.12.3.rel1.win32_1.0.200.202406191623/tools/bin/../lib/gcc/arm-none-eabi/12.3.1/../../../../arm-none-eabi/lib/thumb/v7e-m+fp/hard\libc_nano.a(libc_a-memset.o)
 .ARM.attributes
                0x000005f3       0x34 C:/ST/STM32CubeIDE_1.15.1/STM32CubeIDE/plugins/com.st.stm32cube.ide.mcu.externaltools.gnu-tools-for-stm32.12.3.rel1.win32_1.0.200.202406191623/tools/bin/../lib/gcc/arm-none-eabi/12.3.1/../../../../arm-none-eabi/lib/thumb/v7e-m+fp/hard\libc_nano.a(libc_a-init.o)
 .ARM.attributes
                0x00000627       0x34 C:/ST/STM32CubeIDE_1.15.1/STM32CubeIDE/plugins/com.st.stm32cube.ide.mcu.externaltools.gnu-tools-for-stm32.12.3.rel1.win32_1.0.200.202406191623/tools/bin/../lib/gcc/arm-none-eabi/12.3.1/../../../../arm-none-eabi/lib/thumb/v7e-m+fp/hard\libc_nano.a(libc_a-memcpy-stub.o)
 .ARM.attributes
                0x0000065b       0x22 C:/ST/STM32CubeIDE_1.15.1/STM32CubeIDE/plugins/com.st.stm32cube.ide.mcu.externaltools.gnu-tools-for-stm32.12.3.rel1.win32_1.0.200.202406191623/tools/bin/../lib/gcc/arm-none-eabi/12.3.1/thumb/v7e-m+fp/hard\libgcc.a(_arm_addsubdf3.o)
 .ARM.attributes
                0x0000067d       0x22 C:/ST/STM32CubeIDE_1.15.1/STM32CubeIDE/plugins/com.st.stm32cube.ide.mcu.externaltools.gnu-tools-for-stm32.12.3.rel1.win32_1.0.200.202406191623/tools/bin/../lib/gcc/arm-none-eabi/12.3.1/thumb/v7e-m+fp/hard\libgcc.a(_arm_muldivdf3.o)
 .ARM.attributes
                0x0000069f       0x22 C:/ST/STM32CubeIDE_1.15.1/STM32CubeIDE/plugins/com.st.stm32cube.ide.mcu.externaltools.gnu-tools-for-stm32.12.3.rel1.win32_1.0.200.202406191623/tools/bin/../lib/gcc/arm-none-eabi/12.3.1/thumb/v7e-m+fp/hard\libgcc.a(_arm_fixunsdfsi.o)
 .ARM.attributes
                0x000006c1       0x22 C:/ST/STM32CubeIDE_1.15.1/STM32CubeIDE/plugins/com.st.stm32cube.ide.mcu.externaltools.gnu-tools-for-stm32.12.3.rel1.win32_1.0.200.202406191623/tools/bin/../lib/gcc/arm-none-eabi/12.3.1/thumb/v7e-m+fp/hard/crtn.o
OUTPUT(STM32 MIDI2CV.elf elf32-littlearm)
LOAD linker stubs
LOAD C:/ST/STM32CubeIDE_1.15.1/STM32CubeIDE/plugins/com.st.stm32cube.ide.mcu.externaltools.gnu-tools-for-stm32.12.3.rel1.win32_1.0.200.202406191623/tools/bin/../lib/gcc/arm-none-eabi/12.3.1/../../../../arm-none-eabi/lib/thumb/v7e-m+fp/hard\libc.a
LOAD C:/ST/STM32CubeIDE_1.15.1/STM32CubeIDE/plugins/com.st.stm32cube.ide.mcu.externaltools.gnu-tools-for-stm32.12.3.rel1.win32_1.0.200.202406191623/tools/bin/../lib/gcc/arm-none-eabi/12.3.1/../../../../arm-none-eabi/lib/thumb/v7e-m+fp/hard\libm.a
LOAD C:/ST/STM32CubeIDE_1.15.1/STM32CubeIDE/plugins/com.st.stm32cube.ide.mcu.externaltools.gnu-tools-for-stm32.12.3.rel1.win32_1.0.200.202406191623/tools/bin/../lib/gcc/arm-none-eabi/12.3.1/thumb/v7e-m+fp/hard\libgcc.a

.debug_info     0x00000000    0x1d605
 .debug_info    0x00000000     0x294a ./Core/Src/MIDI.o
 .debug_info    0x0000294a      0x216 ./Core/Src/MidiHandlers.o
 .debug_info    0x00002b60      0x318 ./Core/Src/adsr.o
 .debug_info    0x00002e78       0x8b ./Core/Src/lookup_t.o
 .debug_info    0x00002f03     0x4bb5 ./Core/Src/main.o
 .debug_info    0x00007ab8      0xa9b ./Core/Src/mcp4728_mod.o
 .debug_info    0x00008553     0x1345 ./Core/Src/ssd1306.o
 .debug_info    0x00009898      0x2a4 ./Core/Src/ssd1306_fonts.o
 .debug_info    0x00009b3c     0x18f7 ./Core/Src/stm32f3xx_hal_msp.o
 .debug_info    0x0000b433      0xd57 ./Core/Src/stm32f3xx_it.o
 .debug_info    0x0000c18a      0x407 ./Core/Src/system_stm32f3xx.o
 .debug_info    0x0000c591       0x30 ./Core/Startup/startup_stm32f373cctx.o
 .debug_info    0x0000c5c1      0x7c8 ./Drivers/STM32F3xx_HAL_Driver/Src/stm32f3xx_hal.o
 .debug_info    0x0000cd89      0xcd8 ./Drivers/STM32F3xx_HAL_Driver/Src/stm32f3xx_hal_cortex.o
 .debug_info    0x0000da61      0x827 ./Drivers/STM32F3xx_HAL_Driver/Src/stm32f3xx_hal_dac.o
 .debug_info    0x0000e288      0x9c1 ./Drivers/STM32F3xx_HAL_Driver/Src/stm32f3xx_hal_dac_ex.o
 .debug_info    0x0000ec49      0x6e1 ./Drivers/STM32F3xx_HAL_Driver/Src/stm32f3xx_hal_dma.o
 .debug_info    0x0000f32a      0x59e ./Drivers/STM32F3xx_HAL_Driver/Src/stm32f3xx_hal_gpio.o
 .debug_info    0x0000f8c8     0x20c3 ./Drivers/STM32F3xx_HAL_Driver/Src/stm32f3xx_hal_i2c.o
 .debug_info    0x0001198b      0x818 ./Drivers/STM32F3xx_HAL_Driver/Src/stm32f3xx_hal_i2c_ex.o
 .debug_info    0x000121a3     0x148a ./Drivers/STM32F3xx_HAL_Driver/Src/stm32f3xx_hal_rcc.o
 .debug_info    0x0001362d      0x569 ./Drivers/STM32F3xx_HAL_Driver/Src/stm32f3xx_hal_rcc_ex.o
 .debug_info    0x00013b96     0x1622 ./Drivers/STM32F3xx_HAL_Driver/Src/stm32f3xx_hal_spi.o
 .debug_info    0x000151b8     0x2967 ./Drivers/STM32F3xx_HAL_Driver/Src/stm32f3xx_hal_tim.o
 .debug_info    0x00017b1f     0x14a2 ./Drivers/STM32F3xx_HAL_Driver/Src/stm32f3xx_hal_tim_ex.o
 .debug_info    0x00018fc1     0x39a8 ./Drivers/STM32F3xx_HAL_Driver/Src/stm32f3xx_hal_uart.o
 .debug_info    0x0001c969      0xc9c ./Drivers/STM32F3xx_HAL_Driver/Src/stm32f3xx_hal_uart_ex.o

.debug_abbrev   0x00000000     0x3bcc
 .debug_abbrev  0x00000000      0x401 ./Core/Src/MIDI.o
 .debug_abbrev  0x00000401      0x143 ./Core/Src/MidiHandlers.o
 .debug_abbrev  0x00000544      0x134 ./Core/Src/adsr.o
 .debug_abbrev  0x00000678       0x5d ./Core/Src/lookup_t.o
 .debug_abbrev  0x000006d5      0x659 ./Core/Src/main.o
 .debug_abbrev  0x00000d2e      0x1c7 ./Core/Src/mcp4728_mod.o
 .debug_abbrev  0x00000ef5      0x38c ./Core/Src/ssd1306.o
 .debug_abbrev  0x00001281       0xcf ./Core/Src/ssd1306_fonts.o
 .debug_abbrev  0x00001350      0x22e ./Core/Src/stm32f3xx_hal_msp.o
 .debug_abbrev  0x0000157e      0x1c6 ./Core/Src/stm32f3xx_it.o
 .debug_abbrev  0x00001744      0x11a ./Core/Src/system_stm32f3xx.o
 .debug_abbrev  0x0000185e       0x24 ./Core/Startup/startup_stm32f373cctx.o
 .debug_abbrev  0x00001882      0x215 ./Drivers/STM32F3xx_HAL_Driver/Src/stm32f3xx_hal.o
 .debug_abbrev  0x00001a97      0x31e ./Drivers/STM32F3xx_HAL_Driver/Src/stm32f3xx_hal_cortex.o
 .debug_abbrev  0x00001db5      0x1ac ./Drivers/STM32F3xx_HAL_Driver/Src/stm32f3xx_hal_dac.o
 .debug_abbrev  0x00001f61      0x25d ./Drivers/STM32F3xx_HAL_Driver/Src/stm32f3xx_hal_dac_ex.o
 .debug_abbrev  0x000021be      0x20d ./Drivers/STM32F3xx_HAL_Driver/Src/stm32f3xx_hal_dma.o
 .debug_abbrev  0x000023cb      0x1ca ./Drivers/STM32F3xx_HAL_Driver/Src/stm32f3xx_hal_gpio.o
 .debug_abbrev  0x00002595      0x260 ./Drivers/STM32F3xx_HAL_Driver/Src/stm32f3xx_hal_i2c.o
 .debug_abbrev  0x000027f5      0x1c2 ./Drivers/STM32F3xx_HAL_Driver/Src/stm32f3xx_hal_i2c_ex.o
 .debug_abbrev  0x000029b7      0x300 ./Drivers/STM32F3xx_HAL_Driver/Src/stm32f3xx_hal_rcc.o
 .debug_abbrev  0x00002cb7      0x221 ./Drivers/STM32F3xx_HAL_Driver/Src/stm32f3xx_hal_rcc_ex.o
 .debug_abbrev  0x00002ed8      0x269 ./Drivers/STM32F3xx_HAL_Driver/Src/stm32f3xx_hal_spi.o
 .debug_abbrev  0x00003141      0x278 ./Drivers/STM32F3xx_HAL_Driver/Src/stm32f3xx_hal_tim.o
 .debug_abbrev  0x000033b9      0x283 ./Drivers/STM32F3xx_HAL_Driver/Src/stm32f3xx_hal_tim_ex.o
 .debug_abbrev  0x0000363c      0x2d1 ./Drivers/STM32F3xx_HAL_Driver/Src/stm32f3xx_hal_uart.o
 .debug_abbrev  0x0000390d      0x2bf ./Drivers/STM32F3xx_HAL_Driver/Src/stm32f3xx_hal_uart_ex.o

.debug_aranges  0x00000000     0x1868
 .debug_aranges
                0x00000000      0x278 ./Core/Src/MIDI.o
 .debug_aranges
                0x00000278       0x30 ./Core/Src/MidiHandlers.o
 .debug_aranges
                0x000002a8       0x58 ./Core/Src/adsr.o
 .debug_aranges
                0x00000300       0x18 ./Core/Src/lookup_t.o
 .debug_aranges
                0x00000318       0xd8 ./Core/Src/main.o
 .debug_aranges
                0x000003f0       0x70 ./Core/Src/mcp4728_mod.o
 .debug_aranges
                0x00000460       0xf8 ./Core/Src/ssd1306.o
 .debug_aranges
                0x00000558       0x18 ./Core/Src/ssd1306_fonts.o
 .debug_aranges
                0x00000570       0x88 ./Core/Src/stm32f3xx_hal_msp.o
 .debug_aranges
                0x000005f8       0x88 ./Core/Src/stm32f3xx_it.o
 .debug_aranges
                0x00000680       0x28 ./Core/Src/system_stm32f3xx.o
 .debug_aranges
                0x000006a8       0x28 ./Core/Startup/startup_stm32f373cctx.o
 .debug_aranges
                0x000006d0       0xe0 ./Drivers/STM32F3xx_HAL_Driver/Src/stm32f3xx_hal.o
 .debug_aranges
                0x000007b0      0x128 ./Drivers/STM32F3xx_HAL_Driver/Src/stm32f3xx_hal_cortex.o
 .debug_aranges
                0x000008d8       0xa8 ./Drivers/STM32F3xx_HAL_Driver/Src/stm32f3xx_hal_dac.o
 .debug_aranges
                0x00000980       0xb8 ./Drivers/STM32F3xx_HAL_Driver/Src/stm32f3xx_hal_dac_ex.o
 .debug_aranges
                0x00000a38       0x88 ./Drivers/STM32F3xx_HAL_Driver/Src/stm32f3xx_hal_dma.o
 .debug_aranges
                0x00000ac0       0x58 ./Drivers/STM32F3xx_HAL_Driver/Src/stm32f3xx_hal_gpio.o
 .debug_aranges
                0x00000b18      0x2a0 ./Drivers/STM32F3xx_HAL_Driver/Src/stm32f3xx_hal_i2c.o
 .debug_aranges
                0x00000db8       0x48 ./Drivers/STM32F3xx_HAL_Driver/Src/stm32f3xx_hal_i2c_ex.o
 .debug_aranges
                0x00000e00       0x88 ./Drivers/STM32F3xx_HAL_Driver/Src/stm32f3xx_hal_rcc.o
 .debug_aranges
                0x00000e88       0x38 ./Drivers/STM32F3xx_HAL_Driver/Src/stm32f3xx_hal_rcc_ex.o
 .debug_aranges
                0x00000ec0      0x1d8 ./Drivers/STM32F3xx_HAL_Driver/Src/stm32f3xx_hal_spi.o
 .debug_aranges
                0x00001098      0x3d0 ./Drivers/STM32F3xx_HAL_Driver/Src/stm32f3xx_hal_tim.o
 .debug_aranges
                0x00001468      0x168 ./Drivers/STM32F3xx_HAL_Driver/Src/stm32f3xx_hal_tim_ex.o
 .debug_aranges
                0x000015d0      0x228 ./Drivers/STM32F3xx_HAL_Driver/Src/stm32f3xx_hal_uart.o
 .debug_aranges
                0x000017f8       0x70 ./Drivers/STM32F3xx_HAL_Driver/Src/stm32f3xx_hal_uart_ex.o

.debug_rnglists
                0x00000000     0x12e8
 .debug_rnglists
                0x00000000      0x1dc ./Core/Src/MIDI.o
 .debug_rnglists
                0x000001dc       0x1f ./Core/Src/MidiHandlers.o
 .debug_rnglists
                0x000001fb       0x3f ./Core/Src/adsr.o
 .debug_rnglists
                0x0000023a       0xa9 ./Core/Src/main.o
 .debug_rnglists
                0x000002e3       0x55 ./Core/Src/mcp4728_mod.o
 .debug_rnglists
                0x00000338       0xc0 ./Core/Src/ssd1306.o
 .debug_rnglists
                0x000003f8       0x66 ./Core/Src/stm32f3xx_hal_msp.o
 .debug_rnglists
                0x0000045e       0x61 ./Core/Src/stm32f3xx_it.o
 .debug_rnglists
                0x000004bf       0x1a ./Core/Src/system_stm32f3xx.o
 .debug_rnglists
                0x000004d9       0x19 ./Core/Startup/startup_stm32f373cctx.o
 .debug_rnglists
                0x000004f2       0xa3 ./Drivers/STM32F3xx_HAL_Driver/Src/stm32f3xx_hal.o
 .debug_rnglists
                0x00000595       0xda ./Drivers/STM32F3xx_HAL_Driver/Src/stm32f3xx_hal_cortex.o
 .debug_rnglists
                0x0000066f       0x7a ./Drivers/STM32F3xx_HAL_Driver/Src/stm32f3xx_hal_dac.o
 .debug_rnglists
                0x000006e9       0x89 ./Drivers/STM32F3xx_HAL_Driver/Src/stm32f3xx_hal_dac_ex.o
 .debug_rnglists
                0x00000772       0x69 ./Drivers/STM32F3xx_HAL_Driver/Src/stm32f3xx_hal_dma.o
 .debug_rnglists
                0x000007db       0x3f ./Drivers/STM32F3xx_HAL_Driver/Src/stm32f3xx_hal_gpio.o
 .debug_rnglists
                0x0000081a      0x228 ./Drivers/STM32F3xx_HAL_Driver/Src/stm32f3xx_hal_i2c.o
 .debug_rnglists
                0x00000a42       0x35 ./Drivers/STM32F3xx_HAL_Driver/Src/stm32f3xx_hal_i2c_ex.o
 .debug_rnglists
                0x00000a77       0x66 ./Drivers/STM32F3xx_HAL_Driver/Src/stm32f3xx_hal_rcc.o
 .debug_rnglists
                0x00000add       0x28 ./Drivers/STM32F3xx_HAL_Driver/Src/stm32f3xx_hal_rcc_ex.o
 .debug_rnglists
                0x00000b05      0x178 ./Drivers/STM32F3xx_HAL_Driver/Src/stm32f3xx_hal_spi.o
 .debug_rnglists
                0x00000c7d      0x318 ./Drivers/STM32F3xx_HAL_Driver/Src/stm32f3xx_hal_tim.o
 .debug_rnglists
                0x00000f95      0x125 ./Drivers/STM32F3xx_HAL_Driver/Src/stm32f3xx_hal_tim_ex.o
 .debug_rnglists
                0x000010ba      0x1da ./Drivers/STM32F3xx_HAL_Driver/Src/stm32f3xx_hal_uart.o
 .debug_rnglists
                0x00001294       0x54 ./Drivers/STM32F3xx_HAL_Driver/Src/stm32f3xx_hal_uart_ex.o

.debug_macro    0x00000000    0x208d8
 .debug_macro   0x00000000      0x214 ./Core/Src/MIDI.o
 .debug_macro   0x00000214      0xb8c ./Core/Src/MIDI.o
 .debug_macro   0x00000da0      0x163 ./Core/Src/MIDI.o
 .debug_macro   0x00000f03       0x2e ./Core/Src/MIDI.o
 .debug_macro   0x00000f31       0x28 ./Core/Src/MIDI.o
 .debug_macro   0x00000f59       0x1c ./Core/Src/MIDI.o
 .debug_macro   0x00000f75       0x22 ./Core/Src/MIDI.o
 .debug_macro   0x00000f97       0x8e ./Core/Src/MIDI.o
 .debug_macro   0x00001025       0x51 ./Core/Src/MIDI.o
 .debug_macro   0x00001076      0x103 ./Core/Src/MIDI.o
 .debug_macro   0x00001179       0x6a ./Core/Src/MIDI.o
 .debug_macro   0x000011e3      0x1df ./Core/Src/MIDI.o
 .debug_macro   0x000013c2       0x1c ./Core/Src/MIDI.o
 .debug_macro   0x000013de       0x22 ./Core/Src/MIDI.o
 .debug_macro   0x00001400       0xd9 ./Core/Src/MIDI.o
 .debug_macro   0x000014d9     0x102d ./Core/Src/MIDI.o
 .debug_macro   0x00002506      0x11f ./Core/Src/MIDI.o
 .debug_macro   0x00002625    0x1071e ./Core/Src/MIDI.o
 .debug_macro   0x00012d43       0x6d ./Core/Src/MIDI.o
 .debug_macro   0x00012db0     0x3582 ./Core/Src/MIDI.o
 .debug_macro   0x00016332      0x190 ./Core/Src/MIDI.o
 .debug_macro   0x000164c2       0x55 ./Core/Src/MIDI.o
 .debug_macro   0x00016517      0x95a ./Core/Src/MIDI.o
 .debug_macro   0x00016e71      0x5dc ./Core/Src/MIDI.o
 .debug_macro   0x0001744d      0x1b5 ./Core/Src/MIDI.o
 .debug_macro   0x00017602      0x161 ./Core/Src/MIDI.o
 .debug_macro   0x00017763      0x1ab ./Core/Src/MIDI.o
 .debug_macro   0x0001790e      0x1bc ./Core/Src/MIDI.o
 .debug_macro   0x00017aca       0x30 ./Core/Src/MIDI.o
 .debug_macro   0x00017afa       0x3c ./Core/Src/MIDI.o
 .debug_macro   0x00017b36      0x235 ./Core/Src/MIDI.o
 .debug_macro   0x00017d6b      0x176 ./Core/Src/MIDI.o
 .debug_macro   0x00017ee1       0x6c ./Core/Src/MIDI.o
 .debug_macro   0x00017f4d       0xc5 ./Core/Src/MIDI.o
 .debug_macro   0x00018012      0x231 ./Core/Src/MIDI.o
 .debug_macro   0x00018243      0x22c ./Core/Src/MIDI.o
 .debug_macro   0x0001846f       0x5b ./Core/Src/MIDI.o
 .debug_macro   0x000184ca       0xa5 ./Core/Src/MIDI.o
 .debug_macro   0x0001856f       0x81 ./Core/Src/MIDI.o
 .debug_macro   0x000185f0       0xec ./Core/Src/MIDI.o
 .debug_macro   0x000186dc      0x2fe ./Core/Src/MIDI.o
 .debug_macro   0x000189da      0x8fb ./Core/Src/MIDI.o
 .debug_macro   0x000192d5       0x41 ./Core/Src/MIDI.o
 .debug_macro   0x00019316      0x5ba ./Core/Src/MIDI.o
 .debug_macro   0x000198d0       0x3e ./Core/Src/MIDI.o
 .debug_macro   0x0001990e      0x244 ./Core/Src/MIDI.o
 .debug_macro   0x00019b52       0x28 ./Core/Src/MIDI.o
 .debug_macro   0x00019b7a      0x221 ./Core/Src/MidiHandlers.o
 .debug_macro   0x00019d9b       0x58 ./Core/Src/MidiHandlers.o
 .debug_macro   0x00019df3       0x2e ./Core/Src/MidiHandlers.o
 .debug_macro   0x00019e21      0x2f5 ./Core/Src/adsr.o
 .debug_macro   0x0001a116      0xab4 ./Core/Src/adsr.o
 .debug_macro   0x0001abca     0x102d ./Core/Src/adsr.o
 .debug_macro   0x0001bbf7      0x189 ./Core/Src/adsr.o
 .debug_macro   0x0001bd80       0x22 ./Core/Src/adsr.o
 .debug_macro   0x0001bda2       0x61 ./Core/Src/adsr.o
 .debug_macro   0x0001be03       0x2a ./Core/Src/adsr.o
 .debug_macro   0x0001be2d       0x43 ./Core/Src/adsr.o
 .debug_macro   0x0001be70       0x34 ./Core/Src/adsr.o
 .debug_macro   0x0001bea4       0x16 ./Core/Src/adsr.o
 .debug_macro   0x0001beba       0x35 ./Core/Src/adsr.o
 .debug_macro   0x0001beef      0x369 ./Core/Src/adsr.o
 .debug_macro   0x0001c258       0x10 ./Core/Src/adsr.o
 .debug_macro   0x0001c268       0x16 ./Core/Src/adsr.o
 .debug_macro   0x0001c27e       0x43 ./Core/Src/adsr.o
 .debug_macro   0x0001c2c1       0x34 ./Core/Src/adsr.o
 .debug_macro   0x0001c2f5       0x10 ./Core/Src/adsr.o
 .debug_macro   0x0001c305       0x58 ./Core/Src/adsr.o
 .debug_macro   0x0001c35d       0x8e ./Core/Src/adsr.o
 .debug_macro   0x0001c3eb       0x1c ./Core/Src/adsr.o
 .debug_macro   0x0001c407      0x177 ./Core/Src/adsr.o
 .debug_macro   0x0001c57e       0x16 ./Core/Src/adsr.o
 .debug_macro   0x0001c594       0x16 ./Core/Src/adsr.o
 .debug_macro   0x0001c5aa      0x146 ./Core/Src/adsr.o
 .debug_macro   0x0001c6f0       0x1b ./Core/Src/lookup_t.o
 .debug_macro   0x0001c70b      0x44d ./Core/Src/main.o
 .debug_macro   0x0001cb58       0x52 ./Core/Src/main.o
 .debug_macro   0x0001cbaa       0x34 ./Core/Src/main.o
 .debug_macro   0x0001cbde       0x35 ./Core/Src/main.o
 .debug_macro   0x0001cc13      0x38c ./Core/Src/main.o
 .debug_macro   0x0001cf9f       0x43 ./Core/Src/main.o
 .debug_macro   0x0001cfe2       0x16 ./Core/Src/main.o
 .debug_macro   0x0001cff8      0x138 ./Core/Src/main.o
 .debug_macro   0x0001d130       0x18 ./Core/Src/main.o
 .debug_macro   0x0001d148      0x194 ./Core/Src/main.o
 .debug_macro   0x0001d2dc       0x10 ./Core/Src/main.o
 .debug_macro   0x0001d2ec       0x16 ./Core/Src/main.o
 .debug_macro   0x0001d302       0x16 ./Core/Src/main.o
 .debug_macro   0x0001d318       0x29 ./Core/Src/main.o
 .debug_macro   0x0001d341       0x10 ./Core/Src/main.o
 .debug_macro   0x0001d351      0x3c7 ./Core/Src/main.o
 .debug_macro   0x0001d718       0xa6 ./Core/Src/main.o
 .debug_macro   0x0001d7be       0x46 ./Core/Src/main.o
 .debug_macro   0x0001d804       0x4c ./Core/Src/main.o
 .debug_macro   0x0001d850       0x16 ./Core/Src/main.o
 .debug_macro   0x0001d866       0x10 ./Core/Src/main.o
 .debug_macro   0x0001d876      0x20f ./Core/Src/mcp4728_mod.o
 .debug_macro   0x0001da85       0xa0 ./Core/Src/mcp4728_mod.o
 .debug_macro   0x0001db25      0x376 ./Core/Src/ssd1306.o
 .debug_macro   0x0001de9b       0x28 ./Core/Src/ssd1306.o
 .debug_macro   0x0001dec3      0x19b ./Core/Src/ssd1306.o
 .debug_macro   0x0001e05e       0x16 ./Core/Src/ssd1306.o
 .debug_macro   0x0001e074       0x20 ./Core/Src/ssd1306.o
 .debug_macro   0x0001e094       0x1c ./Core/Src/ssd1306.o
 .debug_macro   0x0001e0b0       0x1c ./Core/Src/ssd1306.o
 .debug_macro   0x0001e0cc       0x4c ./Core/Src/ssd1306.o
 .debug_macro   0x0001e118      0x256 ./Core/Src/ssd1306_fonts.o
 .debug_macro   0x0001e36e      0x20f ./Core/Src/stm32f3xx_hal_msp.o
 .debug_macro   0x0001e57d      0x219 ./Core/Src/stm32f3xx_it.o
 .debug_macro   0x0001e796      0x200 ./Core/Src/system_stm32f3xx.o
 .debug_macro   0x0001e996      0x224 ./Drivers/STM32F3xx_HAL_Driver/Src/stm32f3xx_hal.o
 .debug_macro   0x0001ebba      0x200 ./Drivers/STM32F3xx_HAL_Driver/Src/stm32f3xx_hal_cortex.o
 .debug_macro   0x0001edba      0x201 ./Drivers/STM32F3xx_HAL_Driver/Src/stm32f3xx_hal_dac.o
 .debug_macro   0x0001efbb      0x200 ./Drivers/STM32F3xx_HAL_Driver/Src/stm32f3xx_hal_dac_ex.o
 .debug_macro   0x0001f1bb      0x200 ./Drivers/STM32F3xx_HAL_Driver/Src/stm32f3xx_hal_dma.o
 .debug_macro   0x0001f3bb      0x207 ./Drivers/STM32F3xx_HAL_Driver/Src/stm32f3xx_hal_gpio.o
 .debug_macro   0x0001f5c2      0x2cc ./Drivers/STM32F3xx_HAL_Driver/Src/stm32f3xx_hal_i2c.o
 .debug_macro   0x0001f88e      0x200 ./Drivers/STM32F3xx_HAL_Driver/Src/stm32f3xx_hal_i2c_ex.o
 .debug_macro   0x0001fa8e      0x224 ./Drivers/STM32F3xx_HAL_Driver/Src/stm32f3xx_hal_rcc.o
 .debug_macro   0x0001fcb2      0x200 ./Drivers/STM32F3xx_HAL_Driver/Src/stm32f3xx_hal_rcc_ex.o
 .debug_macro   0x0001feb2      0x208 ./Drivers/STM32F3xx_HAL_Driver/Src/stm32f3xx_hal_spi.o
 .debug_macro   0x000200ba      0x201 ./Drivers/STM32F3xx_HAL_Driver/Src/stm32f3xx_hal_tim.o
 .debug_macro   0x000202bb      0x200 ./Drivers/STM32F3xx_HAL_Driver/Src/stm32f3xx_hal_tim_ex.o
 .debug_macro   0x000204bb      0x21d ./Drivers/STM32F3xx_HAL_Driver/Src/stm32f3xx_hal_uart.o
 .debug_macro   0x000206d8      0x200 ./Drivers/STM32F3xx_HAL_Driver/Src/stm32f3xx_hal_uart_ex.o

.debug_line     0x00000000    0x1e0b0
 .debug_line    0x00000000     0x1643 ./Core/Src/MIDI.o
 .debug_line    0x00001643      0x827 ./Core/Src/MidiHandlers.o
 .debug_line    0x00001e6a      0xaf4 ./Core/Src/adsr.o
 .debug_line    0x0000295e       0x51 ./Core/Src/lookup_t.o
 .debug_line    0x000029af     0x155c ./Core/Src/main.o
 .debug_line    0x00003f0b      0xba5 ./Core/Src/mcp4728_mod.o
 .debug_line    0x00004ab0     0x1292 ./Core/Src/ssd1306.o
 .debug_line    0x00005d42      0x8d4 ./Core/Src/ssd1306_fonts.o
 .debug_line    0x00006616      0xa6a ./Core/Src/stm32f3xx_hal_msp.o
 .debug_line    0x00007080      0x916 ./Core/Src/stm32f3xx_it.o
 .debug_line    0x00007996      0x855 ./Core/Src/system_stm32f3xx.o
 .debug_line    0x000081eb       0x7a ./Core/Startup/startup_stm32f373cctx.o
 .debug_line    0x00008265      0xa8d ./Drivers/STM32F3xx_HAL_Driver/Src/stm32f3xx_hal.o
 .debug_line    0x00008cf2      0xd7a ./Drivers/STM32F3xx_HAL_Driver/Src/stm32f3xx_hal_cortex.o
 .debug_line    0x00009a6c      0x9d3 ./Drivers/STM32F3xx_HAL_Driver/Src/stm32f3xx_hal_dac.o
 .debug_line    0x0000a43f      0xc51 ./Drivers/STM32F3xx_HAL_Driver/Src/stm32f3xx_hal_dac_ex.o
 .debug_line    0x0000b090      0xd9b ./Drivers/STM32F3xx_HAL_Driver/Src/stm32f3xx_hal_dma.o
 .debug_line    0x0000be2b      0xc04 ./Drivers/STM32F3xx_HAL_Driver/Src/stm32f3xx_hal_gpio.o
 .debug_line    0x0000ca2f     0x3b04 ./Drivers/STM32F3xx_HAL_Driver/Src/stm32f3xx_hal_i2c.o
 .debug_line    0x00010533      0x9f9 ./Drivers/STM32F3xx_HAL_Driver/Src/stm32f3xx_hal_i2c_ex.o
 .debug_line    0x00010f2c     0x1421 ./Drivers/STM32F3xx_HAL_Driver/Src/stm32f3xx_hal_rcc.o
 .debug_line    0x0001234d      0xc73 ./Drivers/STM32F3xx_HAL_Driver/Src/stm32f3xx_hal_rcc_ex.o
 .debug_line    0x00012fc0     0x20c6 ./Drivers/STM32F3xx_HAL_Driver/Src/stm32f3xx_hal_spi.o
 .debug_line    0x00015086     0x3838 ./Drivers/STM32F3xx_HAL_Driver/Src/stm32f3xx_hal_tim.o
 .debug_line    0x000188be     0x1a8d ./Drivers/STM32F3xx_HAL_Driver/Src/stm32f3xx_hal_tim_ex.o
 .debug_line    0x0001a34b     0x3178 ./Drivers/STM32F3xx_HAL_Driver/Src/stm32f3xx_hal_uart.o
 .debug_line    0x0001d4c3      0xbed ./Drivers/STM32F3xx_HAL_Driver/Src/stm32f3xx_hal_uart_ex.o

.debug_str      0x00000000    0xb08ab
 .debug_str     0x00000000    0xa35b0 ./Core/Src/MIDI.o
                              0xa3ec4 (size before relaxing)
 .debug_str     0x000a35b0      0x1da ./Core/Src/MidiHandlers.o
                              0xa20f1 (size before relaxing)
 .debug_str     0x000a378a     0x3a73 ./Core/Src/adsr.o
                              0xa5276 (size before relaxing)
 .debug_str     0x000a71fd       0x3d ./Core/Src/lookup_t.o
                               0x2e3e (size before relaxing)
 .debug_str     0x000a723a     0x48d3 ./Core/Src/main.o
                              0xabfd7 (size before relaxing)
 .debug_str     0x000abb0d       0xf9 ./Core/Src/mcp4728_mod.o
                              0xa2207 (size before relaxing)
 .debug_str     0x000abc06      0x528 ./Core/Src/ssd1306.o
                              0xa672b (size before relaxing)
 .debug_str     0x000ac12e       0x8a ./Core/Src/ssd1306_fonts.o
                              0xa2015 (size before relaxing)
 .debug_str     0x000ac1b8      0x492 ./Core/Src/stm32f3xx_hal_msp.o
                              0xa2d76 (size before relaxing)
 .debug_str     0x000ac64a      0x125 ./Core/Src/stm32f3xx_it.o
                              0xa24da (size before relaxing)
 .debug_str     0x000ac76f       0xdf ./Core/Src/system_stm32f3xx.o
                              0xa1afa (size before relaxing)
 .debug_str     0x000ac84e       0x44 ./Core/Startup/startup_stm32f373cctx.o
                                 0x6c (size before relaxing)
 .debug_str     0x000ac892      0x38d ./Drivers/STM32F3xx_HAL_Driver/Src/stm32f3xx_hal.o
                              0xa22db (size before relaxing)
 .debug_str     0x000acc1f      0x345 ./Drivers/STM32F3xx_HAL_Driver/Src/stm32f3xx_hal_cortex.o
                              0xa235f (size before relaxing)
 .debug_str     0x000acf64      0x148 ./Drivers/STM32F3xx_HAL_Driver/Src/stm32f3xx_hal_dac.o
                              0xa1efe (size before relaxing)
 .debug_str     0x000ad0ac      0x1b2 ./Drivers/STM32F3xx_HAL_Driver/Src/stm32f3xx_hal_dac_ex.o
                              0xa2007 (size before relaxing)
 .debug_str     0x000ad25e      0x229 ./Drivers/STM32F3xx_HAL_Driver/Src/stm32f3xx_hal_dma.o
                              0xa1e42 (size before relaxing)
 .debug_str     0x000ad487      0x102 ./Drivers/STM32F3xx_HAL_Driver/Src/stm32f3xx_hal_gpio.o
                              0xa1c3f (size before relaxing)
 .debug_str     0x000ad589      0xe19 ./Drivers/STM32F3xx_HAL_Driver/Src/stm32f3xx_hal_i2c.o
                              0xa2dfa (size before relaxing)
 .debug_str     0x000ae3a2       0xb8 ./Drivers/STM32F3xx_HAL_Driver/Src/stm32f3xx_hal_i2c_ex.o
                              0xa1ffa (size before relaxing)
 .debug_str     0x000ae45a      0x2bb ./Drivers/STM32F3xx_HAL_Driver/Src/stm32f3xx_hal_rcc.o
                              0xa1f9a (size before relaxing)
 .debug_str     0x000ae715       0xbf ./Drivers/STM32F3xx_HAL_Driver/Src/stm32f3xx_hal_rcc_ex.o
                              0xa1cfc (size before relaxing)
 .debug_str     0x000ae7d4      0x54a ./Drivers/STM32F3xx_HAL_Driver/Src/stm32f3xx_hal_spi.o
                              0xa2420 (size before relaxing)
 .debug_str     0x000aed1e      0xd45 ./Drivers/STM32F3xx_HAL_Driver/Src/stm32f3xx_hal_tim.o
                              0xa2eb2 (size before relaxing)
 .debug_str     0x000afa63      0x493 ./Drivers/STM32F3xx_HAL_Driver/Src/stm32f3xx_hal_tim_ex.o
                              0xa26be (size before relaxing)
 .debug_str     0x000afef6      0x7fd ./Drivers/STM32F3xx_HAL_Driver/Src/stm32f3xx_hal_uart.o
                              0xa281d (size before relaxing)
 .debug_str     0x000b06f3      0x1b8 ./Drivers/STM32F3xx_HAL_Driver/Src/stm32f3xx_hal_uart_ex.o
                              0xa2122 (size before relaxing)

.comment        0x00000000       0x43
 .comment       0x00000000       0x43 ./Core/Src/MIDI.o
                                 0x44 (size before relaxing)
 .comment       0x00000043       0x44 ./Core/Src/MidiHandlers.o
 .comment       0x00000043       0x44 ./Core/Src/adsr.o
 .comment       0x00000043       0x44 ./Core/Src/lookup_t.o
 .comment       0x00000043       0x44 ./Core/Src/main.o
 .comment       0x00000043       0x44 ./Core/Src/mcp4728_mod.o
 .comment       0x00000043       0x44 ./Core/Src/ssd1306.o
 .comment       0x00000043       0x44 ./Core/Src/ssd1306_fonts.o
 .comment       0x00000043       0x44 ./Core/Src/stm32f3xx_hal_msp.o
 .comment       0x00000043       0x44 ./Core/Src/stm32f3xx_it.o
 .comment       0x00000043       0x44 ./Core/Src/system_stm32f3xx.o
 .comment       0x00000043       0x44 ./Drivers/STM32F3xx_HAL_Driver/Src/stm32f3xx_hal.o
 .comment       0x00000043       0x44 ./Drivers/STM32F3xx_HAL_Driver/Src/stm32f3xx_hal_cortex.o
 .comment       0x00000043       0x44 ./Drivers/STM32F3xx_HAL_Driver/Src/stm32f3xx_hal_dac.o
 .comment       0x00000043       0x44 ./Drivers/STM32F3xx_HAL_Driver/Src/stm32f3xx_hal_dac_ex.o
 .comment       0x00000043       0x44 ./Drivers/STM32F3xx_HAL_Driver/Src/stm32f3xx_hal_dma.o
 .comment       0x00000043       0x44 ./Drivers/STM32F3xx_HAL_Driver/Src/stm32f3xx_hal_gpio.o
 .comment       0x00000043       0x44 ./Drivers/STM32F3xx_HAL_Driver/Src/stm32f3xx_hal_i2c.o
 .comment       0x00000043       0x44 ./Drivers/STM32F3xx_HAL_Driver/Src/stm32f3xx_hal_i2c_ex.o
 .comment       0x00000043       0x44 ./Drivers/STM32F3xx_HAL_Driver/Src/stm32f3xx_hal_rcc.o
 .comment       0x00000043       0x44 ./Drivers/STM32F3xx_HAL_Driver/Src/stm32f3xx_hal_rcc_ex.o
 .comment       0x00000043       0x44 ./Drivers/STM32F3xx_HAL_Driver/Src/stm32f3xx_hal_spi.o
 .comment       0x00000043       0x44 ./Drivers/STM32F3xx_HAL_Driver/Src/stm32f3xx_hal_tim.o
 .comment       0x00000043       0x44 ./Drivers/STM32F3xx_HAL_Driver/Src/stm32f3xx_hal_tim_ex.o
 .comment       0x00000043       0x44 ./Drivers/STM32F3xx_HAL_Driver/Src/stm32f3xx_hal_uart.o
 .comment       0x00000043       0x44 ./Drivers/STM32F3xx_HAL_Driver/Src/stm32f3xx_hal_uart_ex.o

.debug_frame    0x00000000     0x6944
 .debug_frame   0x00000000      0xb64 ./Core/Src/MIDI.o
 .debug_frame   0x00000b64       0x6c ./Core/Src/MidiHandlers.o
 .debug_frame   0x00000bd0      0x150 ./Core/Src/adsr.o
 .debug_frame   0x00000d20      0x330 ./Core/Src/main.o
 .debug_frame   0x00001050      0x1c0 ./Core/Src/mcp4728_mod.o
 .debug_frame   0x00001210      0x444 ./Core/Src/ssd1306.o
 .debug_frame   0x00001654      0x214 ./Core/Src/stm32f3xx_hal_msp.o
 .debug_frame   0x00001868      0x190 ./Core/Src/stm32f3xx_it.o
 .debug_frame   0x000019f8       0x58 ./Core/Src/system_stm32f3xx.o
 .debug_frame   0x00001a50      0x334 ./Drivers/STM32F3xx_HAL_Driver/Src/stm32f3xx_hal.o
 .debug_frame   0x00001d84      0x4e8 ./Drivers/STM32F3xx_HAL_Driver/Src/stm32f3xx_hal_cortex.o
 .debug_frame   0x0000226c      0x2d4 ./Drivers/STM32F3xx_HAL_Driver/Src/stm32f3xx_hal_dac.o
 .debug_frame   0x00002540      0x310 ./Drivers/STM32F3xx_HAL_Driver/Src/stm32f3xx_hal_dac_ex.o
 .debug_frame   0x00002850      0x224 ./Drivers/STM32F3xx_HAL_Driver/Src/stm32f3xx_hal_dma.o
 .debug_frame   0x00002a74      0x14c ./Drivers/STM32F3xx_HAL_Driver/Src/stm32f3xx_hal_gpio.o
 .debug_frame   0x00002bc0      0xc38 ./Drivers/STM32F3xx_HAL_Driver/Src/stm32f3xx_hal_i2c.o
 .debug_frame   0x000037f8      0x100 ./Drivers/STM32F3xx_HAL_Driver/Src/stm32f3xx_hal_i2c_ex.o
 .debug_frame   0x000038f8      0x214 ./Drivers/STM32F3xx_HAL_Driver/Src/stm32f3xx_hal_rcc.o
 .debug_frame   0x00003b0c       0xb0 ./Drivers/STM32F3xx_HAL_Driver/Src/stm32f3xx_hal_rcc_ex.o
 .debug_frame   0x00003bbc      0x860 ./Drivers/STM32F3xx_HAL_Driver/Src/stm32f3xx_hal_spi.o
 .debug_frame   0x0000441c     0x11c0 ./Drivers/STM32F3xx_HAL_Driver/Src/stm32f3xx_hal_tim.o
 .debug_frame   0x000055dc      0x638 ./Drivers/STM32F3xx_HAL_Driver/Src/stm32f3xx_hal_tim_ex.o
 .debug_frame   0x00005c14      0x9e8 ./Drivers/STM32F3xx_HAL_Driver/Src/stm32f3xx_hal_uart.o
 .debug_frame   0x000065fc      0x1b4 ./Drivers/STM32F3xx_HAL_Driver/Src/stm32f3xx_hal_uart_ex.o
 .debug_frame   0x000067b0       0x20 C:/ST/STM32CubeIDE_1.15.1/STM32CubeIDE/plugins/com.st.stm32cube.ide.mcu.externaltools.gnu-tools-for-stm32.12.3.rel1.win32_1.0.200.202406191623/tools/bin/../lib/gcc/arm-none-eabi/12.3.1/../../../../arm-none-eabi/lib/thumb/v7e-m+fp/hard\libc_nano.a(libc_a-memset.o)
 .debug_frame   0x000067d0       0x2c C:/ST/STM32CubeIDE_1.15.1/STM32CubeIDE/plugins/com.st.stm32cube.ide.mcu.externaltools.gnu-tools-for-stm32.12.3.rel1.win32_1.0.200.202406191623/tools/bin/../lib/gcc/arm-none-eabi/12.3.1/../../../../arm-none-eabi/lib/thumb/v7e-m+fp/hard\libc_nano.a(libc_a-init.o)
 .debug_frame   0x000067fc       0x28 C:/ST/STM32CubeIDE_1.15.1/STM32CubeIDE/plugins/com.st.stm32cube.ide.mcu.externaltools.gnu-tools-for-stm32.12.3.rel1.win32_1.0.200.202406191623/tools/bin/../lib/gcc/arm-none-eabi/12.3.1/../../../../arm-none-eabi/lib/thumb/v7e-m+fp/hard\libc_nano.a(libc_a-memcpy-stub.o)
 .debug_frame   0x00006824       0xac C:/ST/STM32CubeIDE_1.15.1/STM32CubeIDE/plugins/com.st.stm32cube.ide.mcu.externaltools.gnu-tools-for-stm32.12.3.rel1.win32_1.0.200.202406191623/tools/bin/../lib/gcc/arm-none-eabi/12.3.1/thumb/v7e-m+fp/hard\libgcc.a(_arm_addsubdf3.o)
 .debug_frame   0x000068d0       0x50 C:/ST/STM32CubeIDE_1.15.1/STM32CubeIDE/plugins/com.st.stm32cube.ide.mcu.externaltools.gnu-tools-for-stm32.12.3.rel1.win32_1.0.200.202406191623/tools/bin/../lib/gcc/arm-none-eabi/12.3.1/thumb/v7e-m+fp/hard\libgcc.a(_arm_muldivdf3.o)
 .debug_frame   0x00006920       0x24 C:/ST/STM32CubeIDE_1.15.1/STM32CubeIDE/plugins/com.st.stm32cube.ide.mcu.externaltools.gnu-tools-for-stm32.12.3.rel1.win32_1.0.200.202406191623/tools/bin/../lib/gcc/arm-none-eabi/12.3.1/thumb/v7e-m+fp/hard\libgcc.a(_arm_fixunsdfsi.o)

.debug_line_str
                0x00000000       0x50
 .debug_line_str
                0x00000000       0x50 ./Core/Startup/startup_stm32f373cctx.o
