Archive member included to satisfy reference by file (symbol)

C:/ST/STM32CubeIDE_1.15.1/STM32CubeIDE/plugins/com.st.stm32cube.ide.mcu.externaltools.gnu-tools-for-stm32.13.3.rel1.win32_1.0.0.202411081344/tools/bin/../lib/gcc/arm-none-eabi/13.3.1/../../../../arm-none-eabi/lib/thumb/v7e-m+fp/hard\libm.a(libm_a-sf_cos.o)
                              ./Core/Src/ssd1306.o (cosf)
C:/ST/STM32CubeIDE_1.15.1/STM32CubeIDE/plugins/com.st.stm32cube.ide.mcu.externaltools.gnu-tools-for-stm32.13.3.rel1.win32_1.0.0.202411081344/tools/bin/../lib/gcc/arm-none-eabi/13.3.1/../../../../arm-none-eabi/lib/thumb/v7e-m+fp/hard\libm.a(libm_a-sf_sin.o)
                              ./Core/Src/ssd1306.o (sinf)
C:/ST/STM32CubeIDE_1.15.1/STM32CubeIDE/plugins/com.st.stm32cube.ide.mcu.externaltools.gnu-tools-for-stm32.13.3.rel1.win32_1.0.0.202411081344/tools/bin/../lib/gcc/arm-none-eabi/13.3.1/../../../../arm-none-eabi/lib/thumb/v7e-m+fp/hard\libm.a(libm_a-kf_cos.o)
                              C:/ST/STM32CubeIDE_1.15.1/STM32CubeIDE/plugins/com.st.stm32cube.ide.mcu.externaltools.gnu-tools-for-stm32.13.3.rel1.win32_1.0.0.202411081344/tools/bin/../lib/gcc/arm-none-eabi/13.3.1/../../../../arm-none-eabi/lib/thumb/v7e-m+fp/hard\libm.a(libm_a-sf_cos.o) (__kernel_cosf)
C:/ST/STM32CubeIDE_1.15.1/STM32CubeIDE/plugins/com.st.stm32cube.ide.mcu.externaltools.gnu-tools-for-stm32.13.3.rel1.win32_1.0.0.202411081344/tools/bin/../lib/gcc/arm-none-eabi/13.3.1/../../../../arm-none-eabi/lib/thumb/v7e-m+fp/hard\libm.a(libm_a-kf_sin.o)
                              C:/ST/STM32CubeIDE_1.15.1/STM32CubeIDE/plugins/com.st.stm32cube.ide.mcu.externaltools.gnu-tools-for-stm32.13.3.rel1.win32_1.0.0.202411081344/tools/bin/../lib/gcc/arm-none-eabi/13.3.1/../../../../arm-none-eabi/lib/thumb/v7e-m+fp/hard\libm.a(libm_a-sf_cos.o) (__kernel_sinf)
C:/ST/STM32CubeIDE_1.15.1/STM32CubeIDE/plugins/com.st.stm32cube.ide.mcu.externaltools.gnu-tools-for-stm32.13.3.rel1.win32_1.0.0.202411081344/tools/bin/../lib/gcc/arm-none-eabi/13.3.1/../../../../arm-none-eabi/lib/thumb/v7e-m+fp/hard\libm.a(libm_a-ef_rem_pio2.o)
                              C:/ST/STM32CubeIDE_1.15.1/STM32CubeIDE/plugins/com.st.stm32cube.ide.mcu.externaltools.gnu-tools-for-stm32.13.3.rel1.win32_1.0.0.202411081344/tools/bin/../lib/gcc/arm-none-eabi/13.3.1/../../../../arm-none-eabi/lib/thumb/v7e-m+fp/hard\libm.a(libm_a-sf_cos.o) (__ieee754_rem_pio2f)
C:/ST/STM32CubeIDE_1.15.1/STM32CubeIDE/plugins/com.st.stm32cube.ide.mcu.externaltools.gnu-tools-for-stm32.13.3.rel1.win32_1.0.0.202411081344/tools/bin/../lib/gcc/arm-none-eabi/13.3.1/../../../../arm-none-eabi/lib/thumb/v7e-m+fp/hard\libm.a(libm_a-sf_fabs.o)
                              C:/ST/STM32CubeIDE_1.15.1/STM32CubeIDE/plugins/com.st.stm32cube.ide.mcu.externaltools.gnu-tools-for-stm32.13.3.rel1.win32_1.0.0.202411081344/tools/bin/../lib/gcc/arm-none-eabi/13.3.1/../../../../arm-none-eabi/lib/thumb/v7e-m+fp/hard\libm.a(libm_a-ef_rem_pio2.o) (fabsf)
C:/ST/STM32CubeIDE_1.15.1/STM32CubeIDE/plugins/com.st.stm32cube.ide.mcu.externaltools.gnu-tools-for-stm32.13.3.rel1.win32_1.0.0.202411081344/tools/bin/../lib/gcc/arm-none-eabi/13.3.1/../../../../arm-none-eabi/lib/thumb/v7e-m+fp/hard\libm.a(libm_a-kf_rem_pio2.o)
                              C:/ST/STM32CubeIDE_1.15.1/STM32CubeIDE/plugins/com.st.stm32cube.ide.mcu.externaltools.gnu-tools-for-stm32.13.3.rel1.win32_1.0.0.202411081344/tools/bin/../lib/gcc/arm-none-eabi/13.3.1/../../../../arm-none-eabi/lib/thumb/v7e-m+fp/hard\libm.a(libm_a-ef_rem_pio2.o) (__kernel_rem_pio2f)
C:/ST/STM32CubeIDE_1.15.1/STM32CubeIDE/plugins/com.st.stm32cube.ide.mcu.externaltools.gnu-tools-for-stm32.13.3.rel1.win32_1.0.0.202411081344/tools/bin/../lib/gcc/arm-none-eabi/13.3.1/../../../../arm-none-eabi/lib/thumb/v7e-m+fp/hard\libm.a(libm_a-sf_scalbn.o)
                              C:/ST/STM32CubeIDE_1.15.1/STM32CubeIDE/plugins/com.st.stm32cube.ide.mcu.externaltools.gnu-tools-for-stm32.13.3.rel1.win32_1.0.0.202411081344/tools/bin/../lib/gcc/arm-none-eabi/13.3.1/../../../../arm-none-eabi/lib/thumb/v7e-m+fp/hard\libm.a(libm_a-kf_rem_pio2.o) (scalbnf)
C:/ST/STM32CubeIDE_1.15.1/STM32CubeIDE/plugins/com.st.stm32cube.ide.mcu.externaltools.gnu-tools-for-stm32.13.3.rel1.win32_1.0.0.202411081344/tools/bin/../lib/gcc/arm-none-eabi/13.3.1/../../../../arm-none-eabi/lib/thumb/v7e-m+fp/hard\libm.a(libm_a-sf_floor.o)
                              C:/ST/STM32CubeIDE_1.15.1/STM32CubeIDE/plugins/com.st.stm32cube.ide.mcu.externaltools.gnu-tools-for-stm32.13.3.rel1.win32_1.0.0.202411081344/tools/bin/../lib/gcc/arm-none-eabi/13.3.1/../../../../arm-none-eabi/lib/thumb/v7e-m+fp/hard\libm.a(libm_a-kf_rem_pio2.o) (floorf)
C:/ST/STM32CubeIDE_1.15.1/STM32CubeIDE/plugins/com.st.stm32cube.ide.mcu.externaltools.gnu-tools-for-stm32.13.3.rel1.win32_1.0.0.202411081344/tools/bin/../lib/gcc/arm-none-eabi/13.3.1/../../../../arm-none-eabi/lib/thumb/v7e-m+fp/hard\libc_nano.a(libc_a-exit.o)
[...]
Memory Configuration

Name             Origin             Length             Attributes
CCMRAM           0x10000000         0x00010000         xrw
RAM              0x20000000         0x00020000         xrw
FLASH            0x08000000         0x00100000         xr
*default*        0x00000000         0xffffffff

Linker script and memory map

LOAD C:/ST/STM32CubeIDE_1.15.1/STM32CubeIDE/plugins/com.st.stm32cube.ide.mcu.externaltools.gnu-tools-for-stm32.13.3.rel1.win32_1.0.0.202411081344/tools/bin/../lib/gcc/arm-none-eabi/13.3.1/thumb/v7e-m+fp/hard/crti.o
LOAD C:/ST/STM32CubeIDE_1.15.1/STM32CubeIDE/plugins/com.st.stm32cube.ide.mcu.externaltools.gnu-tools-for-stm32.13.3.rel1.win32_1.0.0.202411081344/tools/bin/../lib/gcc/arm-none-eabi/13.3.1/thumb/v7e-m+fp/hard/crtbegin.o
LOAD C:/ST/STM32CubeIDE_1.15.1/STM32CubeIDE/plugins/com.st.stm32cube.ide.mcu.externaltools.gnu-tools-for-stm32.13.3.rel1.win32_1.0.0.202411081344/tools/bin/../lib/gcc/arm-none-eabi/13.3.1/../../../../arm-none-eabi/lib/thumb/v7e-m+fp/hard/crt0.o
LOAD ./Core/Src/MIDI.o
LOAD ./Core/Src/MidiHandlers.o
LOAD ./Core/Src/adsr.o
LOAD ./Core/Src/dac.o
LOAD ./Core/Src/lfo.o
LOAD ./Core/Src/lookup_t.o
LOAD ./Core/Src/main.o
LOAD ./Core/Src/mcp4728_mod.o
LOAD ./Core/Src/midi2freq.o
LOAD ./Core/Src/mygtukai.o
LOAD ./Core/Src/ssd1306.o
LOAD ./Core/Src/ssd1306_fonts.o
LOAD ./Core/Src/ssd1306_tests.o
LOAD ./Core/Src/stm32f4xx_hal_msp.o
LOAD ./Core/Src/stm32f4xx_it.o
LOAD ./Core/Src/syscalls.o
LOAD ./Core/Src/sysmem.o
LOAD ./Core/Src/system_stm32f4xx.o
LOAD ./Core/Startup/startup_stm32f405rgtx.o
LOAD ./Drivers/STM32F4xx_HAL_Driver/Src/stm32f4xx_hal.o
LOAD ./Drivers/STM32F4xx_HAL_Driver/Src/stm32f4xx_hal_cortex.o
LOAD ./Drivers/STM32F4xx_HAL_Driver/Src/stm32f4xx_hal_dac.o
LOAD ./Drivers/STM32F4xx_HAL_Driver/Src/stm32f4xx_hal_dac_ex.o
LOAD ./Drivers/STM32F4xx_HAL_Driver/Src/stm32f4xx_hal_dma.o
LOAD ./Drivers/STM32F4xx_HAL_Driver/Src/stm32f4xx_hal_dma_ex.o
LOAD ./Drivers/STM32F4xx_HAL_Driver/Src/stm32f4xx_hal_exti.o
LOAD ./Drivers/STM32F4xx_HAL_Driver/Src/stm32f4xx_hal_flash.o
LOAD ./Drivers/STM32F4xx_HAL_Driver/Src/stm32f4xx_hal_flash_ex.o
LOAD ./Drivers/STM32F4xx_HAL_Driver/Src/stm32f4xx_hal_flash_ramfunc.o
LOAD ./Drivers/STM32F4xx_HAL_Driver/Src/stm32f4xx_hal_gpio.o
LOAD ./Drivers/STM32F4xx_HAL_Driver/Src/stm32f4xx_hal_i2c.o
LOAD ./Drivers/STM32F4xx_HAL_Driver/Src/stm32f4xx_hal_i2c_ex.o
LOAD ./Drivers/STM32F4xx_HAL_Driver/Src/stm32f4xx_hal_pwr.o
LOAD ./Drivers/STM32F4xx_HAL_Driver/Src/stm32f4xx_hal_pwr_ex.o
LOAD ./Drivers/STM32F4xx_HAL_Driver/Src/stm32f4xx_hal_rcc.o
LOAD ./Drivers/STM32F4xx_HAL_Driver/Src/stm32f4xx_hal_rcc_ex.o
LOAD ./Drivers/STM32F4xx_HAL_Driver/Src/stm32f4xx_hal_spi.o
LOAD ./Drivers/STM32F4xx_HAL_Driver/Src/stm32f4xx_hal_tim.o
LOAD ./Drivers/STM32F4xx_HAL_Driver/Src/stm32f4xx_hal_tim_ex.o
LOAD ./Drivers/STM32F4xx_HAL_Driver/Src/stm32f4xx_hal_uart.o
START GROUP
LOAD C:/ST/STM32CubeIDE_1.15.1/STM32CubeIDE/plugins/com.st.stm32cube.ide.mcu.externaltools.gnu-tools-for-stm32.13.3.rel1.win32_1.0.0.202411081344/tools/bin/../lib/gcc/arm-none-eabi/13.3.1/../../../../arm-none-eabi/lib/thumb/v7e-m+fp/hard\libstdc++_nano.a
LOAD C:/ST/STM32CubeIDE_1.15.1/STM32CubeIDE/plugins/com.st.stm32cube.ide.mcu.externaltools.gnu-tools-for-stm32.13.3.rel1.win32_1.0.0.202411081344/tools/bin/../lib/gcc/arm-none-eabi/13.3.1/../../../../arm-none-eabi/lib/thumb/v7e-m+fp/hard\libsupc++_nano.a
END GROUP
LOAD C:/ST/STM32CubeIDE_1.15.1/STM32CubeIDE/plugins/com.st.stm32cube.ide.mcu.externaltools.gnu-tools-for-stm32.13.3.rel1.win32_1.0.0.202411081344/tools/bin/../lib/gcc/arm-none-eabi/13.3.1/../../../../arm-none-eabi/lib/thumb/v7e-m+fp/hard\libstdc++_nano.a
LOAD C:/ST/STM32CubeIDE_1.15.1/STM32CubeIDE/plugins/com.st.stm32cube.ide.mcu.externaltools.gnu-tools-for-stm32.13.3.rel1.win32_1.0.0.202411081344/tools/bin/../lib/gcc/arm-none-eabi/13.3.1/../../../../arm-none-eabi/lib/thumb/v7e-m+fp/hard\libm.a
LOAD C:/ST/STM32CubeIDE_1.15.1/STM32CubeIDE/plugins/com.st.stm32cube.ide.mcu.externaltools.gnu-tools-for-stm32.13.3.rel1.win32_1.0.0.202411081344/tools/bin/../lib/gcc/arm-none-eabi/13.3.1/../../../../arm-none-eabi/lib/thumb/v7e-m+fp/hard\libc_nano.a
START GROUP
LOAD C:/ST/STM32CubeIDE_1.15.1/STM32CubeIDE/plugins/com.st.stm32cube.ide.mcu.externaltools.gnu-tools-for-stm32.13.3.rel1.win32_1.0.0.202411081344/tools/bin/../lib/gcc/arm-none-eabi/13.3.1/thumb/v7e-m+fp/hard\libgcc.a
LOAD C:/ST/STM32CubeIDE_1.15.1/STM32CubeIDE/plugins/com.st.stm32cube.ide.mcu.externaltools.gnu-tools-for-stm32.13.3.rel1.win32_1.0.0.202411081344/tools/bin/../lib/gcc/arm-none-eabi/13.3.1/../../../../arm-none-eabi/lib/thumb/v7e-m+fp/hard\libc_nano.a
END GROUP
START GROUP
LOAD C:/ST/STM32CubeIDE_1.15.1/STM32CubeIDE/plugins/com.st.stm32cube.ide.mcu.externaltools.gnu-tools-for-stm32.13.3.rel1.win32_1.0.0.202411081344/tools/bin/../lib/gcc/arm-none-eabi/13.3.1/thumb/v7e-m+fp/hard\libgcc.a
LOAD C:/ST/STM32CubeIDE_1.15.1/STM32CubeIDE/plugins/com.st.stm32cube.ide.mcu.externaltools.gnu-tools-for-stm32.13.3.rel1.win32_1.0.0.202411081344/tools/bin/../lib/gcc/arm-none-eabi/13.3.1/../../../../arm-none-eabi/lib/thumb/v7e-m+fp/hard\libc_nano.a
LOAD C:/ST/STM32CubeIDE_1.15.1/STM32CubeIDE/plugins/com.st.stm32cube.ide.mcu.externaltools.gnu-tools-for-stm32.13.3.rel1.win32_1.0.0.202411081344/tools/bin/../lib/gcc/arm-none-eabi/13.3.1/../../../../arm-none-eabi/lib/thumb/v7e-m+fp/hard\libnosys.a
END GROUP
START GROUP
LOAD C:/ST/STM32CubeIDE_1.15.1/STM32CubeIDE/plugins/com.st.stm32cube.ide.mcu.externaltools.gnu-tools-for-stm32.13.3.rel1.win32_1.0.0.202411081344/tools/bin/../lib/gcc/arm-none-eabi/13.3.1/thumb/v7e-m+fp/hard\libgcc.a
LOAD C:/ST/STM32CubeIDE_1.15.1/STM32CubeIDE/plugins/com.st.stm32cube.ide.mcu.externaltools.gnu-tools-for-stm32.13.3.rel1.win32_1.0.0.202411081344/tools/bin/../lib/gcc/arm-none-eabi/13.3.1/../../../../arm-none-eabi/lib/thumb/v7e-m+fp/hard\libc_nano.a
LOAD C:/ST/STM32CubeIDE_1.15.1/STM32CubeIDE/plugins/com.st.stm32cube.ide.mcu.externaltools.gnu-tools-for-stm32.13.3.rel1.win32_1.0.0.202411081344/tools/bin/../lib/gcc/arm-none-eabi/13.3.1/../../../../arm-none-eabi/lib/thumb/v7e-m+fp/hard\libnosys.a
END GROUP
LOAD C:/ST/STM32CubeIDE_1.15.1/STM32CubeIDE/plugins/com.st.stm32cube.ide.mcu.externaltools.gnu-tools-for-stm32.13.3.rel1.win32_1.0.0.202411081344/tools/bin/../lib/gcc/arm-none-eabi/13.3.1/thumb/v7e-m+fp/hard/crtend.o
LOAD C:/ST/STM32CubeIDE_1.15.1/STM32CubeIDE/plugins/com.st.stm32cube.ide.mcu.externaltools.gnu-tools-for-stm32.13.3.rel1.win32_1.0.0.202411081344/tools/bin/../lib/gcc/arm-none-eabi/13.3.1/thumb/v7e-m+fp/hard/crtn.o
                0x20020000                        _estack = (ORIGIN (RAM) + LENGTH (RAM))
                0x00000200                        _Min_Heap_Size = 0x200
                0x00000400                        _Min_Stack_Size = 0x400

.isr_vector     0x08000000      0x188
                0x08000000                        . = ALIGN (0x4)
 *(.isr_vector)
 .isr_vector    0x08000000      0x188 ./Core/Startup/startup_stm32f405rgtx.o
                0x08000000                g_pfnVectors
                0x08000188                        . = ALIGN (0x4)

.text           0x08000188     0x9a84
                0x08000188                        . = ALIGN (0x4)
 *(.text)
 .text          0x08000188       0x40 C:/ST/STM32CubeIDE_1.15.1/STM32CubeIDE/plugins/com.st.stm32cube.ide.mcu.externaltools.gnu-tools-for-stm32.13.3.rel1.win32_1.0.0.202411081344/tools/bin/../lib/gcc/arm-none-eabi/13.3.1/thumb/v7e-m+fp/hard/crtbegin.o
 .text          0x080001c8      0x378 C:/ST/STM32CubeIDE_1.15.1/STM32CubeIDE/plugins/com.st.stm32cube.ide.mcu.externaltools.gnu-tools-for-stm32.13.3.rel1.win32_1.0.0.202411081344/tools/bin/../lib/gcc/arm-none-eabi/13.3.1/thumb/v7e-m+fp/hard\libgcc.a(_arm_addsubdf3.o)
                0x080001c8                __aeabi_drsub
                0x080001d0                __aeabi_dsub
                0x080001d0                __subdf3
                0x080001d4                __aeabi_dadd
                0x080001d4                __adddf3
                0x0800044c                __floatunsidf
                0x0800044c                __aeabi_ui2d
                0x0800046c                __floatsidf
                0x0800046c                __aeabi_i2d
                0x08000490                __aeabi_f2d
                0x08000490                __extendsfdf2
                0x080004d4                __floatundidf
                0x080004d4                __aeabi_ul2d
                0x080004e4                __floatdidf
                0x080004e4                __aeabi_l2d
 .text          0x08000540      0x424 C:/ST/STM32CubeIDE_1.15.1/STM32CubeIDE/plugins/com.st.stm32cube.ide.mcu.externaltools.gnu-tools-for-stm32.13.3.rel1.win32_1.0.0.202411081344/tools/bin/../lib/gcc/arm-none-eabi/13.3.1/thumb/v7e-m+fp/hard\libgcc.a(_arm_muldivdf3.o)
                0x08000540                __aeabi_dmul
                0x08000540                __muldf3
                0x08000794                __divdf3
                0x08000794                __aeabi_ddiv
 .text          0x08000964       0x40 C:/ST/STM32CubeIDE_1.15.1/STM32CubeIDE/plugins/com.st.stm32cube.ide.mcu.externaltools.gnu-tools-for-stm32.13.3.rel1.win32_1.0.0.202411081344/tools/bin/../lib/gcc/arm-none-eabi/13.3.1/thumb/v7e-m+fp/hard\libgcc.a(_arm_fixunsdfsi.o)
                0x08000964                __aeabi_d2uiz
                0x08000964                __fixunsdfsi
 .text          0x080009a4       0x30 C:/ST/STM32CubeIDE_1.15.1/STM32CubeIDE/plugins/com.st.stm32cube.ide.mcu.externaltools.gnu-tools-for-stm32.13.3.rel1.win32_1.0.0.202411081344/tools/bin/../lib/gcc/arm-none-eabi/13.3.1/thumb/v7e-m+fp/hard\libgcc.a(_aeabi_uldivmod.o)
                0x080009a4                __aeabi_uldivmod
 .text          0x080009d4      0x2f8 C:/ST/STM32CubeIDE_1.15.1/STM32CubeIDE/plugins/com.st.stm32cube.ide.mcu.externaltools.gnu-tools-for-stm32.13.3.rel1.win32_1.0.0.202411081344/tools/bin/../lib/gcc/arm-none-eabi/13.3.1/thumb/v7e-m+fp/hard\libgcc.a(_udivmoddi4.o)
                0x080009d4                __udivmoddi4
 .text          0x08000ccc        0x4 C:/ST/STM32CubeIDE_1.15.1/STM32CubeIDE/plugins/com.st.stm32cube.ide.mcu.externaltools.gnu-tools-for-stm32.13.3.rel1.win32_1.0.0.202411081344/tools/bin/../lib/gcc/arm-none-eabi/13.3.1/thumb/v7e-m+fp/hard\libgcc.a(_dvmd_tls.o)
                0x08000ccc                __aeabi_idiv0
                0x08000ccc                __aeabi_ldiv0
 *(.text*)
 .text._ZN8mMessage12getSysExSizeEv
                0x08000cd0       0x30 ./Core/Src/MIDI.o
                0x08000cd0                mMessage::getSysExSize()
 .text._ZN9mSettingsC2Ev
                0x08000d00       0x28 ./Core/Src/MIDI.o
                0x08000d00                mSettings::mSettings()
                0x08000d00                mSettings::mSettings()
 .text._ZN8mMessageC2Ev
                0x08000d28       0x34 ./Core/Src/MIDI.o
                0x08000d28                mMessage::mMessage()
                0x08000d28                mMessage::mMessage()
 .text._ZN13MidiInterfaceC2Ev
                0x08000d5c      0x16c ./Core/Src/MIDI.o
                0x08000d5c                MidiInterface::MidiInterface()
                0x08000d5c                MidiInterface::MidiInterface()
 .text._ZN13MidiInterfaceD2Ev
                0x08000ec8       0x16 ./Core/Src/MIDI.o
                0x08000ec8                MidiInterface::~MidiInterface()
                0x08000ec8                MidiInterface::~MidiInterface()
 .text._ZN13MidiInterface5beginEhP20__UART_HandleTypeDefS1_
                0x08000ede       0x40 ./Core/Src/MIDI.o
                0x08000ede                MidiInterface::begin(unsigned char, __UART_HandleTypeDef*, __UART_HandleTypeDef*)
 .text._ZN13MidiInterface4sendE8MidiTypehhh
                0x08000f1e       0xe6 ./Core/Src/MIDI.o
                0x08000f1e                MidiInterface::send(MidiType, unsigned char, unsigned char, unsigned char)
 .text._ZN13MidiInterface9sendSysExEhPhb
                0x08001004       0x7e ./Core/Src/MIDI.o
                0x08001004                MidiInterface::sendSysEx(unsigned char, unsigned char*, bool)
 .text._ZN13MidiInterface24sendTimeCodeQuarterFrameEhh
                0x08001082       0x40 ./Core/Src/MIDI.o
                0x08001082                MidiInterface::sendTimeCodeQuarterFrame(unsigned char, unsigned char)
 .text._ZN13MidiInterface24sendTimeCodeQuarterFrameEh
                0x080010c2       0x44 ./Core/Src/MIDI.o
                0x080010c2                MidiInterface::sendTimeCodeQuarterFrame(unsigned char)
 .text._ZN13MidiInterface16sendSongPositionEj
                0x08001106       0x62 ./Core/Src/MIDI.o
                0x08001106                MidiInterface::sendSongPosition(unsigned int)
 .text._ZN13MidiInterface14sendSongSelectEh
                0x08001168       0x4a ./Core/Src/MIDI.o
                0x08001168                MidiInterface::sendSongSelect(unsigned char)
 .text._ZN13MidiInterface12sendRealTimeE8MidiType
                0x080011b2       0x54 ./Core/Src/MIDI.o
                0x080011b2                MidiInterface::sendRealTime(MidiType)
 .text._ZN13MidiInterface9getStatusE8MidiTypeh
                0x08001206       0x34 ./Core/Src/MIDI.o
                0x08001206                MidiInterface::getStatus(MidiType, unsigned char)
 .text._ZN13MidiInterface4readEv
                0x0800123a       0x20 ./Core/Src/MIDI.o
                0x0800123a                MidiInterface::read()
 .text._ZN13MidiInterface4readEh
                0x0800125a       0x60 ./Core/Src/MIDI.o
                0x0800125a                MidiInterface::read(unsigned char)
 *fill*         0x080012ba        0x2 
 .text._ZN13MidiInterface5parseEv
                0x080012bc      0x488 ./Core/Src/MIDI.o
                0x080012bc                MidiInterface::parse()
 .text._ZN13MidiInterface33handleNullVelocityNoteOnAsNoteOffEv
                0x08001744       0x44 ./Core/Src/MIDI.o
                0x08001744                MidiInterface::handleNullVelocityNoteOnAsNoteOff()
 .text._ZN13MidiInterface11inputFilterEh
                0x08001788       0x4a ./Core/Src/MIDI.o
                0x08001788                MidiInterface::inputFilter(unsigned char)
 .text._ZN13MidiInterface10resetInputEv
                0x080017d2       0x2c ./Core/Src/MIDI.o
                0x080017d2                MidiInterface::resetInput()
 .text._ZN13MidiInterface7getTypeEv
                0x080017fe       0x1a ./Core/Src/MIDI.o
                0x080017fe                MidiInterface::getType()
 .text._ZN13MidiInterface8getData2Ev
                0x08001818       0x1a ./Core/Src/MIDI.o
                0x08001818                MidiInterface::getData2()
 .text._ZN13MidiInterface13getSysExArrayEv
                0x08001832       0x18 ./Core/Src/MIDI.o
                0x08001832                MidiInterface::getSysExArray()
 .text._ZN13MidiInterface19getSysExArrayLengthEv
                0x0800184a       0x1c ./Core/Src/MIDI.o
                0x0800184a                MidiInterface::getSysExArrayLength()
 .text._ZN13MidiInterface21getTypeFromStatusByteEh
                0x08001866       0x4c ./Core/Src/MIDI.o
                0x08001866                MidiInterface::getTypeFromStatusByte(unsigned char)
 .text._ZN13MidiInterface24getChannelFromStatusByteEh
                0x080018b2       0x22 ./Core/Src/MIDI.o
                0x080018b2                MidiInterface::getChannelFromStatusByte(unsigned char)
 .text._ZN13MidiInterface16isChannelMessageE8MidiType
                0x080018d4       0x46 ./Core/Src/MIDI.o
                0x080018d4                MidiInterface::isChannelMessage(MidiType)
 .text._ZN13MidiInterface16setHandleNoteOffEPFvhhhE
                0x0800191a       0x1c ./Core/Src/MIDI.o
                0x0800191a                MidiInterface::setHandleNoteOff(void (*)(unsigned char, unsigned char, unsigned char))
 .text._ZN13MidiInterface15setHandleNoteOnEPFvhhhE
                0x08001936       0x1c ./Core/Src/MIDI.o
                0x08001936                MidiInterface::setHandleNoteOn(void (*)(unsigned char, unsigned char, unsigned char))
 .text._ZN13MidiInterface22setHandleControlChangeEPFvhhhE
                0x08001952       0x1c ./Core/Src/MIDI.o
                0x08001952                MidiInterface::setHandleControlChange(void (*)(unsigned char, unsigned char, unsigned char))
 .text._ZN13MidiInterface14setHandleClockEPFvvE
                0x0800196e       0x1c ./Core/Src/MIDI.o
                0x0800196e                MidiInterface::setHandleClock(void (*)())
 .text._ZN13MidiInterface14setHandleStartEPFvvE
                0x0800198a       0x1c ./Core/Src/MIDI.o
                0x0800198a                MidiInterface::setHandleStart(void (*)())
 .text._ZN13MidiInterface13setHandleStopEPFvvE
                0x080019a6       0x1c ./Core/Src/MIDI.o
                0x080019a6                MidiInterface::setHandleStop(void (*)())
 *fill*         0x080019c2        0x2 
 .text._ZN13MidiInterface14launchCallbackEv
                0x080019c4      0x46c ./Core/Src/MIDI.o
                0x080019c4                MidiInterface::launchCallback()
 .text._ZN13MidiInterface10thruFilterEh
                0x08001e30      0x1e4 ./Core/Src/MIDI.o
                0x08001e30                MidiInterface::thruFilter(unsigned char)
 .text._Z12Handle_Clockv
                0x08002014       0x34 ./Core/Src/MidiHandlers.o
                0x08002014                Handle_Clock()
 .text._Z12Handle_Startv
                0x08002048       0x18 ./Core/Src/MidiHandlers.o
                0x08002048                Handle_Start()
 .text._Z11Handle_Stopv
                0x08002060        0xe ./Core/Src/MidiHandlers.o
                0x08002060                Handle_Stop()
 *fill*         0x0800206e        0x2 
 .text._Z13Handle_NoteOnhhh
                0x08002070      0x124 ./Core/Src/MidiHandlers.o
                0x08002070                Handle_NoteOn(unsigned char, unsigned char, unsigned char)
 .text._Z14Handle_NoteOffhhh
                0x08002194       0x74 ./Core/Src/MidiHandlers.o
                0x08002194                Handle_NoteOff(unsigned char, unsigned char, unsigned char)
 .text._Z9Handle_CChhh
                0x08002208       0xb0 ./Core/Src/MidiHandlers.o
                0x08002208                Handle_CC(unsigned char, unsigned char, unsigned char)
 .text.ADSR_Init
                0x080022b8       0x88 ./Core/Src/adsr.o
                0x080022b8                ADSR_Init
 .text.ADSR_SetAttackRate
                0x08002340       0x54 ./Core/Src/adsr.o
                0x08002340                ADSR_SetAttackRate
 .text.ADSR_SetDecayRate
                0x08002394       0x40 ./Core/Src/adsr.o
                0x08002394                ADSR_SetDecayRate
 .text.ADSR_SetSustainLevel
                0x080023d4       0x74 ./Core/Src/adsr.o
                0x080023d4                ADSR_SetSustainLevel
 .text.ADSR_SetReleaseRate
                0x08002448       0x40 ./Core/Src/adsr.o
                0x08002448                ADSR_SetReleaseRate
 .text.ADSR_UpdateEnvelope
                0x08002488      0x104 ./Core/Src/adsr.o
                0x08002488                ADSR_UpdateEnvelope
 .text.ADSR_SetGateSignal
                0x0800258c       0x36 ./Core/Src/adsr.o
                0x0800258c                ADSR_SetGateSignal
 .text.ADSR_GetEnvelopeValue
                0x080025c2       0x26 ./Core/Src/adsr.o
                0x080025c2                ADSR_GetEnvelopeValue
 .text._Z21envelope_to_dac_valuef
                0x080025e8       0x30 ./Core/Src/main.o
                0x080025e8                envelope_to_dac_value(float)
 .text.HAL_TIM_PeriodElapsedCallback
                0x08002618       0x6c ./Core/Src/main.o
                0x08002618                HAL_TIM_PeriodElapsedCallback
 .text.HAL_TIM_IC_CaptureCallback
                0x08002684       0x50 ./Core/Src/main.o
                0x08002684                HAL_TIM_IC_CaptureCallback
 .text.HAL_GPIO_EXTI_Callback
                0x080026d4       0x58 ./Core/Src/main.o
                0x080026d4                HAL_GPIO_EXTI_Callback
 .text.main     0x0800272c      0x148 ./Core/Src/main.o
                0x0800272c                main
 .text._Z18SystemClock_Configv
                0x08002874       0xe8 ./Core/Src/main.o
                0x08002874                SystemClock_Config()
 .text._ZL11MX_DAC_Initv
                0x0800295c       0x88 ./Core/Src/main.o
 .text._ZL12MX_I2C1_Initv
                0x080029e4       0x68 ./Core/Src/main.o
 .text._ZL12MX_I2C2_Initv
                0x08002a4c       0x68 ./Core/Src/main.o
 .text._ZL12MX_SPI2_Initv
                0x08002ab4       0x78 ./Core/Src/main.o
 .text._ZL12MX_TIM2_Initv
                0x08002b2c       0xbc ./Core/Src/main.o
 .text._ZL12MX_TIM3_Initv
                0x08002be8       0xbc ./Core/Src/main.o
 .text._ZL12MX_TIM4_Initv
                0x08002ca4       0xbc ./Core/Src/main.o
 .text._ZL12MX_TIM5_Initv
                0x08002d60       0xbc ./Core/Src/main.o
 .text._ZL12MX_TIM7_Initv
                0x08002e1c       0x80 ./Core/Src/main.o
 .text._ZL13MX_TIM13_Initv
                0x08002e9c       0x50 ./Core/Src/main.o
 .text._ZL19MX_USART3_UART_Initv
                0x08002eec       0x5c ./Core/Src/main.o
 .text._ZL11MX_DMA_Initv
                0x08002f48       0x40 ./Core/Src/main.o
 .text._ZL12MX_GPIO_Initv
                0x08002f88      0x130 ./Core/Src/main.o
 .text.HAL_UART_RxCpltCallback
                0x080030b8       0x16 ./Core/Src/main.o
                0x080030b8                HAL_UART_RxCpltCallback
 .text.Error_Handler
                0x080030ce        0xc ./Core/Src/main.o
                0x080030ce                Error_Handler
 *fill*         0x080030da        0x2 
 .text._Z41__static_initialization_and_destruction_0v
                0x080030dc       0x14 ./Core/Src/main.o
 .text._Z41__static_initialization_and_destruction_1v
                0x080030f0       0x14 ./Core/Src/main.o
 .text._GLOBAL__sub_I_hdac
                0x08003104        0xa ./Core/Src/main.o
 .text._GLOBAL__sub_D_hdac
                0x0800310e        0xa ./Core/Src/main.o
 .text.dac_init
                0x08003118       0x5e ./Core/Src/mcp4728_mod.o
                0x08003118                dac_init
 .text.mcp4728_generalCall
                0x08003176       0x3e ./Core/Src/mcp4728_mod.o
                0x08003176                mcp4728_generalCall
 .text.DAC_FW   0x080031b4       0xa2 ./Core/Src/mcp4728_mod.o
                0x080031b4                DAC_FW
 .text.DACx61FW
                0x08003256       0x96 ./Core/Src/mcp4728_mod.o
                0x08003256                DACx61FW
 .text.mcp4728_sequentialWrite
                0x080032ec      0x11e ./Core/Src/mcp4728_mod.o
                0x080032ec                mcp4728_sequentialWrite
 .text.mcp4728_configure
                0x0800340a      0x11e ./Core/Src/mcp4728_mod.o
                0x0800340a                mcp4728_configure
 .text.meniu_mygtukai
                0x08003528       0x98 ./Core/Src/mygtukai.o
                0x08003528                meniu_mygtukai
 .text.HAL_MspInit
                0x080035c0       0x50 ./Core/Src/stm32f4xx_hal_msp.o
                0x080035c0                HAL_MspInit
 .text.HAL_DAC_MspInit
                0x08003610       0x88 ./Core/Src/stm32f4xx_hal_msp.o
                0x08003610                HAL_DAC_MspInit
 .text.HAL_I2C_MspInit
                0x08003698      0x170 ./Core/Src/stm32f4xx_hal_msp.o
                0x08003698                HAL_I2C_MspInit
 .text.HAL_SPI_MspInit
                0x08003808       0xa0 ./Core/Src/stm32f4xx_hal_msp.o
                0x08003808                HAL_SPI_MspInit
 .text.HAL_TIM_Encoder_MspInit
                0x080038a8      0x244 ./Core/Src/stm32f4xx_hal_msp.o
                0x080038a8                HAL_TIM_Encoder_MspInit
 .text.HAL_TIM_Base_MspInit
                0x08003aec       0x8c ./Core/Src/stm32f4xx_hal_msp.o
                0x08003aec                HAL_TIM_Base_MspInit
 .text.HAL_UART_MspInit
                0x08003b78       0xa0 ./Core/Src/stm32f4xx_hal_msp.o
                0x08003b78                HAL_UART_MspInit
 .text.NMI_Handler
                0x08003c18        0x8 ./Core/Src/stm32f4xx_it.o
                0x08003c18                NMI_Handler
 .text.HardFault_Handler
                0x08003c20        0x8 ./Core/Src/stm32f4xx_it.o
                0x08003c20                HardFault_Handler
 .text.MemManage_Handler
                0x08003c28        0x8 ./Core/Src/stm32f4xx_it.o
                0x08003c28                MemManage_Handler
 .text.BusFault_Handler
                0x08003c30        0x8 ./Core/Src/stm32f4xx_it.o
                0x08003c30                BusFault_Handler
 .text.UsageFault_Handler
                0x08003c38        0x8 ./Core/Src/stm32f4xx_it.o
                0x08003c38                UsageFault_Handler
 .text.SVC_Handler
                0x08003c40        0xe ./Core/Src/stm32f4xx_it.o
                0x08003c40                SVC_Handler
 .text.DebugMon_Handler
                0x08003c4e        0xe ./Core/Src/stm32f4xx_it.o
                0x08003c4e                DebugMon_Handler
 .text.PendSV_Handler
                0x08003c5c        0xe ./Core/Src/stm32f4xx_it.o
                0x08003c5c                PendSV_Handler
 .text.SysTick_Handler
                0x08003c6a        0xc ./Core/Src/stm32f4xx_it.o
                0x08003c6a                SysTick_Handler
 *fill*         0x08003c76        0x2 
 .text.DMA1_Stream6_IRQHandler
                0x08003c78       0x14 ./Core/Src/stm32f4xx_it.o
                0x08003c78                DMA1_Stream6_IRQHandler
 .text.TIM2_IRQHandler
                0x08003c8c       0x14 ./Core/Src/stm32f4xx_it.o
                0x08003c8c                TIM2_IRQHandler
 .text.TIM3_IRQHandler
                0x08003ca0       0x14 ./Core/Src/stm32f4xx_it.o
                0x08003ca0                TIM3_IRQHandler
 .text.TIM4_IRQHandler
                0x08003cb4       0x14 ./Core/Src/stm32f4xx_it.o
                0x08003cb4                TIM4_IRQHandler
 .text.I2C1_EV_IRQHandler
                0x08003cc8       0x14 ./Core/Src/stm32f4xx_it.o
                0x08003cc8                I2C1_EV_IRQHandler
 .text.SPI2_IRQHandler
                0x08003cdc       0x14 ./Core/Src/stm32f4xx_it.o
                0x08003cdc                SPI2_IRQHandler
 .text.USART3_IRQHandler
                0x08003cf0       0x14 ./Core/Src/stm32f4xx_it.o
                0x08003cf0                USART3_IRQHandler
 .text.EXTI15_10_IRQHandler
                0x08003d04       0x18 ./Core/Src/stm32f4xx_it.o
                0x08003d04                EXTI15_10_IRQHandler
 .text.TIM8_UP_TIM13_IRQHandler
                0x08003d1c       0x14 ./Core/Src/stm32f4xx_it.o
                0x08003d1c                TIM8_UP_TIM13_IRQHandler
 .text.TIM5_IRQHandler
                0x08003d30       0x14 ./Core/Src/stm32f4xx_it.o
                0x08003d30                TIM5_IRQHandler
 .text.TIM7_IRQHandler
                0x08003d44       0x14 ./Core/Src/stm32f4xx_it.o
                0x08003d44                TIM7_IRQHandler
 .text.SystemInit
                0x08003d58       0x24 ./Core/Src/system_stm32f4xx.o
                0x08003d58                SystemInit
 .text.Reset_Handler
                0x08003d7c       0x50 ./Core/Startup/startup_stm32f405rgtx.o
                0x08003d7c                Reset_Handler
 .text.Default_Handler
                0x08003dcc        0x2 ./Core/Startup/startup_stm32f405rgtx.o
                0x08003dcc                RTC_Alarm_IRQHandler
                0x08003dcc                HASH_RNG_IRQHandler
                0x08003dcc                EXTI2_IRQHandler
                0x08003dcc                TIM8_CC_IRQHandler
                0x08003dcc                TIM1_CC_IRQHandler
                0x08003dcc                DMA2_Stream5_IRQHandler
                0x08003dcc                DMA1_Stream5_IRQHandler
                0x08003dcc                PVD_IRQHandler
                0x08003dcc                SDIO_IRQHandler
                0x08003dcc                TAMP_STAMP_IRQHandler
                0x08003dcc                CAN2_RX1_IRQHandler
                0x08003dcc                EXTI3_IRQHandler
                0x08003dcc                TIM8_TRG_COM_TIM14_IRQHandler
                0x08003dcc                TIM1_UP_TIM10_IRQHandler
                0x08003dcc                I2C3_ER_IRQHandler
                0x08003dcc                EXTI0_IRQHandler
                0x08003dcc                I2C2_EV_IRQHandler
                0x08003dcc                DMA1_Stream2_IRQHandler
                0x08003dcc                CAN1_RX0_IRQHandler
                0x08003dcc                FPU_IRQHandler
                0x08003dcc                OTG_HS_WKUP_IRQHandler
                0x08003dcc                CAN2_SCE_IRQHandler
                0x08003dcc                DMA2_Stream2_IRQHandler
                0x08003dcc                SPI1_IRQHandler
                0x08003dcc                TIM6_DAC_IRQHandler
                0x08003dcc                TIM1_BRK_TIM9_IRQHandler
                0x08003dcc                CAN2_RX0_IRQHandler
                0x08003dcc                DMA2_Stream3_IRQHandler
                0x08003dcc                USART6_IRQHandler
                0x08003dcc                CAN1_RX1_IRQHandler
                0x08003dcc                UART5_IRQHandler
                0x08003dcc                DMA2_Stream0_IRQHandler
                0x08003dcc                DMA1_Stream1_IRQHandler
                0x08003dcc                UART4_IRQHandler
                0x08003dcc                RCC_IRQHandler
                0x08003dcc                TIM8_BRK_TIM12_IRQHandler
                0x08003dcc                Default_Handler
                0x08003dcc                ADC_IRQHandler
                0x08003dcc                DMA1_Stream7_IRQHandler
                0x08003dcc                CAN2_TX_IRQHandler
                0x08003dcc                DMA2_Stream7_IRQHandler
                0x08003dcc                I2C3_EV_IRQHandler
                0x08003dcc                EXTI9_5_IRQHandler
                0x08003dcc                RTC_WKUP_IRQHandler
                0x08003dcc                OTG_HS_EP1_IN_IRQHandler
                0x08003dcc                DMA1_Stream0_IRQHandler
                0x08003dcc                CAN1_TX_IRQHandler
                0x08003dcc                EXTI4_IRQHandler
                0x08003dcc                FSMC_IRQHandler
                0x08003dcc                OTG_HS_EP1_OUT_IRQHandler
                0x08003dcc                WWDG_IRQHandler
                0x08003dcc                OTG_FS_WKUP_IRQHandler
                0x08003dcc                TIM1_TRG_COM_TIM11_IRQHandler
                0x08003dcc                OTG_HS_IRQHandler
                0x08003dcc                EXTI1_IRQHandler
                0x08003dcc                USART2_IRQHandler
                0x08003dcc                I2C2_ER_IRQHandler
                0x08003dcc                DMA2_Stream1_IRQHandler
                0x08003dcc                CAN1_SCE_IRQHandler
                0x08003dcc                FLASH_IRQHandler
                0x08003dcc                DMA2_Stream4_IRQHandler
                0x08003dcc                USART1_IRQHandler
                0x08003dcc                OTG_FS_IRQHandler
                0x08003dcc                SPI3_IRQHandler
                0x08003dcc                DMA1_Stream4_IRQHandler
                0x08003dcc                I2C1_ER_IRQHandler
                0x08003dcc                DMA2_Stream6_IRQHandler
                0x08003dcc                DMA1_Stream3_IRQHandler
 *fill*         0x08003dce        0x2 
 .text.HAL_Init
                0x08003dd0       0x44 ./Drivers/STM32F4xx_HAL_Driver/Src/stm32f4xx_hal.o
                0x08003dd0                HAL_Init
 .text.HAL_InitTick
                0x08003e14       0x60 ./Drivers/STM32F4xx_HAL_Driver/Src/stm32f4xx_hal.o
                0x08003e14                HAL_InitTick
 .text.HAL_IncTick
                0x08003e74       0x28 ./Drivers/STM32F4xx_HAL_Driver/Src/stm32f4xx_hal.o
                0x08003e74                HAL_IncTick
 .text.HAL_GetTick
                0x08003e9c       0x18 ./Drivers/STM32F4xx_HAL_Driver/Src/stm32f4xx_hal.o
                0x08003e9c                HAL_GetTick
 .text.__NVIC_SetPriorityGrouping
                0x08003eb4       0x48 ./Drivers/STM32F4xx_HAL_Driver/Src/stm32f4xx_hal_cortex.o
 .text.__NVIC_GetPriorityGrouping
                0x08003efc       0x1c ./Drivers/STM32F4xx_HAL_Driver/Src/stm32f4xx_hal_cortex.o
 .text.__NVIC_EnableIRQ
                0x08003f18       0x3c ./Drivers/STM32F4xx_HAL_Driver/Src/stm32f4xx_hal_cortex.o
 .text.__NVIC_SetPriority
                0x08003f54       0x54 ./Drivers/STM32F4xx_HAL_Driver/Src/stm32f4xx_hal_cortex.o
 .text.NVIC_EncodePriority
                0x08003fa8       0x66 ./Drivers/STM32F4xx_HAL_Driver/Src/stm32f4xx_hal_cortex.o
 *fill*         0x0800400e        0x2 
 .text.SysTick_Config
                0x08004010       0x44 ./Drivers/STM32F4xx_HAL_Driver/Src/stm32f4xx_hal_cortex.o
 .text.HAL_NVIC_SetPriorityGrouping
                0x08004054       0x16 ./Drivers/STM32F4xx_HAL_Driver/Src/stm32f4xx_hal_cortex.o
                0x08004054                HAL_NVIC_SetPriorityGrouping
 .text.HAL_NVIC_SetPriority
                0x0800406a       0x38 ./Drivers/STM32F4xx_HAL_Driver/Src/stm32f4xx_hal_cortex.o
                0x0800406a                HAL_NVIC_SetPriority
 .text.HAL_NVIC_EnableIRQ
                0x080040a2       0x1c ./Drivers/STM32F4xx_HAL_Driver/Src/stm32f4xx_hal_cortex.o
                0x080040a2                HAL_NVIC_EnableIRQ
 .text.HAL_SYSTICK_Config
                0x080040be       0x18 ./Drivers/STM32F4xx_HAL_Driver/Src/stm32f4xx_hal_cortex.o
                0x080040be                HAL_SYSTICK_Config
 .text.HAL_DAC_Init
                0x080040d6       0x44 ./Drivers/STM32F4xx_HAL_Driver/Src/stm32f4xx_hal_dac.o
                0x080040d6                HAL_DAC_Init
 .text.HAL_DAC_Start
                0x0800411a       0xae ./Drivers/STM32F4xx_HAL_Driver/Src/stm32f4xx_hal_dac.o
                0x0800411a                HAL_DAC_Start
 .text.HAL_DAC_SetValue
                0x080041c8       0x54 ./Drivers/STM32F4xx_HAL_Driver/Src/stm32f4xx_hal_dac.o
                0x080041c8                HAL_DAC_SetValue
 .text.HAL_DAC_ConfigChannel
                0x0800421c       0xb2 ./Drivers/STM32F4xx_HAL_Driver/Src/stm32f4xx_hal_dac.o
                0x0800421c                HAL_DAC_ConfigChannel
 *fill*         0x080042ce        0x2 
 .text.HAL_DMA_Init
                0x080042d0      0x15c ./Drivers/STM32F4xx_HAL_Driver/Src/stm32f4xx_hal_dma.o
                0x080042d0                HAL_DMA_Init
 .text.HAL_DMA_Start_IT
                0x0800442c       0xb0 ./Drivers/STM32F4xx_HAL_Driver/Src/stm32f4xx_hal_dma.o
                0x0800442c                HAL_DMA_Start_IT
 .text.HAL_DMA_Abort
                0x080044dc       0xe0 ./Drivers/STM32F4xx_HAL_Driver/Src/stm32f4xx_hal_dma.o
                0x080044dc                HAL_DMA_Abort
 .text.HAL_DMA_Abort_IT
                0x080045bc       0x44 ./Drivers/STM32F4xx_HAL_Driver/Src/stm32f4xx_hal_dma.o
                0x080045bc                HAL_DMA_Abort_IT
 .text.HAL_DMA_IRQHandler
                0x08004600      0x314 ./Drivers/STM32F4xx_HAL_Driver/Src/stm32f4xx_hal_dma.o
                0x08004600                HAL_DMA_IRQHandler
 .text.HAL_DMA_GetState
                0x08004914       0x1c ./Drivers/STM32F4xx_HAL_Driver/Src/stm32f4xx_hal_dma.o
                0x08004914                HAL_DMA_GetState
 .text.HAL_DMA_GetError
                0x08004930       0x18 ./Drivers/STM32F4xx_HAL_Driver/Src/stm32f4xx_hal_dma.o
                0x08004930                HAL_DMA_GetError
 .text.DMA_SetConfig
                0x08004948       0x5c ./Drivers/STM32F4xx_HAL_Driver/Src/stm32f4xx_hal_dma.o
 .text.DMA_CalcBaseAndBitshift
                0x080049a4       0x6c ./Drivers/STM32F4xx_HAL_Driver/Src/stm32f4xx_hal_dma.o
 .text.DMA_CheckFifoParam
                0x08004a10       0xf8 ./Drivers/STM32F4xx_HAL_Driver/Src/stm32f4xx_hal_dma.o
 .text.HAL_GPIO_Init
                0x08004b08      0x338 ./Drivers/STM32F4xx_HAL_Driver/Src/stm32f4xx_hal_gpio.o
                0x08004b08                HAL_GPIO_Init
 .text.HAL_GPIO_ReadPin
                0x08004e40       0x30 ./Drivers/STM32F4xx_HAL_Driver/Src/stm32f4xx_hal_gpio.o
                0x08004e40                HAL_GPIO_ReadPin
 .text.HAL_GPIO_WritePin
                0x08004e70       0x32 ./Drivers/STM32F4xx_HAL_Driver/Src/stm32f4xx_hal_gpio.o
                0x08004e70                HAL_GPIO_WritePin
 .text.HAL_GPIO_TogglePin
                0x08004ea2       0x34 ./Drivers/STM32F4xx_HAL_Driver/Src/stm32f4xx_hal_gpio.o
                0x08004ea2                HAL_GPIO_TogglePin
 *fill*         0x08004ed6        0x2 
 .text.HAL_GPIO_EXTI_IRQHandler
                0x08004ed8       0x30 ./Drivers/STM32F4xx_HAL_Driver/Src/stm32f4xx_hal_gpio.o
                0x08004ed8                HAL_GPIO_EXTI_IRQHandler
 .text.HAL_I2C_Init
                0x08004f08      0x288 ./Drivers/STM32F4xx_HAL_Driver/Src/stm32f4xx_hal_i2c.o
                0x08004f08                HAL_I2C_Init
 .text.I2C_Flush_DR
                0x08005190       0x2a ./Drivers/STM32F4xx_HAL_Driver/Src/stm32f4xx_hal_i2c.o
 *fill*         0x080051ba        0x2 
 .text.HAL_I2C_Master_Transmit
                0x080051bc      0x1fc ./Drivers/STM32F4xx_HAL_Driver/Src/stm32f4xx_hal_i2c.o
                0x080051bc                HAL_I2C_Master_Transmit
 .text.HAL_I2C_Master_Transmit_DMA
                0x080053b8      0x258 ./Drivers/STM32F4xx_HAL_Driver/Src/stm32f4xx_hal_i2c.o
                0x080053b8                HAL_I2C_Master_Transmit_DMA
 .text.HAL_I2C_EV_IRQHandler
                0x08005610      0x2e2 ./Drivers/STM32F4xx_HAL_Driver/Src/stm32f4xx_hal_i2c.o
                0x08005610                HAL_I2C_EV_IRQHandler
 .text.HAL_I2C_MasterTxCpltCallback
                0x080058f2       0x14 ./Drivers/STM32F4xx_HAL_Driver/Src/stm32f4xx_hal_i2c.o
                0x080058f2                HAL_I2C_MasterTxCpltCallback
 .text.HAL_I2C_MasterRxCpltCallback
                0x08005906       0x14 ./Drivers/STM32F4xx_HAL_Driver/Src/stm32f4xx_hal_i2c.o
                0x08005906                HAL_I2C_MasterRxCpltCallback
 .text.HAL_I2C_SlaveTxCpltCallback
                0x0800591a       0x14 ./Drivers/STM32F4xx_HAL_Driver/Src/stm32f4xx_hal_i2c.o
                0x0800591a                HAL_I2C_SlaveTxCpltCallback
 .text.HAL_I2C_SlaveRxCpltCallback
                0x0800592e       0x14 ./Drivers/STM32F4xx_HAL_Driver/Src/stm32f4xx_hal_i2c.o
                0x0800592e                HAL_I2C_SlaveRxCpltCallback
 .text.HAL_I2C_AddrCallback
                0x08005942       0x1c ./Drivers/STM32F4xx_HAL_Driver/Src/stm32f4xx_hal_i2c.o
                0x08005942                HAL_I2C_AddrCallback
 .text.HAL_I2C_ListenCpltCallback
                0x0800595e       0x14 ./Drivers/STM32F4xx_HAL_Driver/Src/stm32f4xx_hal_i2c.o
                0x0800595e                HAL_I2C_ListenCpltCallback
 .text.HAL_I2C_MemTxCpltCallback
                0x08005972       0x14 ./Drivers/STM32F4xx_HAL_Driver/Src/stm32f4xx_hal_i2c.o
                0x08005972                HAL_I2C_MemTxCpltCallback
 .text.HAL_I2C_MemRxCpltCallback
                0x08005986       0x14 ./Drivers/STM32F4xx_HAL_Driver/Src/stm32f4xx_hal_i2c.o
                0x08005986                HAL_I2C_MemRxCpltCallback
 .text.HAL_I2C_ErrorCallback
                0x0800599a       0x14 ./Drivers/STM32F4xx_HAL_Driver/Src/stm32f4xx_hal_i2c.o
                0x0800599a                HAL_I2C_ErrorCallback
 .text.HAL_I2C_AbortCpltCallback
                0x080059ae       0x14 ./Drivers/STM32F4xx_HAL_Driver/Src/stm32f4xx_hal_i2c.o
                0x080059ae                HAL_I2C_AbortCpltCallback
 .text.HAL_I2C_GetState
                0x080059c2       0x1c ./Drivers/STM32F4xx_HAL_Driver/Src/stm32f4xx_hal_i2c.o
                0x080059c2                HAL_I2C_GetState
 .text.I2C_MasterTransmit_TXE
                0x080059de      0x138 ./Drivers/STM32F4xx_HAL_Driver/Src/stm32f4xx_hal_i2c.o
 .text.I2C_MasterTransmit_BTF
                0x08005b16       0xec ./Drivers/STM32F4xx_HAL_Driver/Src/stm32f4xx_hal_i2c.o
 .text.I2C_MemoryTransmit_TXE_BTF
                0x08005c02      0x130 ./Drivers/STM32F4xx_HAL_Driver/Src/stm32f4xx_hal_i2c.o
 .text.I2C_MasterReceive_RXNE
                0x08005d32      0x190 ./Drivers/STM32F4xx_HAL_Driver/Src/stm32f4xx_hal_i2c.o
 .text.I2C_MasterReceive_BTF
                0x08005ec2      0x1ea ./Drivers/STM32F4xx_HAL_Driver/Src/stm32f4xx_hal_i2c.o
 .text.I2C_Master_SB
                0x080060ac      0x10c ./Drivers/STM32F4xx_HAL_Driver/Src/stm32f4xx_hal_i2c.o
 .text.I2C_Master_ADD10
                0x080061b8       0x54 ./Drivers/STM32F4xx_HAL_Driver/Src/stm32f4xx_hal_i2c.o
 .text.I2C_Master_ADDR
                0x0800620c      0x322 ./Drivers/STM32F4xx_HAL_Driver/Src/stm32f4xx_hal_i2c.o
 .text.I2C_SlaveTransmit_TXE
                0x0800652e       0x7a ./Drivers/STM32F4xx_HAL_Driver/Src/stm32f4xx_hal_i2c.o
 .text.I2C_SlaveTransmit_BTF
                0x080065a8       0x42 ./Drivers/STM32F4xx_HAL_Driver/Src/stm32f4xx_hal_i2c.o
 .text.I2C_SlaveReceive_RXNE
                0x080065ea       0x7c ./Drivers/STM32F4xx_HAL_Driver/Src/stm32f4xx_hal_i2c.o
 .text.I2C_SlaveReceive_BTF
                0x08006666       0x44 ./Drivers/STM32F4xx_HAL_Driver/Src/stm32f4xx_hal_i2c.o
 .text.I2C_Slave_ADDR
                0x080066aa       0x94 ./Drivers/STM32F4xx_HAL_Driver/Src/stm32f4xx_hal_i2c.o
 *fill*         0x0800673e        0x2 
 .text.I2C_Slave_STOPF
                0x08006740      0x260 ./Drivers/STM32F4xx_HAL_Driver/Src/stm32f4xx_hal_i2c.o
 .text.I2C_ITError
                0x080069a0      0x264 ./Drivers/STM32F4xx_HAL_Driver/Src/stm32f4xx_hal_i2c.o
 .text.I2C_MasterRequestWrite
                0x08006c04      0x104 ./Drivers/STM32F4xx_HAL_Driver/Src/stm32f4xx_hal_i2c.o
 .text.I2C_DMAXferCplt
                0x08006d08      0x1be ./Drivers/STM32F4xx_HAL_Driver/Src/stm32f4xx_hal_i2c.o
 .text.I2C_DMAError
                0x08006ec6       0x7a ./Drivers/STM32F4xx_HAL_Driver/Src/stm32f4xx_hal_i2c.o
 .text.I2C_DMAAbort
                0x08006f40      0x150 ./Drivers/STM32F4xx_HAL_Driver/Src/stm32f4xx_hal_i2c.o
 .text.I2C_WaitOnFlagUntilTimeout
                0x08007090       0xf4 ./Drivers/STM32F4xx_HAL_Driver/Src/stm32f4xx_hal_i2c.o
 .text.I2C_WaitOnMasterAddressFlagUntilTimeout
                0x08007184      0x140 ./Drivers/STM32F4xx_HAL_Driver/Src/stm32f4xx_hal_i2c.o
 .text.I2C_WaitOnTXEFlagUntilTimeout
                0x080072c4       0x90 ./Drivers/STM32F4xx_HAL_Driver/Src/stm32f4xx_hal_i2c.o
 .text.I2C_WaitOnBTFFlagUntilTimeout
                0x08007354       0x90 ./Drivers/STM32F4xx_HAL_Driver/Src/stm32f4xx_hal_i2c.o
 .text.I2C_WaitOnSTOPRequestThroughIT
                0x080073e4       0x64 ./Drivers/STM32F4xx_HAL_Driver/Src/stm32f4xx_hal_i2c.o
 .text.I2C_IsAcknowledgeFailed
                0x08007448       0x5e ./Drivers/STM32F4xx_HAL_Driver/Src/stm32f4xx_hal_i2c.o
 .text.I2C_ConvertOtherXferOptions
                0x080074a6       0x36 ./Drivers/STM32F4xx_HAL_Driver/Src/stm32f4xx_hal_i2c.o
 .text.HAL_RCC_OscConfig
                0x080074dc      0x4f0 ./Drivers/STM32F4xx_HAL_Driver/Src/stm32f4xx_hal_rcc.o
                0x080074dc                HAL_RCC_OscConfig
 .text.HAL_RCC_ClockConfig
                0x080079cc      0x1cc ./Drivers/STM32F4xx_HAL_Driver/Src/stm32f4xx_hal_rcc.o
                0x080079cc                HAL_RCC_ClockConfig
 .text.HAL_RCC_GetSysClockFreq
                0x08007b98      0x20c ./Drivers/STM32F4xx_HAL_Driver/Src/stm32f4xx_hal_rcc.o
                0x08007b98                HAL_RCC_GetSysClockFreq
 .text.HAL_RCC_GetHCLKFreq
                0x08007da4       0x18 ./Drivers/STM32F4xx_HAL_Driver/Src/stm32f4xx_hal_rcc.o
                0x08007da4                HAL_RCC_GetHCLKFreq
 .text.HAL_RCC_GetPCLK1Freq
                0x08007dbc       0x28 ./Drivers/STM32F4xx_HAL_Driver/Src/stm32f4xx_hal_rcc.o
                0x08007dbc                HAL_RCC_GetPCLK1Freq
 .text.HAL_RCC_GetPCLK2Freq
                0x08007de4       0x28 ./Drivers/STM32F4xx_HAL_Driver/Src/stm32f4xx_hal_rcc.o
                0x08007de4                HAL_RCC_GetPCLK2Freq
 .text.HAL_SPI_Init
                0x08007e0c      0x112 ./Drivers/STM32F4xx_HAL_Driver/Src/stm32f4xx_hal_spi.o
                0x08007e0c                HAL_SPI_Init
 *fill*         0x08007f1e        0x2 
 .text.HAL_SPI_IRQHandler
                0x08007f20      0x200 ./Drivers/STM32F4xx_HAL_Driver/Src/stm32f4xx_hal_spi.o
                0x08007f20                HAL_SPI_IRQHandler
 .text.HAL_SPI_ErrorCallback
                0x08008120       0x14 ./Drivers/STM32F4xx_HAL_Driver/Src/stm32f4xx_hal_spi.o
                0x08008120                HAL_SPI_ErrorCallback
 .text.SPI_DMAAbortOnError
                0x08008134       0x28 ./Drivers/STM32F4xx_HAL_Driver/Src/stm32f4xx_hal_spi.o
 .text.HAL_TIM_Base_Init
                0x0800815c       0x9e ./Drivers/STM32F4xx_HAL_Driver/Src/stm32f4xx_hal_tim.o
                0x0800815c                HAL_TIM_Base_Init
 *fill*         0x080081fa        0x2 
 .text.HAL_TIM_Base_Start_IT
                0x080081fc       0xe0 ./Drivers/STM32F4xx_HAL_Driver/Src/stm32f4xx_hal_tim.o
                0x080081fc                HAL_TIM_Base_Start_IT
 .text.HAL_TIM_Encoder_Init
                0x080082dc      0x14c ./Drivers/STM32F4xx_HAL_Driver/Src/stm32f4xx_hal_tim.o
                0x080082dc                HAL_TIM_Encoder_Init
 .text.HAL_TIM_Encoder_Start_IT
                0x08008428      0x15c ./Drivers/STM32F4xx_HAL_Driver/Src/stm32f4xx_hal_tim.o
                0x08008428                HAL_TIM_Encoder_Start_IT
 .text.HAL_TIM_IRQHandler
                0x08008584      0x1e0 ./Drivers/STM32F4xx_HAL_Driver/Src/stm32f4xx_hal_tim.o
                0x08008584                HAL_TIM_IRQHandler
 .text.HAL_TIM_OC_DelayElapsedCallback
                0x08008764       0x14 ./Drivers/STM32F4xx_HAL_Driver/Src/stm32f4xx_hal_tim.o
                0x08008764                HAL_TIM_OC_DelayElapsedCallback
 .text.HAL_TIM_PWM_PulseFinishedCallback
                0x08008778       0x14 ./Drivers/STM32F4xx_HAL_Driver/Src/stm32f4xx_hal_tim.o
                0x08008778                HAL_TIM_PWM_PulseFinishedCallback
 .text.HAL_TIM_TriggerCallback
                0x0800878c       0x14 ./Drivers/STM32F4xx_HAL_Driver/Src/stm32f4xx_hal_tim.o
                0x0800878c                HAL_TIM_TriggerCallback
 .text.TIM_Base_SetConfig
                0x080087a0      0x158 ./Drivers/STM32F4xx_HAL_Driver/Src/stm32f4xx_hal_tim.o
                0x080087a0                TIM_Base_SetConfig
 .text.TIM_CCxChannelCmd
                0x080088f8       0x4a ./Drivers/STM32F4xx_HAL_Driver/Src/stm32f4xx_hal_tim.o
                0x080088f8                TIM_CCxChannelCmd
 *fill*         0x08008942        0x2 
 .text.HAL_TIMEx_MasterConfigSynchronization
                0x08008944       0xf8 ./Drivers/STM32F4xx_HAL_Driver/Src/stm32f4xx_hal_tim_ex.o
                0x08008944                HAL_TIMEx_MasterConfigSynchronization
 .text.HAL_TIMEx_CommutCallback
                0x08008a3c       0x14 ./Drivers/STM32F4xx_HAL_Driver/Src/stm32f4xx_hal_tim_ex.o
                0x08008a3c                HAL_TIMEx_CommutCallback
 .text.HAL_TIMEx_BreakCallback
                0x08008a50       0x14 ./Drivers/STM32F4xx_HAL_Driver/Src/stm32f4xx_hal_tim_ex.o
                0x08008a50                HAL_TIMEx_BreakCallback
 .text.HAL_UART_Init
                0x08008a64       0xa0 ./Drivers/STM32F4xx_HAL_Driver/Src/stm32f4xx_hal_uart.o
                0x08008a64                HAL_UART_Init
 .text.HAL_UART_Transmit
                0x08008b04      0x116 ./Drivers/STM32F4xx_HAL_Driver/Src/stm32f4xx_hal_uart.o
                0x08008b04                HAL_UART_Transmit
 .text.HAL_UART_Receive
                0x08008c1a      0x12e ./Drivers/STM32F4xx_HAL_Driver/Src/stm32f4xx_hal_uart.o
                0x08008c1a                HAL_UART_Receive
 .text.HAL_UART_IRQHandler
                0x08008d48      0x524 ./Drivers/STM32F4xx_HAL_Driver/Src/stm32f4xx_hal_uart.o
                0x08008d48                HAL_UART_IRQHandler
 .text.HAL_UART_TxCpltCallback
                0x0800926c       0x14 ./Drivers/STM32F4xx_HAL_Driver/Src/stm32f4xx_hal_uart.o
                0x0800926c                HAL_UART_TxCpltCallback
 .text.HAL_UART_ErrorCallback
                0x08009280       0x14 ./Drivers/STM32F4xx_HAL_Driver/Src/stm32f4xx_hal_uart.o
                0x08009280                HAL_UART_ErrorCallback
 .text.HAL_UARTEx_RxEventCallback
                0x08009294       0x18 ./Drivers/STM32F4xx_HAL_Driver/Src/stm32f4xx_hal_uart.o
                0x08009294                HAL_UARTEx_RxEventCallback
 .text.UART_WaitOnFlagUntilTimeout
                0x080092ac       0xb2 ./Drivers/STM32F4xx_HAL_Driver/Src/stm32f4xx_hal_uart.o
 .text.UART_EndRxTransfer
                0x0800935e       0xc6 ./Drivers/STM32F4xx_HAL_Driver/Src/stm32f4xx_hal_uart.o
 .text.UART_DMAAbortOnError
                0x08009424       0x28 ./Drivers/STM32F4xx_HAL_Driver/Src/stm32f4xx_hal_uart.o
 .text.UART_Transmit_IT
                0x0800944c       0xa0 ./Drivers/STM32F4xx_HAL_Driver/Src/stm32f4xx_hal_uart.o
 .text.UART_EndTransmit_IT
                0x080094ec       0x30 ./Drivers/STM32F4xx_HAL_Driver/Src/stm32f4xx_hal_uart.o
 .text.UART_Receive_IT
                0x0800951c      0x17c ./Drivers/STM32F4xx_HAL_Driver/Src/stm32f4xx_hal_uart.o
 .text.UART_SetConfig
                0x08009698      0x4e8 ./Drivers/STM32F4xx_HAL_Driver/Src/stm32f4xx_hal_uart.o
 .text.memset   0x08009b80       0x10 C:/ST/STM32CubeIDE_1.15.1/STM32CubeIDE/plugins/com.st.stm32cube.ide.mcu.externaltools.gnu-tools-for-stm32.13.3.rel1.win32_1.0.0.202411081344/tools/bin/../lib/gcc/arm-none-eabi/13.3.1/../../../../arm-none-eabi/lib/thumb/v7e-m+fp/hard\libc_nano.a(libc_a-memset.o)
                0x08009b80                memset
 .text.__libc_init_array
                0x08009b90       0x48 C:/ST/STM32CubeIDE_1.15.1/STM32CubeIDE/plugins/com.st.stm32cube.ide.mcu.externaltools.gnu-tools-for-stm32.13.3.rel1.win32_1.0.0.202411081344/tools/bin/../lib/gcc/arm-none-eabi/13.3.1/../../../../arm-none-eabi/lib/thumb/v7e-m+fp/hard\libc_nano.a(libc_a-init.o)
                0x08009b90                __libc_init_array
 .text.memcpy   0x08009bd8       0x1c C:/ST/STM32CubeIDE_1.15.1/STM32CubeIDE/plugins/com.st.stm32cube.ide.mcu.externaltools.gnu-tools-for-stm32.13.3.rel1.win32_1.0.0.202411081344/tools/bin/../lib/gcc/arm-none-eabi/13.3.1/../../../../arm-none-eabi/lib/thumb/v7e-m+fp/hard\libc_nano.a(libc_a-memcpy-stub.o)
                0x08009bd8                memcpy
 *(.glue_7)
 .glue_7        0x08009bf4        0x0 linker stubs
 *(.glue_7t)
 .glue_7t       0x08009bf4        0x0 linker stubs
 *(.eh_frame)
 .eh_frame      0x08009bf4        0x0 C:/ST/STM32CubeIDE_1.15.1/STM32CubeIDE/plugins/com.st.stm32cube.ide.mcu.externaltools.gnu-tools-for-stm32.13.3.rel1.win32_1.0.0.202411081344/tools/bin/../lib/gcc/arm-none-eabi/13.3.1/thumb/v7e-m+fp/hard/crtbegin.o
 *(.init)
 .init          0x08009bf4        0x4 C:/ST/STM32CubeIDE_1.15.1/STM32CubeIDE/plugins/com.st.stm32cube.ide.mcu.externaltools.gnu-tools-for-stm32.13.3.rel1.win32_1.0.0.202411081344/tools/bin/../lib/gcc/arm-none-eabi/13.3.1/thumb/v7e-m+fp/hard/crti.o
                0x08009bf4                _init
 .init          0x08009bf8        0x8 C:/ST/STM32CubeIDE_1.15.1/STM32CubeIDE/plugins/com.st.stm32cube.ide.mcu.externaltools.gnu-tools-for-stm32.13.3.rel1.win32_1.0.0.202411081344/tools/bin/../lib/gcc/arm-none-eabi/13.3.1/thumb/v7e-m+fp/hard/crtn.o
 *(.fini)
 .fini          0x08009c00        0x4 C:/ST/STM32CubeIDE_1.15.1/STM32CubeIDE/plugins/com.st.stm32cube.ide.mcu.externaltools.gnu-tools-for-stm32.13.3.rel1.win32_1.0.0.202411081344/tools/bin/../lib/gcc/arm-none-eabi/13.3.1/thumb/v7e-m+fp/hard/crti.o
                0x08009c00                _fini
 .fini          0x08009c04        0x8 C:/ST/STM32CubeIDE_1.15.1/STM32CubeIDE/plugins/com.st.stm32cube.ide.mcu.externaltools.gnu-tools-for-stm32.13.3.rel1.win32_1.0.0.202411081344/tools/bin/../lib/gcc/arm-none-eabi/13.3.1/thumb/v7e-m+fp/hard/crtn.o
                0x08009c0c                        . = ALIGN (0x4)
                0x08009c0c                        _etext = .

.vfp11_veneer   0x08009c0c        0x0
 .vfp11_veneer  0x08009c0c        0x0 linker stubs

.v4_bx          0x08009c0c        0x0
 .v4_bx         0x08009c0c        0x0 linker stubs

.iplt           0x08009c0c        0x0
 .iplt          0x08009c0c        0x0 C:/ST/STM32CubeIDE_1.15.1/STM32CubeIDE/plugins/com.st.stm32cube.ide.mcu.externaltools.gnu-tools-for-stm32.13.3.rel1.win32_1.0.0.202411081344/tools/bin/../lib/gcc/arm-none-eabi/13.3.1/thumb/v7e-m+fp/hard/crtbegin.o

.rodata         0x08009c0c      0x32c
                0x08009c0c                        . = ALIGN (0x4)
 *(.rodata)
 *(.rodata*)
 .rodata.attack_rate_lookup
                0x08009c0c      0x200 ./Core/Src/lookup_t.o
                0x08009c0c                attack_rate_lookup
 .rodata.fine_cv
                0x08009e0c       0xfe ./Core/Src/lookup_t.o
                0x08009e0c                fine_cv
 *fill*         0x08009f0a        0x2 
 .rodata.coarse_cv
                0x08009f0c        0xa ./Core/Src/lookup_t.o
                0x08009f0c                coarse_cv
 *fill*         0x08009f16        0x2 
 .rodata.AHBPrescTable
                0x08009f18       0x10 ./Core/Src/system_stm32f4xx.o
                0x08009f18                AHBPrescTable
 .rodata.APBPrescTable
                0x08009f28        0x8 ./Core/Src/system_stm32f4xx.o
                0x08009f28                APBPrescTable
 .rodata.flagBitshiftOffset.0
                0x08009f30        0x8 ./Drivers/STM32F4xx_HAL_Driver/Src/stm32f4xx_hal_dma.o
                0x08009f38                        . = ALIGN (0x4)

.ARM.extab      0x08009f38        0x0
                0x08009f38                        . = ALIGN (0x4)
 *(.ARM.extab* .gnu.linkonce.armextab.*)
                0x08009f38                        . = ALIGN (0x4)

.ARM            0x08009f38        0x8
                0x08009f38                        . = ALIGN (0x4)
                0x08009f38                        __exidx_start = .
 *(.ARM.exidx*)
 .ARM.exidx     0x08009f38        0x8 C:/ST/STM32CubeIDE_1.15.1/STM32CubeIDE/plugins/com.st.stm32cube.ide.mcu.externaltools.gnu-tools-for-stm32.13.3.rel1.win32_1.0.0.202411081344/tools/bin/../lib/gcc/arm-none-eabi/13.3.1/thumb/v7e-m+fp/hard\libgcc.a(_udivmoddi4.o)
                0x08009f40                        __exidx_end = .
                0x08009f40                        . = ALIGN (0x4)

.preinit_array  0x08009f40        0x0
                0x08009f40                        . = ALIGN (0x4)
                0x08009f40                        PROVIDE (__preinit_array_start = .)
 *(.preinit_array*)
                0x08009f40                        PROVIDE (__preinit_array_end = .)
                0x08009f40                        . = ALIGN (0x4)

.init_array     0x08009f40        0x8
                0x08009f40                        . = ALIGN (0x4)
                0x08009f40                        PROVIDE (__init_array_start = .)
 *(SORT_BY_NAME(.init_array.*))
 *(.init_array*)
 .init_array    0x08009f40        0x4 C:/ST/STM32CubeIDE_1.15.1/STM32CubeIDE/plugins/com.st.stm32cube.ide.mcu.externaltools.gnu-tools-for-stm32.13.3.rel1.win32_1.0.0.202411081344/tools/bin/../lib/gcc/arm-none-eabi/13.3.1/thumb/v7e-m+fp/hard/crtbegin.o
 .init_array    0x08009f44        0x4 ./Core/Src/main.o
                0x08009f48                        PROVIDE (__init_array_end = .)
                0x08009f48                        . = ALIGN (0x4)

.fini_array     0x08009f48        0x8
                0x08009f48                        . = ALIGN (0x4)
                [!provide]                        PROVIDE (__fini_array_start = .)
 *(SORT_BY_NAME(.fini_array.*))
 *(.fini_array*)
 .fini_array    0x08009f48        0x4 C:/ST/STM32CubeIDE_1.15.1/STM32CubeIDE/plugins/com.st.stm32cube.ide.mcu.externaltools.gnu-tools-for-stm32.13.3.rel1.win32_1.0.0.202411081344/tools/bin/../lib/gcc/arm-none-eabi/13.3.1/thumb/v7e-m+fp/hard/crtbegin.o
 .fini_array    0x08009f4c        0x4 ./Core/Src/main.o
                [!provide]                        PROVIDE (__fini_array_end = .)
                0x08009f50                        . = ALIGN (0x4)
                0x08009f50                        _sidata = LOADADDR (.data)

.rel.dyn        0x08009f50        0x0
 .rel.iplt      0x08009f50        0x0 C:/ST/STM32CubeIDE_1.15.1/STM32CubeIDE/plugins/com.st.stm32cube.ide.mcu.externaltools.gnu-tools-for-stm32.13.3.rel1.win32_1.0.0.202411081344/tools/bin/../lib/gcc/arm-none-eabi/13.3.1/thumb/v7e-m+fp/hard/crtbegin.o

.data           0x20000000        0xc load address 0x08009f50
                0x20000000                        . = ALIGN (0x4)
                0x20000000                        _sdata = .
 *(.data)
 *(.data*)
 .data.SystemCoreClock
                0x20000000        0x4 ./Core/Src/system_stm32f4xx.o
                0x20000000                SystemCoreClock
 .data.uwTickPrio
                0x20000004        0x4 ./Drivers/STM32F4xx_HAL_Driver/Src/stm32f4xx_hal.o
                0x20000004                uwTickPrio
 .data.uwTickFreq
                0x20000008        0x1 ./Drivers/STM32F4xx_HAL_Driver/Src/stm32f4xx_hal.o
                0x20000008                uwTickFreq
 *(.RamFunc)
 *(.RamFunc*)
                0x2000000c                        . = ALIGN (0x4)
 *fill*         0x20000009        0x3 
                0x2000000c                        _edata = .
                0x08009f5c                        _siccmram = LOADADDR (.ccmram)

.igot.plt       0x2000000c        0x0 load address 0x08009f5c
 .igot.plt      0x2000000c        0x0 C:/ST/STM32CubeIDE_1.15.1/STM32CubeIDE/plugins/com.st.stm32cube.ide.mcu.externaltools.gnu-tools-for-stm32.13.3.rel1.win32_1.0.0.202411081344/tools/bin/../lib/gcc/arm-none-eabi/13.3.1/thumb/v7e-m+fp/hard/crtbegin.o

.ccmram         0x10000000        0x0 load address 0x08009f5c
                0x10000000                        . = ALIGN (0x4)
                0x10000000                        _sccmram = .
 *(.ccmram)
 *(.ccmram*)
                0x10000000                        . = ALIGN (0x4)
                0x10000000                        _eccmram = .
                0x10000000                        . = ALIGN (0x4)

.bss            0x2000000c      0x524
                0x2000000c                        _sbss = .
                0x2000000c                        __bss_start__ = _sbss
 *(.bss)
 .bss           0x2000000c       0x1c C:/ST/STM32CubeIDE_1.15.1/STM32CubeIDE/plugins/com.st.stm32cube.ide.mcu.externaltools.gnu-tools-for-stm32.13.3.rel1.win32_1.0.0.202411081344/tools/bin/../lib/gcc/arm-none-eabi/13.3.1/thumb/v7e-m+fp/hard/crtbegin.o
 *(.bss*)
 .bss.i         0x20000028        0x4 ./Core/Src/MidiHandlers.o
                0x20000028                i
 .bss.tt        0x2000002c        0x4 ./Core/Src/MidiHandlers.o
                0x2000002c                tt
 .bss.yy        0x20000030        0x4 ./Core/Src/MidiHandlers.o
                0x20000030                yy
 .bss.first_note_active
                0x20000034        0x1 ./Core/Src/MidiHandlers.o
                0x20000034                first_note_active
 .bss.second_note_active
                0x20000035        0x1 ./Core/Src/MidiHandlers.o
                0x20000035                second_note_active
 *fill*         0x20000036        0x2 
 .bss.velo_CV   0x20000038        0x4 ./Core/Src/MidiHandlers.o
                0x20000038                velo_CV
 .bss.modv_CV   0x2000003c        0x4 ./Core/Src/MidiHandlers.o
                0x2000003c                modv_CV
 .bss.first_note
                0x20000040        0x1 ./Core/Src/MidiHandlers.o
                0x20000040                first_note
 .bss.range_idx
                0x20000041        0x1 ./Core/Src/MidiHandlers.o
                0x20000041                range_idx
 .bss.second_note
                0x20000042        0x1 ./Core/Src/MidiHandlers.o
                0x20000042                second_note
 *fill*         0x20000043        0x1 
 .bss.coarse_DAC
                0x20000044        0x2 ./Core/Src/MidiHandlers.o
                0x20000044                coarse_DAC
 .bss.fine_DAC  0x20000046        0x2 ./Core/Src/MidiHandlers.o
                0x20000046                fine_DAC
 .bss.hdac      0x20000048       0x14 ./Core/Src/main.o
                0x20000048                hdac
 .bss.hi2c1     0x2000005c       0x54 ./Core/Src/main.o
                0x2000005c                hi2c1
 .bss.hi2c2     0x200000b0       0x54 ./Core/Src/main.o
                0x200000b0                hi2c2
 .bss.hdma_i2c1_tx
                0x20000104       0x60 ./Core/Src/main.o
                0x20000104                hdma_i2c1_tx
 .bss.hspi2     0x20000164       0x58 ./Core/Src/main.o
                0x20000164                hspi2
 .bss.htim2     0x200001bc       0x48 ./Core/Src/main.o
                0x200001bc                htim2
 .bss.htim3     0x20000204       0x48 ./Core/Src/main.o
                0x20000204                htim3
 .bss.htim4     0x2000024c       0x48 ./Core/Src/main.o
                0x2000024c                htim4
 .bss.htim5     0x20000294       0x48 ./Core/Src/main.o
                0x20000294                htim5
 .bss.htim7     0x200002dc       0x48 ./Core/Src/main.o
                0x200002dc                htim7
 .bss.htim13    0x20000324       0x48 ./Core/Src/main.o
                0x20000324                htim13
 .bss.huart3    0x2000036c       0x48 ./Core/Src/main.o
                0x2000036c                huart3
 .bss.ROT1      0x200003b4        0x2 ./Core/Src/main.o
                0x200003b4                ROT1
 .bss.ROT2      0x200003b6        0x2 ./Core/Src/main.o
                0x200003b6                ROT2
 .bss.envelopes
                0x200003b8       0x80 ./Core/Src/main.o
                0x200003b8                envelopes
 .bss.Port      0x20000438       0xf0 ./Core/Src/main.o
                0x20000438                Port
 .bss.busena    0x20000528        0x4 ./Core/Src/main.o
                0x20000528                busena
 .bss.uwTick    0x2000052c        0x4 ./Drivers/STM32F4xx_HAL_Driver/Src/stm32f4xx_hal.o
                0x2000052c                uwTick
 *(COMMON)
                0x20000530                        . = ALIGN (0x4)
                0x20000530                        _ebss = .
                0x20000530                        __bss_end__ = _ebss

._user_heap_stack
                0x20000530      0x600
                0x20000530                        . = ALIGN (0x8)
                [!provide]                        PROVIDE (end = .)
                0x20000530                        PROVIDE (_end = .)
                0x20000730                        . = (. + _Min_Heap_Size)
 *fill*         0x20000530      0x200 
                0x20000b30                        . = (. + _Min_Stack_Size)
 *fill*         0x20000730      0x400 
                0x20000b30                        . = ALIGN (0x8)

/DISCARD/
 libc.a(*)
 libm.a(*)
 libgcc.a(*)

.ARM.attributes
                0x00000000       0x30
 *(.ARM.attributes)
 .ARM.attributes
                0x00000000       0x22 C:/ST/STM32CubeIDE_1.15.1/STM32CubeIDE/plugins/com.st.stm32cube.ide.mcu.externaltools.gnu-tools-for-stm32.13.3.rel1.win32_1.0.0.202411081344/tools/bin/../lib/gcc/arm-none-eabi/13.3.1/thumb/v7e-m+fp/hard/crti.o
 .ARM.attributes
                0x00000022       0x34 C:/ST/STM32CubeIDE_1.15.1/STM32CubeIDE/plugins/com.st.stm32cube.ide.mcu.externaltools.gnu-tools-for-stm32.13.3.rel1.win32_1.0.0.202411081344/tools/bin/../lib/gcc/arm-none-eabi/13.3.1/thumb/v7e-m+fp/hard/crtbegin.o
 .ARM.attributes
                0x00000056       0x34 ./Core/Src/MIDI.o
 .ARM.attributes
                0x0000008a       0x34 ./Core/Src/MidiHandlers.o
 .ARM.attributes
                0x000000be       0x34 ./Core/Src/adsr.o
 .ARM.attributes
                0x000000f2       0x34 ./Core/Src/lookup_t.o
 .ARM.attributes
                0x00000126       0x34 ./Core/Src/main.o
 .ARM.attributes
                0x0000015a       0x34 ./Core/Src/mcp4728_mod.o
 .ARM.attributes
                0x0000018e       0x34 ./Core/Src/mygtukai.o
 .ARM.attributes
                0x000001c2       0x34 ./Core/Src/stm32f4xx_hal_msp.o
 .ARM.attributes
                0x000001f6       0x34 ./Core/Src/stm32f4xx_it.o
 .ARM.attributes
                0x0000022a       0x34 ./Core/Src/system_stm32f4xx.o
 .ARM.attributes
                0x0000025e       0x21 ./Core/Startup/startup_stm32f405rgtx.o
 .ARM.attributes
                0x0000027f       0x34 ./Drivers/STM32F4xx_HAL_Driver/Src/stm32f4xx_hal.o
 .ARM.attributes
                0x000002b3       0x34 ./Drivers/STM32F4xx_HAL_Driver/Src/stm32f4xx_hal_cortex.o
 .ARM.attributes
                0x000002e7       0x34 ./Drivers/STM32F4xx_HAL_Driver/Src/stm32f4xx_hal_dac.o
 .ARM.attributes
                0x0000031b       0x34 ./Drivers/STM32F4xx_HAL_Driver/Src/stm32f4xx_hal_dma.o
 .ARM.attributes
                0x0000034f       0x34 ./Drivers/STM32F4xx_HAL_Driver/Src/stm32f4xx_hal_gpio.o
 .ARM.attributes
                0x00000383       0x34 ./Drivers/STM32F4xx_HAL_Driver/Src/stm32f4xx_hal_i2c.o
 .ARM.attributes
                0x000003b7       0x34 ./Drivers/STM32F4xx_HAL_Driver/Src/stm32f4xx_hal_rcc.o
 .ARM.attributes
                0x000003eb       0x34 ./Drivers/STM32F4xx_HAL_Driver/Src/stm32f4xx_hal_spi.o
 .ARM.attributes
                0x0000041f       0x34 ./Drivers/STM32F4xx_HAL_Driver/Src/stm32f4xx_hal_tim.o
 .ARM.attributes
                0x00000453       0x34 ./Drivers/STM32F4xx_HAL_Driver/Src/stm32f4xx_hal_tim_ex.o
 .ARM.attributes
                0x00000487       0x34 ./Drivers/STM32F4xx_HAL_Driver/Src/stm32f4xx_hal_uart.o
 .ARM.attributes
                0x000004bb       0x34 C:/ST/STM32CubeIDE_1.15.1/STM32CubeIDE/plugins/com.st.stm32cube.ide.mcu.externaltools.gnu-tools-for-stm32.13.3.rel1.win32_1.0.0.202411081344/tools/bin/../lib/gcc/arm-none-eabi/13.3.1/../../../../arm-none-eabi/lib/thumb/v7e-m+fp/hard\libc_nano.a(libc_a-memset.o)
 .ARM.attributes
                0x000004ef       0x34 C:/ST/STM32CubeIDE_1.15.1/STM32CubeIDE/plugins/com.st.stm32cube.ide.mcu.externaltools.gnu-tools-for-stm32.13.3.rel1.win32_1.0.0.202411081344/tools/bin/../lib/gcc/arm-none-eabi/13.3.1/../../../../arm-none-eabi/lib/thumb/v7e-m+fp/hard\libc_nano.a(libc_a-init.o)
 .ARM.attributes
                0x00000523       0x34 C:/ST/STM32CubeIDE_1.15.1/STM32CubeIDE/plugins/com.st.stm32cube.ide.mcu.externaltools.gnu-tools-for-stm32.13.3.rel1.win32_1.0.0.202411081344/tools/bin/../lib/gcc/arm-none-eabi/13.3.1/../../../../arm-none-eabi/lib/thumb/v7e-m+fp/hard\libc_nano.a(libc_a-memcpy-stub.o)
 .ARM.attributes
                0x00000557       0x22 C:/ST/STM32CubeIDE_1.15.1/STM32CubeIDE/plugins/com.st.stm32cube.ide.mcu.externaltools.gnu-tools-for-stm32.13.3.rel1.win32_1.0.0.202411081344/tools/bin/../lib/gcc/arm-none-eabi/13.3.1/thumb/v7e-m+fp/hard\libgcc.a(_arm_addsubdf3.o)
 .ARM.attributes
                0x00000579       0x22 C:/ST/STM32CubeIDE_1.15.1/STM32CubeIDE/plugins/com.st.stm32cube.ide.mcu.externaltools.gnu-tools-for-stm32.13.3.rel1.win32_1.0.0.202411081344/tools/bin/../lib/gcc/arm-none-eabi/13.3.1/thumb/v7e-m+fp/hard\libgcc.a(_arm_muldivdf3.o)
 .ARM.attributes
                0x0000059b       0x22 C:/ST/STM32CubeIDE_1.15.1/STM32CubeIDE/plugins/com.st.stm32cube.ide.mcu.externaltools.gnu-tools-for-stm32.13.3.rel1.win32_1.0.0.202411081344/tools/bin/../lib/gcc/arm-none-eabi/13.3.1/thumb/v7e-m+fp/hard\libgcc.a(_arm_fixunsdfsi.o)
 .ARM.attributes
                0x000005bd       0x22 C:/ST/STM32CubeIDE_1.15.1/STM32CubeIDE/plugins/com.st.stm32cube.ide.mcu.externaltools.gnu-tools-for-stm32.13.3.rel1.win32_1.0.0.202411081344/tools/bin/../lib/gcc/arm-none-eabi/13.3.1/thumb/v7e-m+fp/hard\libgcc.a(_aeabi_uldivmod.o)
 .ARM.attributes
                0x000005df       0x34 C:/ST/STM32CubeIDE_1.15.1/STM32CubeIDE/plugins/com.st.stm32cube.ide.mcu.externaltools.gnu-tools-for-stm32.13.3.rel1.win32_1.0.0.202411081344/tools/bin/../lib/gcc/arm-none-eabi/13.3.1/thumb/v7e-m+fp/hard\libgcc.a(_udivmoddi4.o)
 .ARM.attributes
                0x00000613       0x22 C:/ST/STM32CubeIDE_1.15.1/STM32CubeIDE/plugins/com.st.stm32cube.ide.mcu.externaltools.gnu-tools-for-stm32.13.3.rel1.win32_1.0.0.202411081344/tools/bin/../lib/gcc/arm-none-eabi/13.3.1/thumb/v7e-m+fp/hard\libgcc.a(_dvmd_tls.o)
 .ARM.attributes
                0x00000635       0x22 C:/ST/STM32CubeIDE_1.15.1/STM32CubeIDE/plugins/com.st.stm32cube.ide.mcu.externaltools.gnu-tools-for-stm32.13.3.rel1.win32_1.0.0.202411081344/tools/bin/../lib/gcc/arm-none-eabi/13.3.1/thumb/v7e-m+fp/hard/crtn.o
OUTPUT(STM32F405 MIDI2CV.elf elf32-littlearm)
LOAD linker stubs
LOAD C:/ST/STM32CubeIDE_1.15.1/STM32CubeIDE/plugins/com.st.stm32cube.ide.mcu.externaltools.gnu-tools-for-stm32.13.3.rel1.win32_1.0.0.202411081344/tools/bin/../lib/gcc/arm-none-eabi/13.3.1/../../../../arm-none-eabi/lib/thumb/v7e-m+fp/hard\libc.a
LOAD C:/ST/STM32CubeIDE_1.15.1/STM32CubeIDE/plugins/com.st.stm32cube.ide.mcu.externaltools.gnu-tools-for-stm32.13.3.rel1.win32_1.0.0.202411081344/tools/bin/../lib/gcc/arm-none-eabi/13.3.1/../../../../arm-none-eabi/lib/thumb/v7e-m+fp/hard\libm.a
LOAD C:/ST/STM32CubeIDE_1.15.1/STM32CubeIDE/plugins/com.st.stm32cube.ide.mcu.externaltools.gnu-tools-for-stm32.13.3.rel1.win32_1.0.0.202411081344/tools/bin/../lib/gcc/arm-none-eabi/13.3.1/thumb/v7e-m+fp/hard\libgcc.a

.debug_info     0x00000000    0x1a462
 .debug_info    0x00000000     0x288b ./Core/Src/MIDI.o
 .debug_info    0x0000288b      0xbef ./Core/Src/MidiHandlers.o
 .debug_info    0x0000347a      0x37a ./Core/Src/adsr.o
 .debug_info    0x000037f4      0x149 ./Core/Src/lookup_t.o
 .debug_info    0x0000393d     0x4c07 ./Core/Src/main.o
 .debug_info    0x00008544      0xd3f ./Core/Src/mcp4728_mod.o
 .debug_info    0x00009283      0x360 ./Core/Src/mygtukai.o
 .debug_info    0x000095e3     0x1965 ./Core/Src/stm32f4xx_hal_msp.o
 .debug_info    0x0000af48      0xfd1 ./Core/Src/stm32f4xx_it.o
 .debug_info    0x0000bf19      0x512 ./Core/Src/system_stm32f4xx.o
 .debug_info    0x0000c42b       0x30 ./Core/Startup/startup_stm32f405rgtx.o
 .debug_info    0x0000c45b      0x932 ./Drivers/STM32F4xx_HAL_Driver/Src/stm32f4xx_hal.o
 .debug_info    0x0000cd8d      0xd7a ./Drivers/STM32F4xx_HAL_Driver/Src/stm32f4xx_hal_cortex.o
 .debug_info    0x0000db07      0xa01 ./Drivers/STM32F4xx_HAL_Driver/Src/stm32f4xx_hal_dac.o
 .debug_info    0x0000e508      0x8e7 ./Drivers/STM32F4xx_HAL_Driver/Src/stm32f4xx_hal_dma.o
 .debug_info    0x0000edef      0x6c3 ./Drivers/STM32F4xx_HAL_Driver/Src/stm32f4xx_hal_gpio.o
 .debug_info    0x0000f4b2     0x2415 ./Drivers/STM32F4xx_HAL_Driver/Src/stm32f4xx_hal_i2c.o
 .debug_info    0x000118c7      0x8af ./Drivers/STM32F4xx_HAL_Driver/Src/stm32f4xx_hal_rcc.o
 .debug_info    0x00012176     0x1525 ./Drivers/STM32F4xx_HAL_Driver/Src/stm32f4xx_hal_spi.o
 .debug_info    0x0001369b     0x299d ./Drivers/STM32F4xx_HAL_Driver/Src/stm32f4xx_hal_tim.o
 .debug_info    0x00016038     0x14db ./Drivers/STM32F4xx_HAL_Driver/Src/stm32f4xx_hal_tim_ex.o
 .debug_info    0x00017513     0x2f4f ./Drivers/STM32F4xx_HAL_Driver/Src/stm32f4xx_hal_uart.o

.debug_abbrev   0x00000000     0x321c
 .debug_abbrev  0x00000000      0x3e9 ./Core/Src/MIDI.o
 .debug_abbrev  0x000003e9      0x223 ./Core/Src/MidiHandlers.o
 .debug_abbrev  0x0000060c      0x145 ./Core/Src/adsr.o
 .debug_abbrev  0x00000751       0x74 ./Core/Src/lookup_t.o
 .debug_abbrev  0x000007c5      0x655 ./Core/Src/main.o
 .debug_abbrev  0x00000e1a      0x213 ./Core/Src/mcp4728_mod.o
 .debug_abbrev  0x0000102d      0x12c ./Core/Src/mygtukai.o
 .debug_abbrev  0x00001159      0x25f ./Core/Src/stm32f4xx_hal_msp.o
 .debug_abbrev  0x000013b8      0x1dc ./Core/Src/stm32f4xx_it.o
 .debug_abbrev  0x00001594      0x11a ./Core/Src/system_stm32f4xx.o
 .debug_abbrev  0x000016ae       0x24 ./Core/Startup/startup_stm32f405rgtx.o
 .debug_abbrev  0x000016d2      0x214 ./Drivers/STM32F4xx_HAL_Driver/Src/stm32f4xx_hal.o
 .debug_abbrev  0x000018e6      0x31d ./Drivers/STM32F4xx_HAL_Driver/Src/stm32f4xx_hal_cortex.o
 .debug_abbrev  0x00001c03      0x1fa ./Drivers/STM32F4xx_HAL_Driver/Src/stm32f4xx_hal_dac.o
 .debug_abbrev  0x00001dfd      0x264 ./Drivers/STM32F4xx_HAL_Driver/Src/stm32f4xx_hal_dma.o
 .debug_abbrev  0x00002061      0x1d4 ./Drivers/STM32F4xx_HAL_Driver/Src/stm32f4xx_hal_gpio.o
 .debug_abbrev  0x00002235      0x2ad ./Drivers/STM32F4xx_HAL_Driver/Src/stm32f4xx_hal_i2c.o
 .debug_abbrev  0x000024e2      0x2b7 ./Drivers/STM32F4xx_HAL_Driver/Src/stm32f4xx_hal_rcc.o
 .debug_abbrev  0x00002799      0x27a ./Drivers/STM32F4xx_HAL_Driver/Src/stm32f4xx_hal_spi.o
 .debug_abbrev  0x00002a13      0x278 ./Drivers/STM32F4xx_HAL_Driver/Src/stm32f4xx_hal_tim.o
 .debug_abbrev  0x00002c8b      0x283 ./Drivers/STM32F4xx_HAL_Driver/Src/stm32f4xx_hal_tim_ex.o
 .debug_abbrev  0x00002f0e      0x30e ./Drivers/STM32F4xx_HAL_Driver/Src/stm32f4xx_hal_uart.o

.debug_aranges  0x00000000     0x1678
 .debug_aranges
                0x00000000      0x278 ./Core/Src/MIDI.o
 .debug_aranges
                0x00000278       0x48 ./Core/Src/MidiHandlers.o
 .debug_aranges
                0x000002c0       0x60 ./Core/Src/adsr.o
 .debug_aranges
                0x00000320       0x18 ./Core/Src/lookup_t.o
 .debug_aranges
                0x00000338       0xf8 ./Core/Src/main.o
 .debug_aranges
                0x00000430       0x90 ./Core/Src/mcp4728_mod.o
 .debug_aranges
                0x000004c0       0x28 ./Core/Src/mygtukai.o
 .debug_aranges
                0x000004e8       0x80 ./Core/Src/stm32f4xx_hal_msp.o
 .debug_aranges
                0x00000568       0xb8 ./Core/Src/stm32f4xx_it.o
 .debug_aranges
                0x00000620       0x28 ./Core/Src/system_stm32f4xx.o
 .debug_aranges
                0x00000648       0x28 ./Core/Startup/startup_stm32f405rgtx.o
 .debug_aranges
                0x00000670       0xf0 ./Drivers/STM32F4xx_HAL_Driver/Src/stm32f4xx_hal.o
 .debug_aranges
                0x00000760      0x130 ./Drivers/STM32F4xx_HAL_Driver/Src/stm32f4xx_hal_cortex.o
 .debug_aranges
                0x00000890       0xc0 ./Drivers/STM32F4xx_HAL_Driver/Src/stm32f4xx_hal_dac.o
 .debug_aranges
                0x00000950       0x90 ./Drivers/STM32F4xx_HAL_Driver/Src/stm32f4xx_hal_dma.o
 .debug_aranges
                0x000009e0       0x58 ./Drivers/STM32F4xx_HAL_Driver/Src/stm32f4xx_hal_gpio.o
 .debug_aranges
                0x00000a38      0x2a8 ./Drivers/STM32F4xx_HAL_Driver/Src/stm32f4xx_hal_i2c.o
 .debug_aranges
                0x00000ce0       0x88 ./Drivers/STM32F4xx_HAL_Driver/Src/stm32f4xx_hal_rcc.o
 .debug_aranges
                0x00000d68      0x1d0 ./Drivers/STM32F4xx_HAL_Driver/Src/stm32f4xx_hal_spi.o
 .debug_aranges
                0x00000f38      0x3d0 ./Drivers/STM32F4xx_HAL_Driver/Src/stm32f4xx_hal_tim.o
 .debug_aranges
                0x00001308      0x168 ./Drivers/STM32F4xx_HAL_Driver/Src/stm32f4xx_hal_tim_ex.o
 .debug_aranges
                0x00001470      0x208 ./Drivers/STM32F4xx_HAL_Driver/Src/stm32f4xx_hal_uart.o

.debug_rnglists
                0x00000000     0x1192
 .debug_rnglists
                0x00000000      0x1dc ./Core/Src/MIDI.o
 .debug_rnglists
                0x000001dc       0x33 ./Core/Src/MidiHandlers.o
 .debug_rnglists
                0x0000020f       0x45 ./Core/Src/adsr.o
 .debug_rnglists
                0x00000254       0xbe ./Core/Src/main.o
 .debug_rnglists
                0x00000312       0x71 ./Core/Src/mcp4728_mod.o
 .debug_rnglists
                0x00000383       0x1a ./Core/Src/mygtukai.o
 .debug_rnglists
                0x0000039d       0x63 ./Core/Src/stm32f4xx_hal_msp.o
 .debug_rnglists
                0x00000400       0x85 ./Core/Src/stm32f4xx_it.o
 .debug_rnglists
                0x00000485       0x1a ./Core/Src/system_stm32f4xx.o
 .debug_rnglists
                0x0000049f       0x19 ./Core/Startup/startup_stm32f405rgtx.o
 .debug_rnglists
                0x000004b8       0xaf ./Drivers/STM32F4xx_HAL_Driver/Src/stm32f4xx_hal.o
 .debug_rnglists
                0x00000567       0xe0 ./Drivers/STM32F4xx_HAL_Driver/Src/stm32f4xx_hal_cortex.o
 .debug_rnglists
                0x00000647       0x90 ./Drivers/STM32F4xx_HAL_Driver/Src/stm32f4xx_hal_dac.o
 .debug_rnglists
                0x000006d7       0x70 ./Drivers/STM32F4xx_HAL_Driver/Src/stm32f4xx_hal_dma.o
 .debug_rnglists
                0x00000747       0x3f ./Drivers/STM32F4xx_HAL_Driver/Src/stm32f4xx_hal_gpio.o
 .debug_rnglists
                0x00000786      0x23c ./Drivers/STM32F4xx_HAL_Driver/Src/stm32f4xx_hal_i2c.o
 .debug_rnglists
                0x000009c2       0x66 ./Drivers/STM32F4xx_HAL_Driver/Src/stm32f4xx_hal_rcc.o
 .debug_rnglists
                0x00000a28      0x16f ./Drivers/STM32F4xx_HAL_Driver/Src/stm32f4xx_hal_spi.o
 .debug_rnglists
                0x00000b97      0x31a ./Drivers/STM32F4xx_HAL_Driver/Src/stm32f4xx_hal_tim.o
 .debug_rnglists
                0x00000eb1      0x125 ./Drivers/STM32F4xx_HAL_Driver/Src/stm32f4xx_hal_tim_ex.o
 .debug_rnglists
                0x00000fd6      0x1bc ./Drivers/STM32F4xx_HAL_Driver/Src/stm32f4xx_hal_uart.o

.debug_macro    0x00000000    0x23969
 .debug_macro   0x00000000      0x21a ./Core/Src/MIDI.o
 .debug_macro   0x0000021a      0xbb0 ./Core/Src/MIDI.o
 .debug_macro   0x00000dca      0x2ad ./Core/Src/MIDI.o
 .debug_macro   0x00001077       0x2e ./Core/Src/MIDI.o
 .debug_macro   0x000010a5       0x2f ./Core/Src/MIDI.o
 .debug_macro   0x000010d4       0x1c ./Core/Src/MIDI.o
 .debug_macro   0x000010f0       0x22 ./Core/Src/MIDI.o
 .debug_macro   0x00001112       0x8e ./Core/Src/MIDI.o
 .debug_macro   0x000011a0       0x51 ./Core/Src/MIDI.o
 .debug_macro   0x000011f1      0x103 ./Core/Src/MIDI.o
 .debug_macro   0x000012f4       0x6a ./Core/Src/MIDI.o
 .debug_macro   0x0000135e      0x1df ./Core/Src/MIDI.o
 .debug_macro   0x0000153d       0x1c ./Core/Src/MIDI.o
 .debug_macro   0x00001559       0x22 ./Core/Src/MIDI.o
 .debug_macro   0x0000157b       0xfb ./Core/Src/MIDI.o
 .debug_macro   0x00001676     0x1011 ./Core/Src/MIDI.o
 .debug_macro   0x00002687      0x11f ./Core/Src/MIDI.o
 .debug_macro   0x000027a6    0x1426d ./Core/Src/MIDI.o
 .debug_macro   0x00016a13       0x6d ./Core/Src/MIDI.o
 .debug_macro   0x00016a80     0x369a ./Core/Src/MIDI.o
 .debug_macro   0x0001a11a      0x197 ./Core/Src/MIDI.o
 .debug_macro   0x0001a2b1       0x5c ./Core/Src/MIDI.o
 .debug_macro   0x0001a30d      0x8bc ./Core/Src/MIDI.o
 .debug_macro   0x0001abc9      0x9e9 ./Core/Src/MIDI.o
 .debug_macro   0x0001b5b2      0x115 ./Core/Src/MIDI.o
 .debug_macro   0x0001b6c7      0x130 ./Core/Src/MIDI.o
 .debug_macro   0x0001b7f7       0xa5 ./Core/Src/MIDI.o
 .debug_macro   0x0001b89c      0x174 ./Core/Src/MIDI.o
 .debug_macro   0x0001ba10      0x287 ./Core/Src/MIDI.o
 .debug_macro   0x0001bc97       0x5f ./Core/Src/MIDI.o
 .debug_macro   0x0001bcf6      0x236 ./Core/Src/MIDI.o
 .debug_macro   0x0001bf2c      0x122 ./Core/Src/MIDI.o
 .debug_macro   0x0001c04e       0xa6 ./Core/Src/MIDI.o
 .debug_macro   0x0001c0f4      0x12c ./Core/Src/MIDI.o
 .debug_macro   0x0001c220      0x21e ./Core/Src/MIDI.o
 .debug_macro   0x0001c43e       0x2e ./Core/Src/MIDI.o
 .debug_macro   0x0001c46c      0x1b5 ./Core/Src/MIDI.o
 .debug_macro   0x0001c621       0xd6 ./Core/Src/MIDI.o
 .debug_macro   0x0001c6f7      0x127 ./Core/Src/MIDI.o
 .debug_macro   0x0001c81e       0x7e ./Core/Src/MIDI.o
 .debug_macro   0x0001c89c       0x89 ./Core/Src/MIDI.o
 .debug_macro   0x0001c925      0x225 ./Core/Src/MIDI.o
 .debug_macro   0x0001cb4a      0x8ed ./Core/Src/MIDI.o
 .debug_macro   0x0001d437       0x4d ./Core/Src/MIDI.o
 .debug_macro   0x0001d484      0x2aa ./Core/Src/MIDI.o
 .debug_macro   0x0001d72e      0x12d ./Core/Src/MIDI.o
 .debug_macro   0x0001d85b       0x28 ./Core/Src/MIDI.o
 .debug_macro   0x0001d883      0x260 ./Core/Src/MidiHandlers.o
 .debug_macro   0x0001dae3       0x9a ./Core/Src/MidiHandlers.o
 .debug_macro   0x0001db7d       0x2e ./Core/Src/MidiHandlers.o
 .debug_macro   0x0001dbab       0xac ./Core/Src/MidiHandlers.o
 .debug_macro   0x0001dc57       0x16 ./Core/Src/MidiHandlers.o
 .debug_macro   0x0001dc6d       0x28 ./Core/Src/MidiHandlers.o
 .debug_macro   0x0001dc95      0x300 ./Core/Src/adsr.o
 .debug_macro   0x0001df95      0xad8 ./Core/Src/adsr.o
 .debug_macro   0x0001ea6d     0x1011 ./Core/Src/adsr.o
 .debug_macro   0x0001fa7e      0x190 ./Core/Src/adsr.o
 .debug_macro   0x0001fc0e       0x22 ./Core/Src/adsr.o
 .debug_macro   0x0001fc30       0x61 ./Core/Src/adsr.o
 .debug_macro   0x0001fc91       0x2a ./Core/Src/adsr.o
 .debug_macro   0x0001fcbb       0x43 ./Core/Src/adsr.o
 .debug_macro   0x0001fcfe       0x34 ./Core/Src/adsr.o
 .debug_macro   0x0001fd32       0x16 ./Core/Src/adsr.o
 .debug_macro   0x0001fd48       0x3c ./Core/Src/adsr.o
 .debug_macro   0x0001fd84      0x370 ./Core/Src/adsr.o
 .debug_macro   0x000200f4       0x10 ./Core/Src/adsr.o
 .debug_macro   0x00020104       0x16 ./Core/Src/adsr.o
 .debug_macro   0x0002011a       0x4a ./Core/Src/adsr.o
 .debug_macro   0x00020164       0x34 ./Core/Src/adsr.o
 .debug_macro   0x00020198       0x10 ./Core/Src/adsr.o
 .debug_macro   0x000201a8       0x58 ./Core/Src/adsr.o
 .debug_macro   0x00020200       0x8e ./Core/Src/adsr.o
 .debug_macro   0x0002028e       0x1c ./Core/Src/adsr.o
 .debug_macro   0x000202aa      0x185 ./Core/Src/adsr.o
 .debug_macro   0x0002042f       0x16 ./Core/Src/adsr.o
 .debug_macro   0x00020445       0x16 ./Core/Src/adsr.o
 .debug_macro   0x0002045b      0x146 ./Core/Src/adsr.o
 .debug_macro   0x000205a1       0x6d ./Core/Src/lookup_t.o
 .debug_macro   0x0002060e      0x44d ./Core/Src/main.o
 .debug_macro   0x00020a5b       0x94 ./Core/Src/main.o
 .debug_macro   0x00020aef       0x34 ./Core/Src/main.o
 .debug_macro   0x00020b23       0x3c ./Core/Src/main.o
 .debug_macro   0x00020b5f      0x38c ./Core/Src/main.o
 .debug_macro   0x00020eeb       0x4a ./Core/Src/main.o
 .debug_macro   0x00020f35       0x16 ./Core/Src/main.o
 .debug_macro   0x00020f4b      0x138 ./Core/Src/main.o
 .debug_macro   0x00021083       0x18 ./Core/Src/main.o
 .debug_macro   0x0002109b      0x194 ./Core/Src/main.o
 .debug_macro   0x0002122f       0x10 ./Core/Src/main.o
 .debug_macro   0x0002123f       0x16 ./Core/Src/main.o
 .debug_macro   0x00021255       0x16 ./Core/Src/main.o
 .debug_macro   0x0002126b       0x29 ./Core/Src/main.o
 .debug_macro   0x00021294       0x10 ./Core/Src/main.o
 .debug_macro   0x000212a4      0x3c7 ./Core/Src/main.o
 .debug_macro   0x0002166b       0x46 ./Core/Src/main.o
 .debug_macro   0x000216b1       0x4c ./Core/Src/main.o
 .debug_macro   0x000216fd       0x10 ./Core/Src/main.o
 .debug_macro   0x0002170d      0x215 ./Core/Src/mcp4728_mod.o
 .debug_macro   0x00021922       0xa6 ./Core/Src/mcp4728_mod.o
 .debug_macro   0x000219c8      0x235 ./Core/Src/mygtukai.o
 .debug_macro   0x00021bfd      0x215 ./Core/Src/stm32f4xx_hal_msp.o
 .debug_macro   0x00021e12      0x21f ./Core/Src/stm32f4xx_it.o
 .debug_macro   0x00022031      0x206 ./Core/Src/system_stm32f4xx.o
 .debug_macro   0x00022237      0x266 ./Drivers/STM32F4xx_HAL_Driver/Src/stm32f4xx_hal.o
 .debug_macro   0x0002249d      0x206 ./Drivers/STM32F4xx_HAL_Driver/Src/stm32f4xx_hal_cortex.o
 .debug_macro   0x000226a3      0x207 ./Drivers/STM32F4xx_HAL_Driver/Src/stm32f4xx_hal_dac.o
 .debug_macro   0x000228aa      0x20c ./Drivers/STM32F4xx_HAL_Driver/Src/stm32f4xx_hal_dma.o
 .debug_macro   0x00022ab6      0x20c ./Drivers/STM32F4xx_HAL_Driver/Src/stm32f4xx_hal_gpio.o
 .debug_macro   0x00022cc2      0x254 ./Drivers/STM32F4xx_HAL_Driver/Src/stm32f4xx_hal_i2c.o
 .debug_macro   0x00022f16      0x22a ./Drivers/STM32F4xx_HAL_Driver/Src/stm32f4xx_hal_rcc.o
 .debug_macro   0x00023140      0x215 ./Drivers/STM32F4xx_HAL_Driver/Src/stm32f4xx_hal_spi.o
 .debug_macro   0x00023355      0x207 ./Drivers/STM32F4xx_HAL_Driver/Src/stm32f4xx_hal_tim.o
 .debug_macro   0x0002355c      0x206 ./Drivers/STM32F4xx_HAL_Driver/Src/stm32f4xx_hal_tim_ex.o
 .debug_macro   0x00023762      0x207 ./Drivers/STM32F4xx_HAL_Driver/Src/stm32f4xx_hal_uart.o

.debug_line     0x00000000    0x1951d
 .debug_line    0x00000000     0x1650 ./Core/Src/MIDI.o
 .debug_line    0x00001650      0x91f ./Core/Src/MidiHandlers.o
 .debug_line    0x00001f6f      0xb20 ./Core/Src/adsr.o
 .debug_line    0x00002a8f      0x410 ./Core/Src/lookup_t.o
 .debug_line    0x00002e9f     0x15bd ./Core/Src/main.o
 .debug_line    0x0000445c      0xc4e ./Core/Src/mcp4728_mod.o
 .debug_line    0x000050aa      0x802 ./Core/Src/mygtukai.o
 .debug_line    0x000058ac      0xab8 ./Core/Src/stm32f4xx_hal_msp.o
 .debug_line    0x00006364      0x977 ./Core/Src/stm32f4xx_it.o
 .debug_line    0x00006cdb      0x844 ./Core/Src/system_stm32f4xx.o
 .debug_line    0x0000751f       0x7a ./Core/Startup/startup_stm32f405rgtx.o
 .debug_line    0x00007599      0xab1 ./Drivers/STM32F4xx_HAL_Driver/Src/stm32f4xx_hal.o
 .debug_line    0x0000804a      0xd81 ./Drivers/STM32F4xx_HAL_Driver/Src/stm32f4xx_hal_cortex.o
 .debug_line    0x00008dcb      0xbc4 ./Drivers/STM32F4xx_HAL_Driver/Src/stm32f4xx_hal_dac.o
 .debug_line    0x0000998f     0x101d ./Drivers/STM32F4xx_HAL_Driver/Src/stm32f4xx_hal_dma.o
 .debug_line    0x0000a9ac      0xc09 ./Drivers/STM32F4xx_HAL_Driver/Src/stm32f4xx_hal_gpio.o
 .debug_line    0x0000b5b5     0x3b63 ./Drivers/STM32F4xx_HAL_Driver/Src/stm32f4xx_hal_i2c.o
 .debug_line    0x0000f118      0xec0 ./Drivers/STM32F4xx_HAL_Driver/Src/stm32f4xx_hal_rcc.o
 .debug_line    0x0000ffd8     0x1d46 ./Drivers/STM32F4xx_HAL_Driver/Src/stm32f4xx_hal_spi.o
 .debug_line    0x00011d1e     0x382e ./Drivers/STM32F4xx_HAL_Driver/Src/stm32f4xx_hal_tim.o
 .debug_line    0x0001554c     0x1a11 ./Drivers/STM32F4xx_HAL_Driver/Src/stm32f4xx_hal_tim_ex.o
 .debug_line    0x00016f5d     0x25c0 ./Drivers/STM32F4xx_HAL_Driver/Src/stm32f4xx_hal_uart.o

.debug_str      0x00000000    0xcbead
 .debug_str     0x00000000    0xcbead ./Core/Src/MIDI.o
                              0xbf7ca (size before relaxing)
 .debug_str     0x000cbead    0xbe6b5 ./Core/Src/MidiHandlers.o
 .debug_str     0x000cbead    0xc0cfe ./Core/Src/adsr.o
 .debug_str     0x000cbead     0x3df2 ./Core/Src/lookup_t.o
 .debug_str     0x000cbead    0xc7f74 ./Core/Src/main.o
 .debug_str     0x000cbead    0xbdbe5 ./Core/Src/mcp4728_mod.o
 .debug_str     0x000cbead    0xbd798 ./Core/Src/mygtukai.o
 .debug_str     0x000cbead    0xbe960 ./Core/Src/stm32f4xx_hal_msp.o
 .debug_str     0x000cbead    0xbe263 ./Core/Src/stm32f4xx_it.o
 .debug_str     0x000cbead    0xbd494 ./Core/Src/system_stm32f4xx.o
 .debug_str     0x000cbead       0x70 ./Core/Startup/startup_stm32f405rgtx.o
 .debug_str     0x000cbead    0xbdff7 ./Drivers/STM32F4xx_HAL_Driver/Src/stm32f4xx_hal.o
 .debug_str     0x000cbead    0xbdd73 ./Drivers/STM32F4xx_HAL_Driver/Src/stm32f4xx_hal_cortex.o
 .debug_str     0x000cbead    0xbd916 ./Drivers/STM32F4xx_HAL_Driver/Src/stm32f4xx_hal_dac.o
 .debug_str     0x000cbead    0xbd8ae ./Drivers/STM32F4xx_HAL_Driver/Src/stm32f4xx_hal_dma.o
 .debug_str     0x000cbead    0xbd60f ./Drivers/STM32F4xx_HAL_Driver/Src/stm32f4xx_hal_gpio.o
 .debug_str     0x000cbead    0xbe4b2 ./Drivers/STM32F4xx_HAL_Driver/Src/stm32f4xx_hal_i2c.o
 .debug_str     0x000cbead    0xbd8c8 ./Drivers/STM32F4xx_HAL_Driver/Src/stm32f4xx_hal_rcc.o
 .debug_str     0x000cbead    0xbdd52 ./Drivers/STM32F4xx_HAL_Driver/Src/stm32f4xx_hal_spi.o
 .debug_str     0x000cbead    0xbe81e ./Drivers/STM32F4xx_HAL_Driver/Src/stm32f4xx_hal_tim.o
 .debug_str     0x000cbead    0xbe02a ./Drivers/STM32F4xx_HAL_Driver/Src/stm32f4xx_hal_tim_ex.o
 .debug_str     0x000cbead    0xbdea9 ./Drivers/STM32F4xx_HAL_Driver/Src/stm32f4xx_hal_uart.o

.comment        0x00000000       0x43
 .comment       0x00000000       0x43 ./Core/Src/MIDI.o
                                 0x44 (size before relaxing)
 .comment       0x00000043       0x44 ./Core/Src/MidiHandlers.o
 .comment       0x00000043       0x44 ./Core/Src/adsr.o
 .comment       0x00000043       0x44 ./Core/Src/lookup_t.o
 .comment       0x00000043       0x44 ./Core/Src/main.o
 .comment       0x00000043       0x44 ./Core/Src/mcp4728_mod.o
 .comment       0x00000043       0x44 ./Core/Src/mygtukai.o
 .comment       0x00000043       0x44 ./Core/Src/stm32f4xx_hal_msp.o
 .comment       0x00000043       0x44 ./Core/Src/stm32f4xx_it.o
 .comment       0x00000043       0x44 ./Core/Src/system_stm32f4xx.o
 .comment       0x00000043       0x44 ./Drivers/STM32F4xx_HAL_Driver/Src/stm32f4xx_hal.o
 .comment       0x00000043       0x44 ./Drivers/STM32F4xx_HAL_Driver/Src/stm32f4xx_hal_cortex.o
 .comment       0x00000043       0x44 ./Drivers/STM32F4xx_HAL_Driver/Src/stm32f4xx_hal_dac.o
 .comment       0x00000043       0x44 ./Drivers/STM32F4xx_HAL_Driver/Src/stm32f4xx_hal_dma.o
 .comment       0x00000043       0x44 ./Drivers/STM32F4xx_HAL_Driver/Src/stm32f4xx_hal_gpio.o
 .comment       0x00000043       0x44 ./Drivers/STM32F4xx_HAL_Driver/Src/stm32f4xx_hal_i2c.o
 .comment       0x00000043       0x44 ./Drivers/STM32F4xx_HAL_Driver/Src/stm32f4xx_hal_rcc.o
 .comment       0x00000043       0x44 ./Drivers/STM32F4xx_HAL_Driver/Src/stm32f4xx_hal_spi.o
 .comment       0x00000043       0x44 ./Drivers/STM32F4xx_HAL_Driver/Src/stm32f4xx_hal_tim.o
 .comment       0x00000043       0x44 ./Drivers/STM32F4xx_HAL_Driver/Src/stm32f4xx_hal_tim_ex.o
 .comment       0x00000043       0x44 ./Drivers/STM32F4xx_HAL_Driver/Src/stm32f4xx_hal_uart.o

.debug_frame    0x00000000     0x61dc
 .debug_frame   0x00000000      0xb64 ./Core/Src/MIDI.o
 .debug_frame   0x00000b64       0xdc ./Core/Src/MidiHandlers.o
 .debug_frame   0x00000c40      0x178 ./Core/Src/adsr.o
 .debug_frame   0x00000db8      0x3b0 ./Core/Src/main.o
 .debug_frame   0x00001168      0x280 ./Core/Src/mcp4728_mod.o
 .debug_frame   0x000013e8       0x48 ./Core/Src/mygtukai.o
 .debug_frame   0x00001430      0x1ec ./Core/Src/stm32f4xx_hal_msp.o
 .debug_frame   0x0000161c      0x238 ./Core/Src/stm32f4xx_it.o
 .debug_frame   0x00001854       0x58 ./Core/Src/system_stm32f4xx.o
 .debug_frame   0x000018ac      0x374 ./Drivers/STM32F4xx_HAL_Driver/Src/stm32f4xx_hal.o
 .debug_frame   0x00001c20      0x508 ./Drivers/STM32F4xx_HAL_Driver/Src/stm32f4xx_hal_cortex.o
 .debug_frame   0x00002128      0x338 ./Drivers/STM32F4xx_HAL_Driver/Src/stm32f4xx_hal_dac.o
 .debug_frame   0x00002460      0x250 ./Drivers/STM32F4xx_HAL_Driver/Src/stm32f4xx_hal_dma.o
 .debug_frame   0x000026b0      0x14c ./Drivers/STM32F4xx_HAL_Driver/Src/stm32f4xx_hal_gpio.o
 .debug_frame   0x000027fc      0xc84 ./Drivers/STM32F4xx_HAL_Driver/Src/stm32f4xx_hal_i2c.o
 .debug_frame   0x00003480      0x1f4 ./Drivers/STM32F4xx_HAL_Driver/Src/stm32f4xx_hal_rcc.o
 .debug_frame   0x00003674      0x828 ./Drivers/STM32F4xx_HAL_Driver/Src/stm32f4xx_hal_spi.o
 .debug_frame   0x00003e9c     0x11c0 ./Drivers/STM32F4xx_HAL_Driver/Src/stm32f4xx_hal_tim.o
 .debug_frame   0x0000505c      0x638 ./Drivers/STM32F4xx_HAL_Driver/Src/stm32f4xx_hal_tim_ex.o
 .debug_frame   0x00005694      0x954 ./Drivers/STM32F4xx_HAL_Driver/Src/stm32f4xx_hal_uart.o
 .debug_frame   0x00005fe8       0x20 C:/ST/STM32CubeIDE_1.15.1/STM32CubeIDE/plugins/com.st.stm32cube.ide.mcu.externaltools.gnu-tools-for-stm32.13.3.rel1.win32_1.0.0.202411081344/tools/bin/../lib/gcc/arm-none-eabi/13.3.1/../../../../arm-none-eabi/lib/thumb/v7e-m+fp/hard\libc_nano.a(libc_a-memset.o)
 .debug_frame   0x00006008       0x2c C:/ST/STM32CubeIDE_1.15.1/STM32CubeIDE/plugins/com.st.stm32cube.ide.mcu.externaltools.gnu-tools-for-stm32.13.3.rel1.win32_1.0.0.202411081344/tools/bin/../lib/gcc/arm-none-eabi/13.3.1/../../../../arm-none-eabi/lib/thumb/v7e-m+fp/hard\libc_nano.a(libc_a-init.o)
 .debug_frame   0x00006034       0x28 C:/ST/STM32CubeIDE_1.15.1/STM32CubeIDE/plugins/com.st.stm32cube.ide.mcu.externaltools.gnu-tools-for-stm32.13.3.rel1.win32_1.0.0.202411081344/tools/bin/../lib/gcc/arm-none-eabi/13.3.1/../../../../arm-none-eabi/lib/thumb/v7e-m+fp/hard\libc_nano.a(libc_a-memcpy-stub.o)
 .debug_frame   0x0000605c       0xac C:/ST/STM32CubeIDE_1.15.1/STM32CubeIDE/plugins/com.st.stm32cube.ide.mcu.externaltools.gnu-tools-for-stm32.13.3.rel1.win32_1.0.0.202411081344/tools/bin/../lib/gcc/arm-none-eabi/13.3.1/thumb/v7e-m+fp/hard\libgcc.a(_arm_addsubdf3.o)
 .debug_frame   0x00006108       0x50 C:/ST/STM32CubeIDE_1.15.1/STM32CubeIDE/plugins/com.st.stm32cube.ide.mcu.externaltools.gnu-tools-for-stm32.13.3.rel1.win32_1.0.0.202411081344/tools/bin/../lib/gcc/arm-none-eabi/13.3.1/thumb/v7e-m+fp/hard\libgcc.a(_arm_muldivdf3.o)
 .debug_frame   0x00006158       0x24 C:/ST/STM32CubeIDE_1.15.1/STM32CubeIDE/plugins/com.st.stm32cube.ide.mcu.externaltools.gnu-tools-for-stm32.13.3.rel1.win32_1.0.0.202411081344/tools/bin/../lib/gcc/arm-none-eabi/13.3.1/thumb/v7e-m+fp/hard\libgcc.a(_arm_fixunsdfsi.o)