../Core/Src/main.cpp:105:5:int main()	32	static
../Core/Src/main.cpp:175:6:void SystemClock_Config()	112	static
../Core/Src/main.cpp:224:13:void MX_DAC1_Init()	24	static
../Core/Src/main.cpp:271:13:void MX_DAC2_Init()	24	static
../Core/Src/main.cpp:311:13:void MX_I2C1_Init()	8	static
../Core/Src/main.cpp:359:13:void MX_SPI2_Init()	8	static
../Core/Src/main.cpp:399:13:void MX_USART1_UART_Init()	8	static
../Core/Src/main.cpp:434:13:void MX_GPIO_Init()	48	static
../Core/Src/main.cpp:482:6:void HAL_UART_RxCpltCallback(UART_HandleTypeDef*)	16	static,ignoring_inline_asm
../Core/Src/main.cpp:486:6:void Handle_NoteOn(uint8_t, uint8_t, uint8_t)	40	static
../Core/Src/main.cpp:516:6:void Handle_NoteOff(uint8_t, uint8_t, uint8_t)	16	static
../Core/Src/main.cpp:532:6:void Handle_CC(uint8_t, uint8_t, uint8_t)	24	static
../Core/Src/main.cpp:544:6:void Error_Handler()	4	static,ignoring_inline_asm
../Core/Src/main.cpp:553:1:void __static_initialization_and_destruction_0(int, int)	16	static
../Core/Src/main.cpp:553:1:cpp)	8	static
../Core/Src/main.cpp:553:1:cpp)	8	static
